Archive member included to satisfy reference by file (symbol)

c:/program files (x86)/atmel/studio/7.0/toolchain/arm/arm-gnu-toolchain/bin/../lib/gcc/arm-none-eabi/6.2.1/thumb/v6-m\libgcc.a(_udivsi3.o)
                              src/ASF/sam0/drivers/nvm/nvm.o (__aeabi_uidiv)
c:/program files (x86)/atmel/studio/7.0/toolchain/arm/arm-gnu-toolchain/bin/../lib/gcc/arm-none-eabi/6.2.1/thumb/v6-m\libgcc.a(_divsi3.o)
                              src/main.o (__aeabi_idiv)
c:/program files (x86)/atmel/studio/7.0/toolchain/arm/arm-gnu-toolchain/bin/../lib/gcc/arm-none-eabi/6.2.1/thumb/v6-m\libgcc.a(_dvmd_tls.o)
                              c:/program files (x86)/atmel/studio/7.0/toolchain/arm/arm-gnu-toolchain/bin/../lib/gcc/arm-none-eabi/6.2.1/thumb/v6-m\libgcc.a(_udivsi3.o) (__aeabi_idiv0)
c:/program files (x86)/atmel/studio/7.0/toolchain/arm/arm-gnu-toolchain/bin/../lib/gcc/arm-none-eabi/6.2.1/thumb/v6-m\libgcc.a(_aeabi_uldivmod.o)
                              src/main.o (__aeabi_uldivmod)
c:/program files (x86)/atmel/studio/7.0/toolchain/arm/arm-gnu-toolchain/bin/../lib/gcc/arm-none-eabi/6.2.1/thumb/v6-m\libgcc.a(_muldi3.o)
                              src/ASF/sam0/drivers/sercom/sercom.o (__aeabi_lmul)
c:/program files (x86)/atmel/studio/7.0/toolchain/arm/arm-gnu-toolchain/bin/../lib/gcc/arm-none-eabi/6.2.1/thumb/v6-m\libgcc.a(_udivmoddi4.o)
                              c:/program files (x86)/atmel/studio/7.0/toolchain/arm/arm-gnu-toolchain/bin/../lib/gcc/arm-none-eabi/6.2.1/thumb/v6-m\libgcc.a(_aeabi_uldivmod.o) (__udivmoddi4)
c:/program files (x86)/atmel/studio/7.0/toolchain/arm/arm-gnu-toolchain/bin/../lib/gcc/arm-none-eabi/6.2.1/thumb/v6-m\libgcc.a(_clzdi2.o)
                              c:/program files (x86)/atmel/studio/7.0/toolchain/arm/arm-gnu-toolchain/bin/../lib/gcc/arm-none-eabi/6.2.1/thumb/v6-m\libgcc.a(_udivmoddi4.o) (__clzdi2)
c:/program files (x86)/atmel/studio/7.0/toolchain/arm/arm-gnu-toolchain/bin/../lib/gcc/arm-none-eabi/6.2.1/thumb/v6-m\libgcc.a(_clzsi2.o)
                              c:/program files (x86)/atmel/studio/7.0/toolchain/arm/arm-gnu-toolchain/bin/../lib/gcc/arm-none-eabi/6.2.1/thumb/v6-m\libgcc.a(_clzdi2.o) (__clzsi2)
c:/program files (x86)/atmel/studio/7.0/toolchain/arm/arm-gnu-toolchain/bin/../lib/gcc/arm-none-eabi/6.2.1/../../../../arm-none-eabi/lib/thumb/v6-m\libc_nano.a(lib_a-exit.o)
                              c:/program files (x86)/atmel/studio/7.0/toolchain/arm/arm-gnu-toolchain/bin/../lib/gcc/arm-none-eabi/6.2.1/../../../../arm-none-eabi/lib/thumb/v6-m/crt0.o (exit)
c:/program files (x86)/atmel/studio/7.0/toolchain/arm/arm-gnu-toolchain/bin/../lib/gcc/arm-none-eabi/6.2.1/../../../../arm-none-eabi/lib/thumb/v6-m\libc_nano.a(lib_a-impure.o)
                              c:/program files (x86)/atmel/studio/7.0/toolchain/arm/arm-gnu-toolchain/bin/../lib/gcc/arm-none-eabi/6.2.1/../../../../arm-none-eabi/lib/thumb/v6-m\libc_nano.a(lib_a-exit.o) (_global_impure_ptr)
c:/program files (x86)/atmel/studio/7.0/toolchain/arm/arm-gnu-toolchain/bin/../lib/gcc/arm-none-eabi/6.2.1/../../../../arm-none-eabi/lib/thumb/v6-m\libc_nano.a(lib_a-init.o)
                              c:/program files (x86)/atmel/studio/7.0/toolchain/arm/arm-gnu-toolchain/bin/../lib/gcc/arm-none-eabi/6.2.1/../../../../arm-none-eabi/lib/thumb/v6-m/crt0.o (__libc_init_array)
c:/program files (x86)/atmel/studio/7.0/toolchain/arm/arm-gnu-toolchain/bin/../lib/gcc/arm-none-eabi/6.2.1/../../../../arm-none-eabi/lib/thumb/v6-m\libc_nano.a(lib_a-memcpy-stub.o)
                              src/ASF/sam0/drivers/can/can.o (memcpy)
c:/program files (x86)/atmel/studio/7.0/toolchain/arm/arm-gnu-toolchain/bin/../lib/gcc/arm-none-eabi/6.2.1/../../../../arm-none-eabi/lib/thumb/v6-m\libc_nano.a(lib_a-memset.o)
                              c:/program files (x86)/atmel/studio/7.0/toolchain/arm/arm-gnu-toolchain/bin/../lib/gcc/arm-none-eabi/6.2.1/../../../../arm-none-eabi/lib/thumb/v6-m/crt0.o (memset)
c:/program files (x86)/atmel/studio/7.0/toolchain/arm/arm-gnu-toolchain/bin/../lib/gcc/arm-none-eabi/6.2.1/../../../../arm-none-eabi/lib/thumb/v6-m\libc_nano.a(lib_a-printf.o)
                              src/main.o (printf)
c:/program files (x86)/atmel/studio/7.0/toolchain/arm/arm-gnu-toolchain/bin/../lib/gcc/arm-none-eabi/6.2.1/../../../../arm-none-eabi/lib/thumb/v6-m\libc_nano.a(lib_a-puts.o)
                              src/main.o (puts)
c:/program files (x86)/atmel/studio/7.0/toolchain/arm/arm-gnu-toolchain/bin/../lib/gcc/arm-none-eabi/6.2.1/../../../../arm-none-eabi/lib/thumb/v6-m\libc_nano.a(lib_a-setbuf.o)
                              src/main.o (setbuf)
c:/program files (x86)/atmel/studio/7.0/toolchain/arm/arm-gnu-toolchain/bin/../lib/gcc/arm-none-eabi/6.2.1/../../../../arm-none-eabi/lib/thumb/v6-m\libc_nano.a(lib_a-setvbuf.o)
[...]
Memory Configuration

Name             Origin             Length             Attributes
rom              0x00000000         0x00040000         xr
ram              0x20000000         0x00008000         xrw
*default*        0x00000000         0xffffffff

Linker script and memory map

LOAD c:/program files (x86)/atmel/studio/7.0/toolchain/arm/arm-gnu-toolchain/bin/../lib/gcc/arm-none-eabi/6.2.1/thumb/v6-m/crti.o
LOAD c:/program files (x86)/atmel/studio/7.0/toolchain/arm/arm-gnu-toolchain/bin/../lib/gcc/arm-none-eabi/6.2.1/thumb/v6-m/crtbegin.o
LOAD c:/program files (x86)/atmel/studio/7.0/toolchain/arm/arm-gnu-toolchain/bin/../lib/gcc/arm-none-eabi/6.2.1/../../../../arm-none-eabi/lib/thumb/v6-m/crt0.o
LOAD src/ASF/sam0/drivers/adc/adc_sam_l_c/adc.o
LOAD src/ASF/sam0/drivers/adc/adc_sam_l_c/adc_callback.o
LOAD src/ASF/sam0/drivers/rtc/rtc_sam_l_c/rtc_calendar.o
LOAD src/ASF/sam0/drivers/rtc/rtc_sam_l_c/rtc_calendar_interrupt.o
LOAD src/ASF/sam0/drivers/tsens/tsens.o
LOAD src/ASF/sam0/drivers/tsens/tsens_callback.o
LOAD src/ASF/sam0/drivers/tcc/tcc.o
LOAD src/ASF/sam0/drivers/tcc/tcc_callback.o
LOAD src/ASF/sam0/drivers/events/events_hooks.o
LOAD src/ASF/sam0/drivers/events/events_sam_l_c/events.o
LOAD src/ASF/sam0/drivers/nvm/nvm.o
LOAD src/ASF/common/utils/interrupt/interrupt_sam_nvic.o
LOAD src/ASF/sam0/boards/samc21_xplained_pro/board_init.o
LOAD src/ASF/sam0/drivers/can/can.o
LOAD src/ASF/sam0/drivers/port/port.o
LOAD src/ASF/sam0/drivers/sercom/sercom.o
LOAD src/ASF/sam0/drivers/sercom/sercom_interrupt.o
LOAD src/ASF/sam0/drivers/sercom/usart/usart.o
LOAD src/ASF/sam0/drivers/sercom/usart/usart_interrupt.o
LOAD src/ASF/sam0/drivers/system/clock/clock_samc20_c21/clock.o
LOAD src/ASF/sam0/drivers/system/clock/clock_samc20_c21/gclk.o
LOAD src/ASF/sam0/drivers/system/interrupt/system_interrupt.o
LOAD src/ASF/sam0/drivers/system/pinmux/pinmux.o
LOAD src/ASF/sam0/drivers/system/system.o
LOAD src/ASF/sam0/utils/cmsis/samc21/source/gcc/startup_samc21.o
LOAD src/ASF/sam0/utils/cmsis/samc21/source/system_samc21.o
LOAD src/ASF/sam0/utils/stdio/read.o
LOAD src/ASF/sam0/utils/stdio/write.o
LOAD src/ASF/sam0/utils/syscalls/gcc/syscalls.o
LOAD src/main.o
START GROUP
LOAD ../src/ASF/thirdparty/CMSIS/Lib/GCC\libarm_cortexM0l_math.a
LOAD c:/program files (x86)/atmel/studio/7.0/toolchain/arm/arm-gnu-toolchain/bin/../lib/gcc/arm-none-eabi/6.2.1/../../../../arm-none-eabi/lib/thumb/v6-m\libm.a
END GROUP
START GROUP
LOAD c:/program files (x86)/atmel/studio/7.0/toolchain/arm/arm-gnu-toolchain/bin/../lib/gcc/arm-none-eabi/6.2.1/thumb/v6-m\libgcc.a
LOAD c:/program files (x86)/atmel/studio/7.0/toolchain/arm/arm-gnu-toolchain/bin/../lib/gcc/arm-none-eabi/6.2.1/../../../../arm-none-eabi/lib/thumb/v6-m\libc_nano.a
END GROUP
START GROUP
LOAD c:/program files (x86)/atmel/studio/7.0/toolchain/arm/arm-gnu-toolchain/bin/../lib/gcc/arm-none-eabi/6.2.1/thumb/v6-m\libgcc.a
LOAD c:/program files (x86)/atmel/studio/7.0/toolchain/arm/arm-gnu-toolchain/bin/../lib/gcc/arm-none-eabi/6.2.1/../../../../arm-none-eabi/lib/thumb/v6-m\libc_nano.a
END GROUP
LOAD c:/program files (x86)/atmel/studio/7.0/toolchain/arm/arm-gnu-toolchain/bin/../lib/gcc/arm-none-eabi/6.2.1/thumb/v6-m/crtend.o
LOAD c:/program files (x86)/atmel/studio/7.0/toolchain/arm/arm-gnu-toolchain/bin/../lib/gcc/arm-none-eabi/6.2.1/thumb/v6-m/crtn.o
                0x00002000                STACK_SIZE = DEFINED (STACK_SIZE)?STACK_SIZE:DEFINED (__stack_size__)?__stack_size__:0x2000

.text           0x00000000     0x5390
                0x00000000                . = ALIGN (0x4)
                0x00000000                _sfixed = .
 *(.vectors .vectors.*)
 .vectors       0x00000000       0xbc src/ASF/sam0/utils/cmsis/samc21/source/gcc/startup_samc21.o
                0x00000000                exception_table
 *(.text .text.* .gnu.linkonce.t.*)
 .text          0x000000bc       0x60 c:/program files (x86)/atmel/studio/7.0/toolchain/arm/arm-gnu-toolchain/bin/../lib/gcc/arm-none-eabi/6.2.1/thumb/v6-m/crtbegin.o
 .text._adc_get_inst_index
                0x0000011c       0x24 src/ASF/sam0/drivers/adc/adc_sam_l_c/adc.o
                0x0000011c                _adc_get_inst_index
 .text.adc_get_config_defaults
                0x00000140       0x44 src/ASF/sam0/drivers/adc/adc_sam_l_c/adc.o
                0x00000140                adc_get_config_defaults
 .text.adc_init
                0x00000184      0x4f8 src/ASF/sam0/drivers/adc/adc_sam_l_c/adc.o
                0x00000184                adc_init
 .text._adc_interrupt_handler
                0x0000067c       0xc4 src/ASF/sam0/drivers/adc/adc_sam_l_c/adc_callback.o
 .text.ADC0_Handler
                0x00000740       0x10 src/ASF/sam0/drivers/adc/adc_sam_l_c/adc_callback.o
                0x00000740                ADC0_Handler
 .text.ADC1_Handler
                0x00000750       0x10 src/ASF/sam0/drivers/adc/adc_sam_l_c/adc_callback.o
                0x00000750                ADC1_Handler
 .text.rtc_calendar_enable
                0x00000760       0x28 src/ASF/sam0/drivers/rtc/rtc_sam_l_c/rtc_calendar.o
                0x00000760                rtc_calendar_enable
 .text.rtc_calendar_disable
                0x00000788       0x34 src/ASF/sam0/drivers/rtc/rtc_sam_l_c/rtc_calendar.o
                0x00000788                rtc_calendar_disable
 .text.rtc_calendar_reset
                0x000007bc       0x30 src/ASF/sam0/drivers/rtc/rtc_sam_l_c/rtc_calendar.o
                0x000007bc                rtc_calendar_reset
 .text.rtc_calendar_time_to_register_value
                0x000007ec       0x3a src/ASF/sam0/drivers/rtc/rtc_sam_l_c/rtc_calendar.o
                0x000007ec                rtc_calendar_time_to_register_value
 .text.rtc_calendar_register_value_to_time
                0x00000826       0x3e src/ASF/sam0/drivers/rtc/rtc_sam_l_c/rtc_calendar.o
                0x00000826                rtc_calendar_register_value_to_time
 .text.rtc_calendar_set_time
                0x00000864       0x20 src/ASF/sam0/drivers/rtc/rtc_sam_l_c/rtc_calendar.o
                0x00000864                rtc_calendar_set_time
 .text.rtc_calendar_get_time
                0x00000884       0x18 src/ASF/sam0/drivers/rtc/rtc_sam_l_c/rtc_calendar.o
                0x00000884                rtc_calendar_get_time
 .text.rtc_calendar_set_alarm
                0x0000089c       0x44 src/ASF/sam0/drivers/rtc/rtc_sam_l_c/rtc_calendar.o
                0x0000089c                rtc_calendar_set_alarm
 .text.rtc_calendar_init
                0x000008e0       0x7c src/ASF/sam0/drivers/rtc/rtc_sam_l_c/rtc_calendar.o
                0x000008e0                rtc_calendar_init
 .text.rtc_calendar_register_callback
                0x0000095c       0x1e src/ASF/sam0/drivers/rtc/rtc_sam_l_c/rtc_calendar_interrupt.o
                0x0000095c                rtc_calendar_register_callback
 *fill*         0x0000097a        0x2 
 .text.rtc_calendar_enable_callback
                0x0000097c       0x44 src/ASF/sam0/drivers/rtc/rtc_sam_l_c/rtc_calendar_interrupt.o
                0x0000097c                rtc_calendar_enable_callback
 .text.RTC_Handler
                0x000009c0       0xa8 src/ASF/sam0/drivers/rtc/rtc_sam_l_c/rtc_calendar_interrupt.o
                0x000009c0                RTC_Handler
 .text.tsens_init
                0x00000a68       0xbc src/ASF/sam0/drivers/tsens/tsens.o
                0x00000a68                tsens_init
 .text.tsens_get_config_defaults
                0x00000b24       0x34 src/ASF/sam0/drivers/tsens/tsens.o
                0x00000b24                tsens_get_config_defaults
 .text.tsens_read
                0x00000b58       0x84 src/ASF/sam0/drivers/tsens/tsens.o
                0x00000b58                tsens_read
 .text.TSENS_Handler
                0x00000bdc       0x60 src/ASF/sam0/drivers/tsens/tsens_callback.o
                0x00000bdc                TSENS_Handler
 .text._tcc_interrupt_handler
                0x00000c3c       0x4c src/ASF/sam0/drivers/tcc/tcc_callback.o
                0x00000c3c                _tcc_interrupt_handler
 .text.TCC0_Handler
                0x00000c88       0x10 src/ASF/sam0/drivers/tcc/tcc_callback.o
                0x00000c88                TCC0_Handler
 .text.TCC1_Handler
                0x00000c98       0x10 src/ASF/sam0/drivers/tcc/tcc_callback.o
                0x00000c98                TCC1_Handler
 .text.TCC2_Handler
                0x00000ca8       0x10 src/ASF/sam0/drivers/tcc/tcc_callback.o
                0x00000ca8                TCC2_Handler
 .text.events_create_hook
                0x00000cb8        0xc src/ASF/sam0/drivers/events/events_hooks.o
                0x00000cb8                events_create_hook
 .text.events_add_hook
                0x00000cc4       0x34 src/ASF/sam0/drivers/events/events_hooks.o
                0x00000cc4                events_add_hook
 .text.events_enable_interrupt_source
                0x00000cf8       0x38 src/ASF/sam0/drivers/events/events_hooks.o
                0x00000cf8                events_enable_interrupt_source
 .text.events_is_interrupt_set
                0x00000d30       0x3c src/ASF/sam0/drivers/events/events_hooks.o
                0x00000d30                events_is_interrupt_set
 .text.events_ack_interrupt
                0x00000d6c       0x34 src/ASF/sam0/drivers/events/events_hooks.o
                0x00000d6c                events_ack_interrupt
 .text.EVSYS_Handler
                0x00000da0       0x3c src/ASF/sam0/drivers/events/events_hooks.o
                0x00000da0                EVSYS_Handler
 .text._events_find_bit_position
                0x00000ddc        0x8 src/ASF/sam0/drivers/events/events_sam_l_c/events.o
                0x00000ddc                _events_find_bit_position
 .text._system_events_init
                0x00000de4       0x20 src/ASF/sam0/drivers/events/events_sam_l_c/events.o
                0x00000de4                _system_events_init
 .text.events_get_config_defaults
                0x00000e04       0x12 src/ASF/sam0/drivers/events/events_sam_l_c/events.o
                0x00000e04                events_get_config_defaults
 *fill*         0x00000e16        0x2 
 .text.events_allocate
                0x00000e18       0xb4 src/ASF/sam0/drivers/events/events_sam_l_c/events.o
                0x00000e18                events_allocate
 .text.events_is_busy
                0x00000ecc       0x18 src/ASF/sam0/drivers/events/events_sam_l_c/events.o
                0x00000ecc                events_is_busy
 .text.events_attach_user
                0x00000ee4       0x20 src/ASF/sam0/drivers/events/events_sam_l_c/events.o
                0x00000ee4                events_attach_user
 .text.cpu_irq_enter_critical
                0x00000f04       0x40 src/ASF/common/utils/interrupt/interrupt_sam_nvic.o
                0x00000f04                cpu_irq_enter_critical
 .text.cpu_irq_leave_critical
                0x00000f44       0x30 src/ASF/common/utils/interrupt/interrupt_sam_nvic.o
                0x00000f44                cpu_irq_leave_critical
 .text.system_board_init
                0x00000f74       0x34 src/ASF/sam0/boards/samc21_xplained_pro/board_init.o
                0x00000f74                board_init
                0x00000f74                system_board_init
 .text._can_enable_peripheral_clock
                0x00000fa8       0x38 src/ASF/sam0/drivers/can/can.o
 .text.can_init
                0x00000fe0      0x2f4 src/ASF/sam0/drivers/can/can.o
                0x00000fe0                can_init
 .text.can_start
                0x000012d4       0x16 src/ASF/sam0/drivers/can/can.o
                0x000012d4                can_start
 *fill*         0x000012ea        0x2 
 .text.can_set_rx_standard_filter
                0x000012ec       0x3c src/ASF/sam0/drivers/can/can.o
                0x000012ec                can_set_rx_standard_filter
 .text.can_get_rx_buffer_element
                0x00001328       0x50 src/ASF/sam0/drivers/can/can.o
                0x00001328                can_get_rx_buffer_element
 .text.can_get_rx_fifo_0_element
                0x00001378       0x50 src/ASF/sam0/drivers/can/can.o
                0x00001378                can_get_rx_fifo_0_element
 .text.can_get_rx_fifo_1_element
                0x000013c8       0x50 src/ASF/sam0/drivers/can/can.o
                0x000013c8                can_get_rx_fifo_1_element
 .text.can_set_tx_buffer_element
                0x00001418       0x74 src/ASF/sam0/drivers/can/can.o
                0x00001418                can_set_tx_buffer_element
 .text.port_pin_set_config
                0x0000148c       0x24 src/ASF/sam0/drivers/port/port.o
                0x0000148c                port_pin_set_config
 .text._sercom_get_sync_baud_val
                0x000014b0       0x28 src/ASF/sam0/drivers/sercom/sercom.o
                0x000014b0                _sercom_get_sync_baud_val
 .text._sercom_get_async_baud_val
                0x000014d8      0x1d0 src/ASF/sam0/drivers/sercom/sercom.o
                0x000014d8                _sercom_get_async_baud_val
 .text.sercom_set_gclk_generator
                0x000016a8       0x4c src/ASF/sam0/drivers/sercom/sercom.o
                0x000016a8                sercom_set_gclk_generator
 .text._sercom_get_default_pad
                0x000016f4      0x17c src/ASF/sam0/drivers/sercom/sercom.o
                0x000016f4                _sercom_get_default_pad
 .text._sercom_get_sercom_inst_index
                0x00001870       0x38 src/ASF/sam0/drivers/sercom/sercom.o
                0x00001870                _sercom_get_sercom_inst_index
 .text._sercom_default_handler
                0x000018a8        0x2 src/ASF/sam0/drivers/sercom/sercom_interrupt.o
 *fill*         0x000018aa        0x2 
 .text._sercom_set_handler
                0x000018ac       0x3c src/ASF/sam0/drivers/sercom/sercom_interrupt.o
                0x000018ac                _sercom_set_handler
 .text._sercom_get_interrupt_vector
                0x000018e8       0x30 src/ASF/sam0/drivers/sercom/sercom_interrupt.o
                0x000018e8                _sercom_get_interrupt_vector
 .text.SERCOM0_Handler
                0x00001918       0x10 src/ASF/sam0/drivers/sercom/sercom_interrupt.o
                0x00001918                SERCOM0_Handler
 .text.SERCOM1_Handler
                0x00001928       0x10 src/ASF/sam0/drivers/sercom/sercom_interrupt.o
                0x00001928                SERCOM1_Handler
 .text.SERCOM2_Handler
                0x00001938       0x10 src/ASF/sam0/drivers/sercom/sercom_interrupt.o
                0x00001938                SERCOM2_Handler
 .text.SERCOM3_Handler
                0x00001948       0x10 src/ASF/sam0/drivers/sercom/sercom_interrupt.o
                0x00001948                SERCOM3_Handler
 .text.SERCOM4_Handler
                0x00001958       0x10 src/ASF/sam0/drivers/sercom/sercom_interrupt.o
                0x00001958                SERCOM4_Handler
 .text.SERCOM5_Handler
                0x00001968       0x10 src/ASF/sam0/drivers/sercom/sercom_interrupt.o
                0x00001968                SERCOM5_Handler
 .text.usart_init
                0x00001978      0x3a8 src/ASF/sam0/drivers/sercom/usart/usart.o
                0x00001978                usart_init
 .text.usart_write_wait
                0x00001d20       0x2c src/ASF/sam0/drivers/sercom/usart/usart.o
                0x00001d20                usart_write_wait
 .text.usart_read_wait
                0x00001d4c       0x70 src/ASF/sam0/drivers/sercom/usart/usart.o
                0x00001d4c                usart_read_wait
 .text._usart_interrupt_handler
                0x00001dbc      0x19c src/ASF/sam0/drivers/sercom/usart/usart_interrupt.o
                0x00001dbc                _usart_interrupt_handler
 .text.system_clock_source_get_hz
                0x00001f58       0x5c src/ASF/sam0/drivers/system/clock/clock_samc20_c21/clock.o
                0x00001f58                system_clock_source_get_hz
 .text.system_clock_source_xosc32k_set_config
                0x00001fb4       0xb4 src/ASF/sam0/drivers/system/clock/clock_samc20_c21/clock.o
                0x00001fb4                system_clock_source_xosc32k_set_config
 .text.system_clock_source_dpll_set_config
                0x00002068       0xc8 src/ASF/sam0/drivers/system/clock/clock_samc20_c21/clock.o
                0x00002068                system_clock_source_dpll_set_config
 .text.system_clock_source_enable
                0x00002130       0x74 src/ASF/sam0/drivers/system/clock/clock_samc20_c21/clock.o
                0x00002130                system_clock_source_enable
 .text.system_clock_init
                0x000021a4      0x13c src/ASF/sam0/drivers/system/clock/clock_samc20_c21/clock.o
                0x000021a4                system_clock_init
 .text.system_gclk_init
                0x000022e0       0x24 src/ASF/sam0/drivers/system/clock/clock_samc20_c21/gclk.o
                0x000022e0                system_gclk_init
 .text.system_gclk_gen_set_config
                0x00002304       0xac src/ASF/sam0/drivers/system/clock/clock_samc20_c21/gclk.o
                0x00002304                system_gclk_gen_set_config
 .text.system_gclk_gen_enable
                0x000023b0       0x40 src/ASF/sam0/drivers/system/clock/clock_samc20_c21/gclk.o
                0x000023b0                system_gclk_gen_enable
 .text.system_gclk_gen_get_hz
                0x000023f0       0x6c src/ASF/sam0/drivers/system/clock/clock_samc20_c21/gclk.o
                0x000023f0                system_gclk_gen_get_hz
 .text.system_gclk_chan_enable
                0x0000245c       0x38 src/ASF/sam0/drivers/system/clock/clock_samc20_c21/gclk.o
                0x0000245c                system_gclk_chan_enable
 .text.system_gclk_chan_disable
                0x00002494       0x38 src/ASF/sam0/drivers/system/clock/clock_samc20_c21/gclk.o
                0x00002494                system_gclk_chan_disable
 .text.system_gclk_chan_set_config
                0x000024cc       0x24 src/ASF/sam0/drivers/system/clock/clock_samc20_c21/gclk.o
                0x000024cc                system_gclk_chan_set_config
 .text.system_gclk_chan_get_hz
                0x000024f0       0x30 src/ASF/sam0/drivers/system/clock/clock_samc20_c21/gclk.o
                0x000024f0                system_gclk_chan_get_hz
 .text._system_pinmux_config
                0x00002520       0xa8 src/ASF/sam0/drivers/system/pinmux/pinmux.o
 .text.system_pinmux_pin_set_config
                0x000025c8       0x2c src/ASF/sam0/drivers/system/pinmux/pinmux.o
                0x000025c8                system_pinmux_pin_set_config
 .text._system_dummy_init
                0x000025f4        0x2 src/ASF/sam0/drivers/system/system.o
                0x000025f4                _system_extint_init
                0x000025f4                _system_dummy_init
                0x000025f4                _system_divas_init
 *fill*         0x000025f6        0x2 
 .text.system_init
                0x000025f8       0x2c src/ASF/sam0/drivers/system/system.o
                0x000025f8                system_init
 .text.Dummy_Handler
                0x00002624        0x2 src/ASF/sam0/utils/cmsis/samc21/source/gcc/startup_samc21.o
                0x00002624                DMAC_Handler
                0x00002624                HardFault_Handler
                0x00002624                TC2_Handler
                0x00002624                AC_Handler
                0x00002624                SysTick_Handler
                0x00002624                PendSV_Handler
                0x00002624                NMI_Handler
                0x00002624                EIC_Handler
                0x00002624                WDT_Handler
                0x00002624                TC4_Handler
                0x00002624                TC1_Handler
                0x00002624                TC3_Handler
                0x00002624                SDADC_Handler
                0x00002624                Dummy_Handler
                0x00002624                CAN1_Handler
                0x00002624                SVC_Handler
                0x00002624                NVMCTRL_Handler
                0x00002624                SYSTEM_Handler
                0x00002624                DAC_Handler
                0x00002624                PTC_Handler
                0x00002624                FREQM_Handler
                0x00002624                TC0_Handler
 *fill*         0x00002626        0x2 
 .text.Reset_Handler
                0x00002628       0x88 src/ASF/sam0/utils/cmsis/samc21/source/gcc/startup_samc21.o
                0x00002628                Reset_Handler
 .text._read    0x000026b0       0x44 src/ASF/sam0/utils/stdio/read.o
                0x000026b0                _read
 .text._write   0x000026f4       0x50 src/ASF/sam0/utils/stdio/write.o
                0x000026f4                _write
 .text._sbrk    0x00002744       0x24 src/ASF/sam0/utils/syscalls/gcc/syscalls.o
                0x00002744                _sbrk
 .text._close   0x00002768        0x6 src/ASF/sam0/utils/syscalls/gcc/syscalls.o
                0x00002768                _close
 .text._fstat   0x0000276e        0xa src/ASF/sam0/utils/syscalls/gcc/syscalls.o
                0x0000276e                _fstat
 .text._isatty  0x00002778        0x4 src/ASF/sam0/utils/syscalls/gcc/syscalls.o
                0x00002778                _isatty
 .text._lseek   0x0000277c        0x4 src/ASF/sam0/utils/syscalls/gcc/syscalls.o
                0x0000277c                _lseek
 .text.setParameter
                0x00002780        0x2 src/main.o
                0x00002780                setParameter
 *fill*         0x00002782        0x2 
 .text.can_send_standard_message
                0x00002784       0x6c src/main.o
 .text.send_battery_data
                0x000027f0       0xd0 src/main.o
                0x000027f0                send_battery_data
 .text.send_board_time_data
                0x000028c0       0x6c src/main.o
                0x000028c0                send_board_time_data
 .text.setTime  0x0000292c       0x58 src/main.o
                0x0000292c                setTime
 .text.usart_serial_getchar
                0x00002984       0x2c src/main.o
 .text.usart_serial_putchar
                0x000029b0       0x18 src/main.o
 .text.configure_port_pins
                0x000029c8       0x28 src/main.o
                0x000029c8                configure_port_pins
 .text.configure_adc
                0x000029f0       0x8c src/main.o
                0x000029f0                configure_adc
 .text.adc_sampling
                0x00002a7c      0x1cc src/main.o
                0x00002a7c                adc_sampling
 .text.battery_status_update
                0x00002c48       0x94 src/main.o
                0x00002c48                battery_status_update
 .text.charger_detection
                0x00002cdc       0x40 src/main.o
                0x00002cdc                charger_detection
 .text.ADC_event
                0x00002d1c       0x5c src/main.o
                0x00002d1c                ADC_event
 .text.processCommandMsg
                0x00002d78       0x68 src/main.o
                0x00002d78                processCommandMsg
 .text.execute_system_command
                0x00002de0       0x78 src/main.o
                0x00002de0                execute_system_command
 .text.battery_charge_calculation
                0x00002e58      0x170 src/main.o
                0x00002e58                battery_charge_calculation
 .text.rtc_match_callback
                0x00002fc8       0xc0 src/main.o
                0x00002fc8                rtc_match_callback
 .text.CAN0_Handler
                0x00003088      0x294 src/main.o
                0x00003088                CAN0_Handler
 .text.configure_rtc_calendar
                0x0000331c       0x94 src/main.o
                0x0000331c                configure_rtc_calendar
 .text.configure_rtc_callbacks
                0x000033b0       0x28 src/main.o
                0x000033b0                configure_rtc_callbacks
 .text.configure_tsens
                0x000033d8       0x30 src/main.o
                0x000033d8                configure_tsens
 .text.main     0x00003408      0x2f0 src/main.o
                0x00003408                main
 .text          0x000036f8      0x114 c:/program files (x86)/atmel/studio/7.0/toolchain/arm/arm-gnu-toolchain/bin/../lib/gcc/arm-none-eabi/6.2.1/thumb/v6-m\libgcc.a(_udivsi3.o)
                0x000036f8                __aeabi_uidiv
                0x000036f8                __udivsi3
                0x00003804                __aeabi_uidivmod
 .text          0x0000380c      0x1d4 c:/program files (x86)/atmel/studio/7.0/toolchain/arm/arm-gnu-toolchain/bin/../lib/gcc/arm-none-eabi/6.2.1/thumb/v6-m\libgcc.a(_divsi3.o)
                0x0000380c                __divsi3
                0x0000380c                __aeabi_idiv
                0x000039d8                __aeabi_idivmod
 .text          0x000039e0        0x4 c:/program files (x86)/atmel/studio/7.0/toolchain/arm/arm-gnu-toolchain/bin/../lib/gcc/arm-none-eabi/6.2.1/thumb/v6-m\libgcc.a(_dvmd_tls.o)
                0x000039e0                __aeabi_idiv0
                0x000039e0                __aeabi_ldiv0
 .text          0x000039e4       0x40 c:/program files (x86)/atmel/studio/7.0/toolchain/arm/arm-gnu-toolchain/bin/../lib/gcc/arm-none-eabi/6.2.1/thumb/v6-m\libgcc.a(_aeabi_uldivmod.o)
                0x000039e4                __aeabi_uldivmod
 .text          0x00003a24       0x54 c:/program files (x86)/atmel/studio/7.0/toolchain/arm/arm-gnu-toolchain/bin/../lib/gcc/arm-none-eabi/6.2.1/thumb/v6-m\libgcc.a(_muldi3.o)
                0x00003a24                __muldi3
                0x00003a24                __aeabi_lmul
 .text          0x00003a78      0x180 c:/program files (x86)/atmel/studio/7.0/toolchain/arm/arm-gnu-toolchain/bin/../lib/gcc/arm-none-eabi/6.2.1/thumb/v6-m\libgcc.a(_udivmoddi4.o)
                0x00003a78                __udivmoddi4
 .text          0x00003bf8       0x18 c:/program files (x86)/atmel/studio/7.0/toolchain/arm/arm-gnu-toolchain/bin/../lib/gcc/arm-none-eabi/6.2.1/thumb/v6-m\libgcc.a(_clzdi2.o)
                0x00003bf8                __clzdi2
 .text          0x00003c10       0x3c c:/program files (x86)/atmel/studio/7.0/toolchain/arm/arm-gnu-toolchain/bin/../lib/gcc/arm-none-eabi/6.2.1/thumb/v6-m\libgcc.a(_clzsi2.o)
                0x00003c10                __clzsi2
 .text.__libc_init_array
                0x00003c4c       0x48 c:/program files (x86)/atmel/studio/7.0/toolchain/arm/arm-gnu-toolchain/bin/../lib/gcc/arm-none-eabi/6.2.1/../../../../arm-none-eabi/lib/thumb/v6-m\libc_nano.a(lib_a-init.o)
                0x00003c4c                __libc_init_array
 .text.memcpy   0x00003c94       0x12 c:/program files (x86)/atmel/studio/7.0/toolchain/arm/arm-gnu-toolchain/bin/../lib/gcc/arm-none-eabi/6.2.1/../../../../arm-none-eabi/lib/thumb/v6-m\libc_nano.a(lib_a-memcpy-stub.o)
                0x00003c94                memcpy
 .text.memset   0x00003ca6       0x10 c:/program files (x86)/atmel/studio/7.0/toolchain/arm/arm-gnu-toolchain/bin/../lib/gcc/arm-none-eabi/6.2.1/../../../../arm-none-eabi/lib/thumb/v6-m\libc_nano.a(lib_a-memset.o)
                0x00003ca6                memset
 *fill*         0x00003cb6        0x2 
 .text.printf   0x00003cb8       0x34 c:/program files (x86)/atmel/studio/7.0/toolchain/arm/arm-gnu-toolchain/bin/../lib/gcc/arm-none-eabi/6.2.1/../../../../arm-none-eabi/lib/thumb/v6-m\libc_nano.a(lib_a-printf.o)
                0x00003cb8                iprintf
                0x00003cb8                printf
 .text._puts_r  0x00003cec       0xc0 c:/program files (x86)/atmel/studio/7.0/toolchain/arm/arm-gnu-toolchain/bin/../lib/gcc/arm-none-eabi/6.2.1/../../../../arm-none-eabi/lib/thumb/v6-m\libc_nano.a(lib_a-puts.o)
                0x00003cec                _puts_r
 .text.puts     0x00003dac       0x14 c:/program files (x86)/atmel/studio/7.0/toolchain/arm/arm-gnu-toolchain/bin/../lib/gcc/arm-none-eabi/6.2.1/../../../../arm-none-eabi/lib/thumb/v6-m\libc_nano.a(lib_a-puts.o)
                0x00003dac                puts
 .text.setbuf   0x00003dc0       0x12 c:/program files (x86)/atmel/studio/7.0/toolchain/arm/arm-gnu-toolchain/bin/../lib/gcc/arm-none-eabi/6.2.1/../../../../arm-none-eabi/lib/thumb/v6-m\libc_nano.a(lib_a-setbuf.o)
                0x00003dc0                setbuf
 *fill*         0x00003dd2        0x2 
 .text.setvbuf  0x00003dd4      0x158 c:/program files (x86)/atmel/studio/7.0/toolchain/arm/arm-gnu-toolchain/bin/../lib/gcc/arm-none-eabi/6.2.1/../../../../arm-none-eabi/lib/thumb/v6-m\libc_nano.a(lib_a-setvbuf.o)
                0x00003dd4                setvbuf
 .text.__swbuf_r
                0x00003f2c       0xac c:/program files (x86)/atmel/studio/7.0/toolchain/arm/arm-gnu-toolchain/bin/../lib/gcc/arm-none-eabi/6.2.1/../../../../arm-none-eabi/lib/thumb/v6-m\libc_nano.a(lib_a-wbuf.o)
                0x00003f2c                __swbuf_r
 .text.__swsetup_r
                0x00003fd8       0xec c:/program files (x86)/atmel/studio/7.0/toolchain/arm/arm-gnu-toolchain/bin/../lib/gcc/arm-none-eabi/6.2.1/../../../../arm-none-eabi/lib/thumb/v6-m\libc_nano.a(lib_a-wsetup.o)
                0x00003fd8                __swsetup_r
 .text.__sflush_r
                0x000040c4      0x114 c:/program files (x86)/atmel/studio/7.0/toolchain/arm/arm-gnu-toolchain/bin/../lib/gcc/arm-none-eabi/6.2.1/../../../../arm-none-eabi/lib/thumb/v6-m\libc_nano.a(lib_a-fflush.o)
                0x000040c4                __sflush_r
 .text._fflush_r
                0x000041d8       0x58 c:/program files (x86)/atmel/studio/7.0/toolchain/arm/arm-gnu-toolchain/bin/../lib/gcc/arm-none-eabi/6.2.1/../../../../arm-none-eabi/lib/thumb/v6-m\libc_nano.a(lib_a-fflush.o)
                0x000041d8                _fflush_r
 .text._cleanup_r
                0x00004230       0x10 c:/program files (x86)/atmel/studio/7.0/toolchain/arm/arm-gnu-toolchain/bin/../lib/gcc/arm-none-eabi/6.2.1/../../../../arm-none-eabi/lib/thumb/v6-m\libc_nano.a(lib_a-findfp.o)
                0x00004230                _cleanup_r
 .text.std.isra.0
                0x00004240       0x48 c:/program files (x86)/atmel/studio/7.0/toolchain/arm/arm-gnu-toolchain/bin/../lib/gcc/arm-none-eabi/6.2.1/../../../../arm-none-eabi/lib/thumb/v6-m\libc_nano.a(lib_a-findfp.o)
 .text.__sfmoreglue
                0x00004288       0x2c c:/program files (x86)/atmel/studio/7.0/toolchain/arm/arm-gnu-toolchain/bin/../lib/gcc/arm-none-eabi/6.2.1/../../../../arm-none-eabi/lib/thumb/v6-m\libc_nano.a(lib_a-findfp.o)
                0x00004288                __sfmoreglue
 .text.__sinit  0x000042b4       0x68 c:/program files (x86)/atmel/studio/7.0/toolchain/arm/arm-gnu-toolchain/bin/../lib/gcc/arm-none-eabi/6.2.1/../../../../arm-none-eabi/lib/thumb/v6-m\libc_nano.a(lib_a-findfp.o)
                0x000042b4                __sinit
 .text.__sfp    0x0000431c       0x80 c:/program files (x86)/atmel/studio/7.0/toolchain/arm/arm-gnu-toolchain/bin/../lib/gcc/arm-none-eabi/6.2.1/../../../../arm-none-eabi/lib/thumb/v6-m\libc_nano.a(lib_a-findfp.o)
                0x0000431c                __sfp
 .text._fwalk_reent
                0x0000439c       0x42 c:/program files (x86)/atmel/studio/7.0/toolchain/arm/arm-gnu-toolchain/bin/../lib/gcc/arm-none-eabi/6.2.1/../../../../arm-none-eabi/lib/thumb/v6-m\libc_nano.a(lib_a-fwalk.o)
                0x0000439c                _fwalk_reent
 *fill*         0x000043de        0x2 
 .text.__swhatbuf_r
                0x000043e0       0x50 c:/program files (x86)/atmel/studio/7.0/toolchain/arm/arm-gnu-toolchain/bin/../lib/gcc/arm-none-eabi/6.2.1/../../../../arm-none-eabi/lib/thumb/v6-m\libc_nano.a(lib_a-makebuf.o)
                0x000043e0                __swhatbuf_r
 .text.__smakebuf_r
                0x00004430       0x7c c:/program files (x86)/atmel/studio/7.0/toolchain/arm/arm-gnu-toolchain/bin/../lib/gcc/arm-none-eabi/6.2.1/../../../../arm-none-eabi/lib/thumb/v6-m\libc_nano.a(lib_a-makebuf.o)
                0x00004430                __smakebuf_r
 .text.malloc   0x000044ac       0x14 c:/program files (x86)/atmel/studio/7.0/toolchain/arm/arm-gnu-toolchain/bin/../lib/gcc/arm-none-eabi/6.2.1/../../../../arm-none-eabi/lib/thumb/v6-m\libc_nano.a(lib_a-malloc.o)
                0x000044ac                malloc
 .text._free_r  0x000044c0       0x94 c:/program files (x86)/atmel/studio/7.0/toolchain/arm/arm-gnu-toolchain/bin/../lib/gcc/arm-none-eabi/6.2.1/../../../../arm-none-eabi/lib/thumb/v6-m\libc_nano.a(lib_a-nano-freer.o)
                0x000044c0                _free_r
 .text._malloc_r
                0x00004554       0xbc c:/program files (x86)/atmel/studio/7.0/toolchain/arm/arm-gnu-toolchain/bin/../lib/gcc/arm-none-eabi/6.2.1/../../../../arm-none-eabi/lib/thumb/v6-m\libc_nano.a(lib_a-nano-mallocr.o)
                0x00004554                _malloc_r
 .text.__sfputc_r
                0x00004610       0x2a c:/program files (x86)/atmel/studio/7.0/toolchain/arm/arm-gnu-toolchain/bin/../lib/gcc/arm-none-eabi/6.2.1/../../../../arm-none-eabi/lib/thumb/v6-m\libc_nano.a(lib_a-nano-vfprintf.o)
 .text.__sfputs_r
                0x0000463a       0x24 c:/program files (x86)/atmel/studio/7.0/toolchain/arm/arm-gnu-toolchain/bin/../lib/gcc/arm-none-eabi/6.2.1/../../../../arm-none-eabi/lib/thumb/v6-m\libc_nano.a(lib_a-nano-vfprintf.o)
                0x0000463a                __sfputs_r
 *fill*         0x0000465e        0x2 
 .text._vfprintf_r
                0x00004660      0x238 c:/program files (x86)/atmel/studio/7.0/toolchain/arm/arm-gnu-toolchain/bin/../lib/gcc/arm-none-eabi/6.2.1/../../../../arm-none-eabi/lib/thumb/v6-m\libc_nano.a(lib_a-nano-vfprintf.o)
                0x00004660                _vfprintf_r
                0x00004660                _vfiprintf_r
 .text._printf_common
                0x00004898       0xda c:/program files (x86)/atmel/studio/7.0/toolchain/arm/arm-gnu-toolchain/bin/../lib/gcc/arm-none-eabi/6.2.1/../../../../arm-none-eabi/lib/thumb/v6-m\libc_nano.a(lib_a-nano-vfprintf_i.o)
                0x00004898                _printf_common
 *fill*         0x00004972        0x2 
 .text._printf_i
                0x00004974      0x234 c:/program files (x86)/atmel/studio/7.0/toolchain/arm/arm-gnu-toolchain/bin/../lib/gcc/arm-none-eabi/6.2.1/../../../../arm-none-eabi/lib/thumb/v6-m\libc_nano.a(lib_a-nano-vfprintf_i.o)
                0x00004974                _printf_i
 .text._sbrk_r  0x00004ba8       0x24 c:/program files (x86)/atmel/studio/7.0/toolchain/arm/arm-gnu-toolchain/bin/../lib/gcc/arm-none-eabi/6.2.1/../../../../arm-none-eabi/lib/thumb/v6-m\libc_nano.a(lib_a-sbrkr.o)
                0x00004ba8                _sbrk_r
 .text.__sread  0x00004bcc       0x28 c:/program files (x86)/atmel/studio/7.0/toolchain/arm/arm-gnu-toolchain/bin/../lib/gcc/arm-none-eabi/6.2.1/../../../../arm-none-eabi/lib/thumb/v6-m\libc_nano.a(lib_a-stdio.o)
                0x00004bcc                __sread
 .text.__swrite
                0x00004bf4       0x38 c:/program files (x86)/atmel/studio/7.0/toolchain/arm/arm-gnu-toolchain/bin/../lib/gcc/arm-none-eabi/6.2.1/../../../../arm-none-eabi/lib/thumb/v6-m\libc_nano.a(lib_a-stdio.o)
                0x00004bf4                __swrite
 .text.__sseek  0x00004c2c       0x2c c:/program files (x86)/atmel/studio/7.0/toolchain/arm/arm-gnu-toolchain/bin/../lib/gcc/arm-none-eabi/6.2.1/../../../../arm-none-eabi/lib/thumb/v6-m\libc_nano.a(lib_a-stdio.o)
                0x00004c2c                __sseek
 .text.__sclose
                0x00004c58        0xc c:/program files (x86)/atmel/studio/7.0/toolchain/arm/arm-gnu-toolchain/bin/../lib/gcc/arm-none-eabi/6.2.1/../../../../arm-none-eabi/lib/thumb/v6-m\libc_nano.a(lib_a-stdio.o)
                0x00004c58                __sclose
 .text._write_r
                0x00004c64       0x28 c:/program files (x86)/atmel/studio/7.0/toolchain/arm/arm-gnu-toolchain/bin/../lib/gcc/arm-none-eabi/6.2.1/../../../../arm-none-eabi/lib/thumb/v6-m\libc_nano.a(lib_a-writer.o)
                0x00004c64                _write_r
 .text._close_r
                0x00004c8c       0x24 c:/program files (x86)/atmel/studio/7.0/toolchain/arm/arm-gnu-toolchain/bin/../lib/gcc/arm-none-eabi/6.2.1/../../../../arm-none-eabi/lib/thumb/v6-m\libc_nano.a(lib_a-closer.o)
                0x00004c8c                _close_r
 .text._fstat_r
                0x00004cb0       0x24 c:/program files (x86)/atmel/studio/7.0/toolchain/arm/arm-gnu-toolchain/bin/../lib/gcc/arm-none-eabi/6.2.1/../../../../arm-none-eabi/lib/thumb/v6-m\libc_nano.a(lib_a-fstatr.o)
                0x00004cb0                _fstat_r
 .text._isatty_r
                0x00004cd4       0x24 c:/program files (x86)/atmel/studio/7.0/toolchain/arm/arm-gnu-toolchain/bin/../lib/gcc/arm-none-eabi/6.2.1/../../../../arm-none-eabi/lib/thumb/v6-m\libc_nano.a(lib_a-isattyr.o)
                0x00004cd4                _isatty_r
 .text._lseek_r
                0x00004cf8       0x28 c:/program files (x86)/atmel/studio/7.0/toolchain/arm/arm-gnu-toolchain/bin/../lib/gcc/arm-none-eabi/6.2.1/../../../../arm-none-eabi/lib/thumb/v6-m\libc_nano.a(lib_a-lseekr.o)
                0x00004cf8                _lseek_r
 .text.memchr   0x00004d20       0x16 c:/program files (x86)/atmel/studio/7.0/toolchain/arm/arm-gnu-toolchain/bin/../lib/gcc/arm-none-eabi/6.2.1/../../../../arm-none-eabi/lib/thumb/v6-m\libc_nano.a(lib_a-memchr-stub.o)
                0x00004d20                memchr
 .text.__malloc_lock
                0x00004d36        0x2 c:/program files (x86)/atmel/studio/7.0/toolchain/arm/arm-gnu-toolchain/bin/../lib/gcc/arm-none-eabi/6.2.1/../../../../arm-none-eabi/lib/thumb/v6-m\libc_nano.a(lib_a-mlock.o)
                0x00004d36                __malloc_lock
 .text.__malloc_unlock
                0x00004d38        0x2 c:/program files (x86)/atmel/studio/7.0/toolchain/arm/arm-gnu-toolchain/bin/../lib/gcc/arm-none-eabi/6.2.1/../../../../arm-none-eabi/lib/thumb/v6-m\libc_nano.a(lib_a-mlock.o)
                0x00004d38                __malloc_unlock
 *fill*         0x00004d3a        0x2 
 .text._read_r  0x00004d3c       0x28 c:/program files (x86)/atmel/studio/7.0/toolchain/arm/arm-gnu-toolchain/bin/../lib/gcc/arm-none-eabi/6.2.1/../../../../arm-none-eabi/lib/thumb/v6-m\libc_nano.a(lib_a-readr.o)
                0x00004d3c                _read_r
 *(.glue_7t)
 .glue_7t       0x00004d64        0x0 linker stubs
 *(.glue_7)
 .glue_7        0x00004d64        0x0 linker stubs
 *(.rodata .rodata* .gnu.linkonce.r.*)
 .rodata.adc_init
                0x00004d64       0xd4 src/ASF/sam0/drivers/adc/adc_sam_l_c/adc.o
 .rodata        0x00004e38       0x60 src/ASF/sam0/drivers/adc/adc_sam_l_c/adc.o
 .rodata._adc_apbcmasks
                0x00004e98        0x8 src/ASF/sam0/drivers/adc/adc_sam_l_c/adc.o
                0x00004e98                _adc_apbcmasks
 .rodata._adc_biascomp_addr
                0x00004ea0        0x8 src/ASF/sam0/drivers/adc/adc_sam_l_c/adc.o
                0x00004ea0                _adc_biascomp_addr
 .rodata._adc_biascomp_pos
                0x00004ea8        0x2 src/ASF/sam0/drivers/adc/adc_sam_l_c/adc.o
                0x00004ea8                _adc_biascomp_pos
 *fill*         0x00004eaa        0x2 
 .rodata._adc_biasrefbuf_addr
                0x00004eac        0x8 src/ASF/sam0/drivers/adc/adc_sam_l_c/adc.o
                0x00004eac                _adc_biasrefbuf_addr
 .rodata._adc_biasrefbuf_pos
                0x00004eb4        0x2 src/ASF/sam0/drivers/adc/adc_sam_l_c/adc.o
                0x00004eb4                _adc_biasrefbuf_pos
 *fill*         0x00004eb6        0x2 
 .rodata._adc_extchannel_msb
                0x00004eb8        0x8 src/ASF/sam0/drivers/adc/adc_sam_l_c/adc.o
                0x00004eb8                _adc_extchannel_msb
 .rodata._adc_gclk_ids
                0x00004ec0        0x2 src/ASF/sam0/drivers/adc/adc_sam_l_c/adc.o
                0x00004ec0                _adc_gclk_ids
 *fill*         0x00004ec2        0x2 
 .rodata._tcc_intflag
                0x00004ec4       0x30 src/ASF/sam0/drivers/tcc/tcc_callback.o
                0x00004ec4                _tcc_intflag
 .rodata        0x00004ef4       0x18 src/ASF/sam0/drivers/sercom/sercom.o
 .rodata.system_clock_source_get_hz
                0x00004f0c       0x20 src/ASF/sam0/drivers/system/clock/clock_samc20_c21/clock.o
 .rodata.system_clock_source_enable
                0x00004f2c       0x20 src/ASF/sam0/drivers/system/clock/clock_samc20_c21/clock.o
 .rodata.CAN0_Handler.str1.4
                0x00004f4c      0x1ad src/main.o
 *fill*         0x000050f9        0x3 
 .rodata.adc_interrupt_vectors.13786
                0x000050fc        0x2 src/main.o
 *fill*         0x000050fe        0x2 
 .rodata.adc_sampling.str1.4
                0x00005100       0x82 src/main.o
 *fill*         0x00005182        0x2 
 .rodata.battery_charge_calculation.str1.4
                0x00005184       0x1c src/main.o
 .rodata.battery_status_update.str1.4
                0x000051a0       0x3a src/main.o
 *fill*         0x000051da        0x2 
 .rodata.charger_detection.str1.4
                0x000051dc       0x15 src/main.o
 *fill*         0x000051f1        0x3 
 .rodata.execute_system_command.str1.4
                0x000051f4       0x12 src/main.o
 *fill*         0x00005206        0x2 
 .rodata.main.str1.4
                0x00005208       0x13 src/main.o
 *fill*         0x0000521b        0x1 
 .rodata.rtc_match_callback.str1.4
                0x0000521c        0xe src/main.o
                                 0x16 (size before relaxing)
 *fill*         0x0000522a        0x2 
 .rodata.send_battery_data.str1.4
                0x0000522c       0x8d src/main.o
 *fill*         0x000052b9        0x3 
 .rodata.setTime.str1.4
                0x000052bc       0x1c src/main.o
                                 0x1b (size before relaxing)
 .rodata._global_impure_ptr
                0x000052d8        0x4 c:/program files (x86)/atmel/studio/7.0/toolchain/arm/arm-gnu-toolchain/bin/../lib/gcc/arm-none-eabi/6.2.1/../../../../arm-none-eabi/lib/thumb/v6-m\libc_nano.a(lib_a-impure.o)
                0x000052d8                _global_impure_ptr
 .rodata.__sf_fake_stderr
                0x000052dc       0x20 c:/program files (x86)/atmel/studio/7.0/toolchain/arm/arm-gnu-toolchain/bin/../lib/gcc/arm-none-eabi/6.2.1/../../../../arm-none-eabi/lib/thumb/v6-m\libc_nano.a(lib_a-findfp.o)
                0x000052dc                __sf_fake_stderr
 .rodata.__sf_fake_stdin
                0x000052fc       0x20 c:/program files (x86)/atmel/studio/7.0/toolchain/arm/arm-gnu-toolchain/bin/../lib/gcc/arm-none-eabi/6.2.1/../../../../arm-none-eabi/lib/thumb/v6-m\libc_nano.a(lib_a-findfp.o)
                0x000052fc                __sf_fake_stdin
 .rodata.__sf_fake_stdout
                0x0000531c       0x20 c:/program files (x86)/atmel/studio/7.0/toolchain/arm/arm-gnu-toolchain/bin/../lib/gcc/arm-none-eabi/6.2.1/../../../../arm-none-eabi/lib/thumb/v6-m\libc_nano.a(lib_a-findfp.o)
                0x0000531c                __sf_fake_stdout
 .rodata._vfprintf_r.str1.1
                0x0000533c       0x11 c:/program files (x86)/atmel/studio/7.0/toolchain/arm/arm-gnu-toolchain/bin/../lib/gcc/arm-none-eabi/6.2.1/../../../../arm-none-eabi/lib/thumb/v6-m\libc_nano.a(lib_a-nano-vfprintf.o)
 .rodata._printf_i.str1.1
                0x0000534d       0x22 c:/program files (x86)/atmel/studio/7.0/toolchain/arm/arm-gnu-toolchain/bin/../lib/gcc/arm-none-eabi/6.2.1/../../../../arm-none-eabi/lib/thumb/v6-m\libc_nano.a(lib_a-nano-vfprintf_i.o)
 *(.ARM.extab* .gnu.linkonce.armextab.*)
                0x00005370                . = ALIGN (0x4)
 *fill*         0x0000536f        0x1 
 *(.init)
 .init          0x00005370        0x4 c:/program files (x86)/atmel/studio/7.0/toolchain/arm/arm-gnu-toolchain/bin/../lib/gcc/arm-none-eabi/6.2.1/thumb/v6-m/crti.o
                0x00005370                _init
 .init          0x00005374        0x8 c:/program files (x86)/atmel/studio/7.0/toolchain/arm/arm-gnu-toolchain/bin/../lib/gcc/arm-none-eabi/6.2.1/thumb/v6-m/crtn.o
                0x0000537c                . = ALIGN (0x4)
                0x0000537c                __preinit_array_start = .
 *(.preinit_array)
                0x0000537c                __preinit_array_end = .
                0x0000537c                . = ALIGN (0x4)
                0x0000537c                __init_array_start = .
 *(SORT(.init_array.*))
 *(.init_array)
 .init_array    0x0000537c        0x4 c:/program files (x86)/atmel/studio/7.0/toolchain/arm/arm-gnu-toolchain/bin/../lib/gcc/arm-none-eabi/6.2.1/thumb/v6-m/crtbegin.o
                0x00005380                __init_array_end = .
                0x00005380                . = ALIGN (0x4)
 *crtbegin.o(.ctors)
 *(EXCLUDE_FILE(*crtend.o) .ctors)
 *(SORT(.ctors.*))
 *crtend.o(.ctors)
                0x00005380                . = ALIGN (0x4)
 *(.fini)
 .fini          0x00005380        0x4 c:/program files (x86)/atmel/studio/7.0/toolchain/arm/arm-gnu-toolchain/bin/../lib/gcc/arm-none-eabi/6.2.1/thumb/v6-m/crti.o
                0x00005380                _fini
 .fini          0x00005384        0x8 c:/program files (x86)/atmel/studio/7.0/toolchain/arm/arm-gnu-toolchain/bin/../lib/gcc/arm-none-eabi/6.2.1/thumb/v6-m/crtn.o
                0x0000538c                . = ALIGN (0x4)
                0x0000538c                __fini_array_start = .
 *(.fini_array)
 .fini_array    0x0000538c        0x4 c:/program files (x86)/atmel/studio/7.0/toolchain/arm/arm-gnu-toolchain/bin/../lib/gcc/arm-none-eabi/6.2.1/thumb/v6-m/crtbegin.o
 *(SORT(.fini_array.*))
                0x00005390                __fini_array_end = .
 *crtbegin.o(.dtors)
 *(EXCLUDE_FILE(*crtend.o) .dtors)
 *(SORT(.dtors.*))
 *crtend.o(.dtors)
                0x00005390                . = ALIGN (0x4)
                0x00005390                _efixed = .
                [!provide]                PROVIDE (__exidx_start, .)

.vfp11_veneer   0x00005390        0x0
 .vfp11_veneer  0x00005390        0x0 linker stubs

.v4_bx          0x00005390        0x0
 .v4_bx         0x00005390        0x0 linker stubs

.iplt           0x00005390        0x0
 .iplt          0x00005390        0x0 c:/program files (x86)/atmel/studio/7.0/toolchain/arm/arm-gnu-toolchain/bin/../lib/gcc/arm-none-eabi/6.2.1/thumb/v6-m/crtbegin.o

.ARM.exidx      0x00005390        0x8
 *(.ARM.exidx* .gnu.linkonce.armexidx.*)
 .ARM.exidx     0x00005390        0x8 c:/program files (x86)/atmel/studio/7.0/toolchain/arm/arm-gnu-toolchain/bin/../lib/gcc/arm-none-eabi/6.2.1/thumb/v6-m\libgcc.a(_udivmoddi4.o)
                [!provide]                PROVIDE (__exidx_end, .)

.eh_frame       0x00005398        0x0
 .eh_frame      0x00005398        0x0 c:/program files (x86)/atmel/studio/7.0/toolchain/arm/arm-gnu-toolchain/bin/../lib/gcc/arm-none-eabi/6.2.1/thumb/v6-m/crtbegin.o

.rel.dyn        0x00005398        0x0
 .rel.iplt      0x00005398        0x0 c:/program files (x86)/atmel/studio/7.0/toolchain/arm/arm-gnu-toolchain/bin/../lib/gcc/arm-none-eabi/6.2.1/thumb/v6-m/crtbegin.o

.jcr            0x00005398        0x0
 .jcr           0x00005398        0x0 c:/program files (x86)/atmel/studio/7.0/toolchain/arm/arm-gnu-toolchain/bin/../lib/gcc/arm-none-eabi/6.2.1/thumb/v6-m/crtbegin.o

.igot.plt       0x00005398        0x0
 .igot.plt      0x00005398        0x0 c:/program files (x86)/atmel/studio/7.0/toolchain/arm/arm-gnu-toolchain/bin/../lib/gcc/arm-none-eabi/6.2.1/thumb/v6-m/crtbegin.o
                0x00005398                . = ALIGN (0x4)
                0x00005398                _etext = .

.relocate       0x20000000       0x94 load address 0x00005398
                0x20000000                . = ALIGN (0x4)
                0x20000000                _srelocate = .
 *(.ramfunc .ramfunc.*)
 *(.data .data.*)
 .data._events_inst
                0x20000000       0x14 src/ASF/sam0/drivers/events/events_sam_l_c/events.o
                0x20000000                _events_inst
 .data.g_interrupt_enabled
                0x20000014        0x1 src/ASF/common/utils/interrupt/interrupt_sam_nvic.o
                0x20000014                g_interrupt_enabled
 *fill*         0x20000015        0x3 
 .data.calibrated_battery_capacity
                0x20000018        0x4 src/main.o
                0x20000018                calibrated_battery_capacity
 .data.requestAction
                0x2000001c        0x8 src/main.o
                0x2000001c                requestAction
 .data.second_count.16120
                0x20000024        0x1 src/main.o
 *fill*         0x20000025        0x3 
 .data.setAction
                0x20000028        0x8 src/main.o
                0x20000028                setAction
 .data._impure_ptr
                0x20000030        0x4 c:/program files (x86)/atmel/studio/7.0/toolchain/arm/arm-gnu-toolchain/bin/../lib/gcc/arm-none-eabi/6.2.1/../../../../arm-none-eabi/lib/thumb/v6-m\libc_nano.a(lib_a-impure.o)
                0x20000030                _impure_ptr
 .data.impure_data
                0x20000034       0x60 c:/program files (x86)/atmel/studio/7.0/toolchain/arm/arm-gnu-toolchain/bin/../lib/gcc/arm-none-eabi/6.2.1/../../../../arm-none-eabi/lib/thumb/v6-m\libc_nano.a(lib_a-impure.o)
                0x20000094                . = ALIGN (0x4)
                0x20000094                _erelocate = .

.bss            0x20000098      0x488 load address 0x00005430
                0x20000098                . = ALIGN (0x4)
                0x20000098                _sbss = .
                0x20000098                _szero = .
 *(.bss .bss.*)
 .bss           0x20000098       0x1c c:/program files (x86)/atmel/studio/7.0/toolchain/arm/arm-gnu-toolchain/bin/../lib/gcc/arm-none-eabi/6.2.1/thumb/v6-m/crtbegin.o
 .bss.cpu_irq_critical_section_counter
                0x200000b4        0x4 src/ASF/common/utils/interrupt/interrupt_sam_nvic.o
 .bss.cpu_irq_prev_interrupt_state
                0x200000b8        0x1 src/ASF/common/utils/interrupt/interrupt_sam_nvic.o
 *fill*         0x200000b9        0x3 
 .bss.can0_rx_buffer
                0x200000bc       0x40 src/ASF/sam0/drivers/can/can.o
 .bss.can0_rx_extended_filter
                0x200000fc       0x10 src/ASF/sam0/drivers/can/can.o
 .bss.can0_rx_fifo_0
                0x2000010c       0x40 src/ASF/sam0/drivers/can/can.o
 .bss.can0_rx_fifo_1
                0x2000014c       0x40 src/ASF/sam0/drivers/can/can.o
 .bss.can0_rx_standard_filter
                0x2000018c       0x10 src/ASF/sam0/drivers/can/can.o
 .bss.can0_tx_buffer
                0x2000019c       0x40 src/ASF/sam0/drivers/can/can.o
 .bss.can0_tx_event_fifo
                0x200001dc       0x20 src/ASF/sam0/drivers/can/can.o
 .bss.can1_rx_buffer
                0x200001fc       0x40 src/ASF/sam0/drivers/can/can.o
 .bss.can1_rx_extended_filter
                0x2000023c       0x10 src/ASF/sam0/drivers/can/can.o
 .bss.can1_rx_fifo_0
                0x2000024c       0x40 src/ASF/sam0/drivers/can/can.o
 .bss.can1_rx_fifo_1
                0x2000028c       0x40 src/ASF/sam0/drivers/can/can.o
 .bss.can1_rx_standard_filter
                0x200002cc       0x10 src/ASF/sam0/drivers/can/can.o
 .bss.can1_tx_buffer
                0x200002dc       0x40 src/ASF/sam0/drivers/can/can.o
 .bss.can1_tx_event_fifo
                0x2000031c       0x20 src/ASF/sam0/drivers/can/can.o
 .bss._sercom_config
                0x2000033c        0x2 src/ASF/sam0/drivers/sercom/sercom.o
 .bss._handler_table_initialized
                0x2000033e        0x1 src/ASF/sam0/drivers/sercom/sercom_interrupt.o
 *fill*         0x2000033f        0x1 
 .bss._sercom_interrupt_handlers
                0x20000340       0x18 src/ASF/sam0/drivers/sercom/sercom_interrupt.o
 .bss._system_clock_inst
                0x20000358        0xc src/ASF/sam0/drivers/system/clock/clock_samc20_c21/clock.o
 .bss.heap.5276
                0x20000364        0x4 src/ASF/sam0/utils/syscalls/gcc/syscalls.o
 .bss.avg_charge_current_reading
                0x20000368        0x2 src/main.o
                0x20000368                avg_charge_current_reading
 .bss.avg_charge_current_reading_old.16025
                0x2000036a        0x2 src/main.o
 .bss.avg_discharge_current_reading
                0x2000036c        0x2 src/main.o
                0x2000036c                avg_discharge_current_reading
 .bss.avg_discharge_current_reading_old.16026
                0x2000036e        0x2 src/main.o
 .bss.battery_data
                0x20000370       0x10 src/main.o
                0x20000370                battery_data
 .bss.battery_status
                0x20000380        0x1 src/main.o
                0x20000380                battery_status
 .bss.battery_status_new
                0x20000381        0x1 src/main.o
                0x20000381                battery_status_new
 .bss.battery_status_old
                0x20000382        0x1 src/main.o
                0x20000382                battery_status_old
 .bss.canMsgInFlag
                0x20000383        0x1 src/main.o
                0x20000383                canMsgInFlag
 .bss.can_instance
                0x20000384        0x4 src/main.o
 .bss.cdc_instance
                0x20000388       0x34 src/main.o
 .bss.charge_from_empty_flag
                0x200003bc        0x1 src/main.o
                0x200003bc                charge_from_empty_flag
 .bss.charge_remain_percentage
                0x200003bd        0x1 src/main.o
                0x200003bd                charge_remain_percentage
 *fill*         0x200003be        0x2 
 .bss.charge_sample_num
                0x200003c0        0x4 src/main.o
                0x200003c0                charge_sample_num
 .bss.charger_status
                0x200003c4        0x1 src/main.o
                0x200003c4                charger_status
 *fill*         0x200003c5        0x3 
 .bss.commandData
                0x200003c8       0x14 src/main.o
                0x200003c8                commandData
 .bss.commandDataLength
                0x200003dc        0x1 src/main.o
                0x200003dc                commandDataLength
 .bss.commandIndex
                0x200003dd        0x1 src/main.o
                0x200003dd                commandIndex
 *fill*         0x200003de        0x2 
 .bss.commandMsg
                0x200003e0       0x14 src/main.o
                0x200003e0                commandMsg
 .bss.commandReady
                0x200003f4        0x1 src/main.o
                0x200003f4                commandReady
 .bss.commandType
                0x200003f5        0x1 src/main.o
                0x200003f5                commandType
 .bss.dateReportFlag
                0x200003f6        0x1 src/main.o
                0x200003f6                dateReportFlag
 *fill*         0x200003f7        0x1 
 .bss.delta_charge.16027
                0x200003f8        0x4 src/main.o
 .bss.discharge_from_full_flag
                0x200003fc        0x1 src/main.o
                0x200003fc                discharge_from_full_flag
 *fill*         0x200003fd        0x3 
 .bss.discharge_sample_num
                0x20000400        0x4 src/main.o
                0x20000400                discharge_sample_num
 .bss.extended_receive_index
                0x20000404        0x4 src/main.o
 .bss.rx_element_buffer
                0x20000408       0x10 src/main.o
 .bss.rx_element_fifo_0
                0x20000418       0x10 src/main.o
 .bss.rx_element_fifo_1
                0x20000428       0x10 src/main.o
 .bss.standard_receive_index
                0x20000438        0x4 src/main.o
 .bss.system_busy_flag
                0x2000043c        0x1 src/main.o
                0x2000043c                system_busy_flag
 *fill*         0x2000043d        0x3 
 .bss.time_data
                0x20000440        0x7 src/main.o
                0x20000440                time_data
 *fill*         0x20000447        0x1 
 .bss.total_charge_current
                0x20000448        0x8 src/main.o
                0x20000448                total_charge_current
 .bss.total_discharge_current
                0x20000450        0x8 src/main.o
                0x20000450                total_discharge_current
 .bss.__malloc_free_list
                0x20000458        0x4 c:/program files (x86)/atmel/studio/7.0/toolchain/arm/arm-gnu-toolchain/bin/../lib/gcc/arm-none-eabi/6.2.1/../../../../arm-none-eabi/lib/thumb/v6-m\libc_nano.a(lib_a-nano-mallocr.o)
                0x20000458                __malloc_free_list
 .bss.__malloc_sbrk_start
                0x2000045c        0x4 c:/program files (x86)/atmel/studio/7.0/toolchain/arm/arm-gnu-toolchain/bin/../lib/gcc/arm-none-eabi/6.2.1/../../../../arm-none-eabi/lib/thumb/v6-m\libc_nano.a(lib_a-nano-mallocr.o)
                0x2000045c                __malloc_sbrk_start
 *(COMMON)
 COMMON         0x20000460        0x8 src/ASF/sam0/drivers/adc/adc_sam_l_c/adc_callback.o
                0x20000460                _adc_instances
 COMMON         0x20000468        0x4 src/ASF/sam0/drivers/rtc/rtc_sam_l_c/rtc_calendar.o
                0x20000468                _rtc_instance
 COMMON         0x2000046c        0x4 src/ASF/sam0/drivers/tsens/tsens_callback.o
                0x2000046c                _tsens_instances
 COMMON         0x20000470        0xc src/ASF/sam0/drivers/tcc/tcc_callback.o
                0x20000470                _tcc_instances
 COMMON         0x2000047c        0x1 src/ASF/sam0/drivers/can/can.o
                0x2000047c                gclk_chan_conf
 *fill*         0x2000047d        0x3 
 COMMON         0x20000480       0x18 src/ASF/sam0/drivers/sercom/sercom_interrupt.o
                0x20000480                _sercom_instances
 COMMON         0x20000498        0x4 src/ASF/sam0/utils/stdio/read.o
                0x20000498                ptr_get
 COMMON         0x2000049c        0x8 src/ASF/sam0/utils/stdio/write.o
                0x2000049c                ptr_put
                0x200004a0                stdio_base
 COMMON         0x200004a4       0x78 src/main.o
                0x200004a4                rtc_instance
                0x200004d8                raw_result
                0x200004dc                adc_charge_signal_voltage
                0x200004e0                charge_signal_adc_result
                0x200004e4                config_port_pin
                0x200004e8                alarm
                0x200004f2                temprerature_adc_result
                0x200004f4                adc_discharge_signal_voltage
                0x200004f8                discharge_signal_adc_result
                0x200004fa                temprerature_value
                0x200004fc                adc_instance
 COMMON         0x2000051c        0x4 c:/program files (x86)/atmel/studio/7.0/toolchain/arm/arm-gnu-toolchain/bin/../lib/gcc/arm-none-eabi/6.2.1/../../../../arm-none-eabi/lib/thumb/v6-m\libc_nano.a(lib_a-reent.o)
                0x2000051c                errno
                0x20000520                . = ALIGN (0x4)
                0x20000520                _ebss = .
                0x20000520                _ezero = .

.stack          0x20000520     0x2000 load address 0x000058b8
                0x20000520                . = ALIGN (0x8)
                0x20000520                _sstack = .
                0x20002520                . = (. + STACK_SIZE)
 *fill*         0x20000520     0x2000 
                0x20002520                . = ALIGN (0x8)
                0x20002520                _estack = .
                0x20002520                . = ALIGN (0x4)
                0x20002520                _end = .
OUTPUT(BMS.elf elf32-littlearm)

.ARM.attributes
                0x00000000       0x28
 .ARM.attributes
                0x00000000       0x1e c:/program files (x86)/atmel/studio/7.0/toolchain/arm/arm-gnu-toolchain/bin/../lib/gcc/arm-none-eabi/6.2.1/thumb/v6-m/crti.o
 .ARM.attributes
                0x0000001e       0x2c c:/program files (x86)/atmel/studio/7.0/toolchain/arm/arm-gnu-toolchain/bin/../lib/gcc/arm-none-eabi/6.2.1/thumb/v6-m/crtbegin.o
 .ARM.attributes
                0x0000004a       0x32 src/ASF/sam0/drivers/adc/adc_sam_l_c/adc.o
 .ARM.attributes
                0x0000007c       0x32 src/ASF/sam0/drivers/adc/adc_sam_l_c/adc_callback.o
 .ARM.attributes
                0x000000ae       0x32 src/ASF/sam0/drivers/rtc/rtc_sam_l_c/rtc_calendar.o
 .ARM.attributes
                0x000000e0       0x32 src/ASF/sam0/drivers/rtc/rtc_sam_l_c/rtc_calendar_interrupt.o
 .ARM.attributes
                0x00000112       0x32 src/ASF/sam0/drivers/tsens/tsens.o
 .ARM.attributes
                0x00000144       0x32 src/ASF/sam0/drivers/tsens/tsens_callback.o
 .ARM.attributes
                0x00000176       0x32 src/ASF/sam0/drivers/tcc/tcc_callback.o
 .ARM.attributes
                0x000001a8       0x32 src/ASF/sam0/drivers/events/events_hooks.o
 .ARM.attributes
                0x000001da       0x32 src/ASF/sam0/drivers/events/events_sam_l_c/events.o
 .ARM.attributes
                0x0000020c       0x32 src/ASF/common/utils/interrupt/interrupt_sam_nvic.o
 .ARM.attributes
                0x0000023e       0x32 src/ASF/sam0/boards/samc21_xplained_pro/board_init.o
 .ARM.attributes
                0x00000270       0x32 src/ASF/sam0/drivers/can/can.o
 .ARM.attributes
                0x000002a2       0x32 src/ASF/sam0/drivers/port/port.o
 .ARM.attributes
                0x000002d4       0x32 src/ASF/sam0/drivers/sercom/sercom.o
 .ARM.attributes
                0x00000306       0x32 src/ASF/sam0/drivers/sercom/sercom_interrupt.o
 .ARM.attributes
                0x00000338       0x32 src/ASF/sam0/drivers/sercom/usart/usart.o
 .ARM.attributes
                0x0000036a       0x32 src/ASF/sam0/drivers/sercom/usart/usart_interrupt.o
 .ARM.attributes
                0x0000039c       0x32 src/ASF/sam0/drivers/system/clock/clock_samc20_c21/clock.o
 .ARM.attributes
                0x000003ce       0x32 src/ASF/sam0/drivers/system/clock/clock_samc20_c21/gclk.o
 .ARM.attributes
                0x00000400       0x32 src/ASF/sam0/drivers/system/pinmux/pinmux.o
 .ARM.attributes
                0x00000432       0x32 src/ASF/sam0/drivers/system/system.o
 .ARM.attributes
                0x00000464       0x32 src/ASF/sam0/utils/cmsis/samc21/source/gcc/startup_samc21.o
 .ARM.attributes
                0x00000496       0x32 src/ASF/sam0/utils/stdio/read.o
 .ARM.attributes
                0x000004c8       0x32 src/ASF/sam0/utils/stdio/write.o
 .ARM.attributes
                0x000004fa       0x32 src/ASF/sam0/utils/syscalls/gcc/syscalls.o
 .ARM.attributes
                0x0000052c       0x32 src/main.o
 .ARM.attributes
                0x0000055e       0x1e c:/program files (x86)/atmel/studio/7.0/toolchain/arm/arm-gnu-toolchain/bin/../lib/gcc/arm-none-eabi/6.2.1/thumb/v6-m\libgcc.a(_udivsi3.o)
 .ARM.attributes
                0x0000057c       0x1e c:/program files (x86)/atmel/studio/7.0/toolchain/arm/arm-gnu-toolchain/bin/../lib/gcc/arm-none-eabi/6.2.1/thumb/v6-m\libgcc.a(_divsi3.o)
 .ARM.attributes
                0x0000059a       0x1e c:/program files (x86)/atmel/studio/7.0/toolchain/arm/arm-gnu-toolchain/bin/../lib/gcc/arm-none-eabi/6.2.1/thumb/v6-m\libgcc.a(_dvmd_tls.o)
 .ARM.attributes
                0x000005b8       0x1e c:/program files (x86)/atmel/studio/7.0/toolchain/arm/arm-gnu-toolchain/bin/../lib/gcc/arm-none-eabi/6.2.1/thumb/v6-m\libgcc.a(_aeabi_uldivmod.o)
 .ARM.attributes
                0x000005d6       0x2c c:/program files (x86)/atmel/studio/7.0/toolchain/arm/arm-gnu-toolchain/bin/../lib/gcc/arm-none-eabi/6.2.1/thumb/v6-m\libgcc.a(_muldi3.o)
 .ARM.attributes
                0x00000602       0x2c c:/program files (x86)/atmel/studio/7.0/toolchain/arm/arm-gnu-toolchain/bin/../lib/gcc/arm-none-eabi/6.2.1/thumb/v6-m\libgcc.a(_udivmoddi4.o)
 .ARM.attributes
                0x0000062e       0x1e c:/program files (x86)/atmel/studio/7.0/toolchain/arm/arm-gnu-toolchain/bin/../lib/gcc/arm-none-eabi/6.2.1/thumb/v6-m\libgcc.a(_clzdi2.o)
 .ARM.attributes
                0x0000064c       0x1e c:/program files (x86)/atmel/studio/7.0/toolchain/arm/arm-gnu-toolchain/bin/../lib/gcc/arm-none-eabi/6.2.1/thumb/v6-m\libgcc.a(_clzsi2.o)
 .ARM.attributes
                0x0000066a       0x2c c:/program files (x86)/atmel/studio/7.0/toolchain/arm/arm-gnu-toolchain/bin/../lib/gcc/arm-none-eabi/6.2.1/../../../../arm-none-eabi/lib/thumb/v6-m\libc_nano.a(lib_a-impure.o)
 .ARM.attributes
                0x00000696       0x2c c:/program files (x86)/atmel/studio/7.0/toolchain/arm/arm-gnu-toolchain/bin/../lib/gcc/arm-none-eabi/6.2.1/../../../../arm-none-eabi/lib/thumb/v6-m\libc_nano.a(lib_a-init.o)
 .ARM.attributes
                0x000006c2       0x2c c:/program files (x86)/atmel/studio/7.0/toolchain/arm/arm-gnu-toolchain/bin/../lib/gcc/arm-none-eabi/6.2.1/../../../../arm-none-eabi/lib/thumb/v6-m\libc_nano.a(lib_a-memcpy-stub.o)
 .ARM.attributes
                0x000006ee       0x2c c:/program files (x86)/atmel/studio/7.0/toolchain/arm/arm-gnu-toolchain/bin/../lib/gcc/arm-none-eabi/6.2.1/../../../../arm-none-eabi/lib/thumb/v6-m\libc_nano.a(lib_a-memset.o)
 .ARM.attributes
                0x0000071a       0x2c c:/program files (x86)/atmel/studio/7.0/toolchain/arm/arm-gnu-toolchain/bin/../lib/gcc/arm-none-eabi/6.2.1/../../../../arm-none-eabi/lib/thumb/v6-m\libc_nano.a(lib_a-printf.o)
 .ARM.attributes
                0x00000746       0x2c c:/program files (x86)/atmel/studio/7.0/toolchain/arm/arm-gnu-toolchain/bin/../lib/gcc/arm-none-eabi/6.2.1/../../../../arm-none-eabi/lib/thumb/v6-m\libc_nano.a(lib_a-puts.o)
 .ARM.attributes
                0x00000772       0x2c c:/program files (x86)/atmel/studio/7.0/toolchain/arm/arm-gnu-toolchain/bin/../lib/gcc/arm-none-eabi/6.2.1/../../../../arm-none-eabi/lib/thumb/v6-m\libc_nano.a(lib_a-setbuf.o)
 .ARM.attributes
                0x0000079e       0x2c c:/program files (x86)/atmel/studio/7.0/toolchain/arm/arm-gnu-toolchain/bin/../lib/gcc/arm-none-eabi/6.2.1/../../../../arm-none-eabi/lib/thumb/v6-m\libc_nano.a(lib_a-setvbuf.o)
 .ARM.attributes
                0x000007ca       0x2c c:/program files (x86)/atmel/studio/7.0/toolchain/arm/arm-gnu-toolchain/bin/../lib/gcc/arm-none-eabi/6.2.1/../../../../arm-none-eabi/lib/thumb/v6-m\libc_nano.a(lib_a-wbuf.o)
 .ARM.attributes
                0x000007f6       0x2c c:/program files (x86)/atmel/studio/7.0/toolchain/arm/arm-gnu-toolchain/bin/../lib/gcc/arm-none-eabi/6.2.1/../../../../arm-none-eabi/lib/thumb/v6-m\libc_nano.a(lib_a-wsetup.o)
 .ARM.attributes
                0x00000822       0x2c c:/program files (x86)/atmel/studio/7.0/toolchain/arm/arm-gnu-toolchain/bin/../lib/gcc/arm-none-eabi/6.2.1/../../../../arm-none-eabi/lib/thumb/v6-m\libc_nano.a(lib_a-fflush.o)
 .ARM.attributes
                0x0000084e       0x2c c:/program files (x86)/atmel/studio/7.0/toolchain/arm/arm-gnu-toolchain/bin/../lib/gcc/arm-none-eabi/6.2.1/../../../../arm-none-eabi/lib/thumb/v6-m\libc_nano.a(lib_a-findfp.o)
 .ARM.attributes
                0x0000087a       0x2c c:/program files (x86)/atmel/studio/7.0/toolchain/arm/arm-gnu-toolchain/bin/../lib/gcc/arm-none-eabi/6.2.1/../../../../arm-none-eabi/lib/thumb/v6-m\libc_nano.a(lib_a-fwalk.o)
 .ARM.attributes
                0x000008a6       0x2c c:/program files (x86)/atmel/studio/7.0/toolchain/arm/arm-gnu-toolchain/bin/../lib/gcc/arm-none-eabi/6.2.1/../../../../arm-none-eabi/lib/thumb/v6-m\libc_nano.a(lib_a-makebuf.o)
 .ARM.attributes
                0x000008d2       0x2c c:/program files (x86)/atmel/studio/7.0/toolchain/arm/arm-gnu-toolchain/bin/../lib/gcc/arm-none-eabi/6.2.1/../../../../arm-none-eabi/lib/thumb/v6-m\libc_nano.a(lib_a-malloc.o)
 .ARM.attributes
                0x000008fe       0x2c c:/program files (x86)/atmel/studio/7.0/toolchain/arm/arm-gnu-toolchain/bin/../lib/gcc/arm-none-eabi/6.2.1/../../../../arm-none-eabi/lib/thumb/v6-m\libc_nano.a(lib_a-nano-freer.o)
 .ARM.attributes
                0x0000092a       0x2c c:/program files (x86)/atmel/studio/7.0/toolchain/arm/arm-gnu-toolchain/bin/../lib/gcc/arm-none-eabi/6.2.1/../../../../arm-none-eabi/lib/thumb/v6-m\libc_nano.a(lib_a-nano-mallocr.o)
 .ARM.attributes
                0x00000956       0x2c c:/program files (x86)/atmel/studio/7.0/toolchain/arm/arm-gnu-toolchain/bin/../lib/gcc/arm-none-eabi/6.2.1/../../../../arm-none-eabi/lib/thumb/v6-m\libc_nano.a(lib_a-nano-vfprintf.o)
 .ARM.attributes
                0x00000982       0x2c c:/program files (x86)/atmel/studio/7.0/toolchain/arm/arm-gnu-toolchain/bin/../lib/gcc/arm-none-eabi/6.2.1/../../../../arm-none-eabi/lib/thumb/v6-m\libc_nano.a(lib_a-nano-vfprintf_i.o)
 .ARM.attributes
                0x000009ae       0x2c c:/program files (x86)/atmel/studio/7.0/toolchain/arm/arm-gnu-toolchain/bin/../lib/gcc/arm-none-eabi/6.2.1/../../../../arm-none-eabi/lib/thumb/v6-m\libc_nano.a(lib_a-sbrkr.o)
 .ARM.attributes
                0x000009da       0x2c c:/program files (x86)/atmel/studio/7.0/toolchain/arm/arm-gnu-toolchain/bin/../lib/gcc/arm-none-eabi/6.2.1/../../../../arm-none-eabi/lib/thumb/v6-m\libc_nano.a(lib_a-stdio.o)
 .ARM.attributes
                0x00000a06       0x2c c:/program files (x86)/atmel/studio/7.0/toolchain/arm/arm-gnu-toolchain/bin/../lib/gcc/arm-none-eabi/6.2.1/../../../../arm-none-eabi/lib/thumb/v6-m\libc_nano.a(lib_a-writer.o)
 .ARM.attributes
                0x00000a32       0x2c c:/program files (x86)/atmel/studio/7.0/toolchain/arm/arm-gnu-toolchain/bin/../lib/gcc/arm-none-eabi/6.2.1/../../../../arm-none-eabi/lib/thumb/v6-m\libc_nano.a(lib_a-closer.o)
 .ARM.attributes
                0x00000a5e       0x2c c:/program files (x86)/atmel/studio/7.0/toolchain/arm/arm-gnu-toolchain/bin/../lib/gcc/arm-none-eabi/6.2.1/../../../../arm-none-eabi/lib/thumb/v6-m\libc_nano.a(lib_a-fstatr.o)
 .ARM.attributes
                0x00000a8a       0x2c c:/program files (x86)/atmel/studio/7.0/toolchain/arm/arm-gnu-toolchain/bin/../lib/gcc/arm-none-eabi/6.2.1/../../../../arm-none-eabi/lib/thumb/v6-m\libc_nano.a(lib_a-isattyr.o)
 .ARM.attributes
                0x00000ab6       0x2c c:/program files (x86)/atmel/studio/7.0/toolchain/arm/arm-gnu-toolchain/bin/../lib/gcc/arm-none-eabi/6.2.1/../../../../arm-none-eabi/lib/thumb/v6-m\libc_nano.a(lib_a-lseekr.o)
 .ARM.attributes
                0x00000ae2       0x2c c:/program files (x86)/atmel/studio/7.0/toolchain/arm/arm-gnu-toolchain/bin/../lib/gcc/arm-none-eabi/6.2.1/../../../../arm-none-eabi/lib/thumb/v6-m\libc_nano.a(lib_a-memchr-stub.o)
 .ARM.attributes
                0x00000b0e       0x2c c:/program files (x86)/atmel/studio/7.0/toolchain/arm/arm-gnu-toolchain/bin/../lib/gcc/arm-none-eabi/6.2.1/../../../../arm-none-eabi/lib/thumb/v6-m\libc_nano.a(lib_a-mlock.o)
 .ARM.attributes
                0x00000b3a       0x2c c:/program files (x86)/atmel/studio/7.0/toolchain/arm/arm-gnu-toolchain/bin/../lib/gcc/arm-none-eabi/6.2.1/../../../../arm-none-eabi/lib/thumb/v6-m\libc_nano.a(lib_a-readr.o)
 .ARM.attributes
                0x00000b66       0x2c c:/program files (x86)/atmel/studio/7.0/toolchain/arm/arm-gnu-toolchain/bin/../lib/gcc/arm-none-eabi/6.2.1/../../../../arm-none-eabi/lib/thumb/v6-m\libc_nano.a(lib_a-reent.o)
 .ARM.attributes
                0x00000b92       0x1e c:/program files (x86)/atmel/studio/7.0/toolchain/arm/arm-gnu-toolchain/bin/../lib/gcc/arm-none-eabi/6.2.1/thumb/v6-m/crtn.o

.comment        0x00000000       0x59
 .comment       0x00000000       0x59 src/ASF/sam0/drivers/adc/adc_sam_l_c/adc.o
                                 0x5a (size before relaxing)
 .comment       0x00000059       0x5a src/ASF/sam0/drivers/adc/adc_sam_l_c/adc_callback.o
 .comment       0x00000059       0x5a src/ASF/sam0/drivers/rtc/rtc_sam_l_c/rtc_calendar.o
 .comment       0x00000059       0x5a src/ASF/sam0/drivers/rtc/rtc_sam_l_c/rtc_calendar_interrupt.o
 .comment       0x00000059       0x5a src/ASF/sam0/drivers/tsens/tsens.o
 .comment       0x00000059       0x5a src/ASF/sam0/drivers/tsens/tsens_callback.o
 .comment       0x00000059       0x5a src/ASF/sam0/drivers/tcc/tcc_callback.o
 .comment       0x00000059       0x5a src/ASF/sam0/drivers/events/events_hooks.o
 .comment       0x00000059       0x5a src/ASF/sam0/drivers/events/events_sam_l_c/events.o
 .comment       0x00000059       0x5a src/ASF/common/utils/interrupt/interrupt_sam_nvic.o
 .comment       0x00000059       0x5a src/ASF/sam0/boards/samc21_xplained_pro/board_init.o
 .comment       0x00000059       0x5a src/ASF/sam0/drivers/can/can.o
 .comment       0x00000059       0x5a src/ASF/sam0/drivers/port/port.o
 .comment       0x00000059       0x5a src/ASF/sam0/drivers/sercom/sercom.o
 .comment       0x00000059       0x5a src/ASF/sam0/drivers/sercom/sercom_interrupt.o
 .comment       0x00000059       0x5a src/ASF/sam0/drivers/sercom/usart/usart.o
 .comment       0x00000059       0x5a src/ASF/sam0/drivers/sercom/usart/usart_interrupt.o
 .comment       0x00000059       0x5a src/ASF/sam0/drivers/system/clock/clock_samc20_c21/clock.o
 .comment       0x00000059       0x5a src/ASF/sam0/drivers/system/clock/clock_samc20_c21/gclk.o
 .comment       0x00000059       0x5a src/ASF/sam0/drivers/system/pinmux/pinmux.o
 .comment       0x00000059       0x5a src/ASF/sam0/drivers/system/system.o
 .comment       0x00000059       0x5a src/ASF/sam0/utils/cmsis/samc21/source/gcc/startup_samc21.o
 .comment       0x00000059       0x5a src/ASF/sam0/utils/stdio/read.o
 .comment       0x00000059       0x5a src/ASF/sam0/utils/stdio/write.o
 .comment       0x00000059       0x5a src/ASF/sam0/utils/syscalls/gcc/syscalls.o
 .comment       0x00000059       0x5a src/main.o

.debug_info     0x00000000    0x42da9
 .debug_info    0x00000000     0x338d src/ASF/sam0/drivers/adc/adc_sam_l_c/adc.o
 .debug_info    0x0000338d     0x1d87 src/ASF/sam0/drivers/adc/adc_sam_l_c/adc_callback.o
 .debug_info    0x00005114     0x421f src/ASF/sam0/drivers/rtc/rtc_sam_l_c/rtc_calendar.o
 .debug_info    0x00009333     0x290b src/ASF/sam0/drivers/rtc/rtc_sam_l_c/rtc_calendar_interrupt.o
 .debug_info    0x0000bc3e     0x1d50 src/ASF/sam0/drivers/tsens/tsens.o
 .debug_info    0x0000d98e     0x1518 src/ASF/sam0/drivers/tsens/tsens_callback.o
 .debug_info    0x0000eea6     0x2fd3 src/ASF/sam0/drivers/tcc/tcc_callback.o
 .debug_info    0x00011e79     0x1cc3 src/ASF/sam0/drivers/events/events_hooks.o
 .debug_info    0x00013b3c     0x2675 src/ASF/sam0/drivers/events/events_sam_l_c/events.o
 .debug_info    0x000161b1      0xafb src/ASF/common/utils/interrupt/interrupt_sam_nvic.o
 .debug_info    0x00016cac     0x123e src/ASF/sam0/boards/samc21_xplained_pro/board_init.o
 .debug_info    0x00017eea     0x5606 src/ASF/sam0/drivers/can/can.o
 .debug_info    0x0001d4f0     0x1248 src/ASF/sam0/drivers/port/port.o
 .debug_info    0x0001e738     0x2ed8 src/ASF/sam0/drivers/sercom/sercom.o
 .debug_info    0x00021610     0x2cac src/ASF/sam0/drivers/sercom/sercom_interrupt.o
 .debug_info    0x000242bc     0x4bca src/ASF/sam0/drivers/sercom/usart/usart.o
 .debug_info    0x00028e86     0x30bf src/ASF/sam0/drivers/sercom/usart/usart_interrupt.o
 .debug_info    0x0002bf45     0x3a40 src/ASF/sam0/drivers/system/clock/clock_samc20_c21/clock.o
 .debug_info    0x0002f985     0x1c39 src/ASF/sam0/drivers/system/clock/clock_samc20_c21/gclk.o
 .debug_info    0x000315be     0x1387 src/ASF/sam0/drivers/system/pinmux/pinmux.o
 .debug_info    0x00032945      0xa67 src/ASF/sam0/drivers/system/system.o
 .debug_info    0x000333ac      0x523 src/ASF/sam0/utils/cmsis/samc21/source/gcc/startup_samc21.o
 .debug_info    0x000338cf      0xac3 src/ASF/sam0/utils/stdio/read.o
 .debug_info    0x00034392      0xac0 src/ASF/sam0/utils/stdio/write.o
 .debug_info    0x00034e52      0xd8c src/ASF/sam0/utils/syscalls/gcc/syscalls.o
 .debug_info    0x00035bde     0xd1cb src/main.o

.debug_abbrev   0x00000000     0x58a3
 .debug_abbrev  0x00000000      0x4a1 src/ASF/sam0/drivers/adc/adc_sam_l_c/adc.o
 .debug_abbrev  0x000004a1      0x3cc src/ASF/sam0/drivers/adc/adc_sam_l_c/adc_callback.o
 .debug_abbrev  0x0000086d      0x4cc src/ASF/sam0/drivers/rtc/rtc_sam_l_c/rtc_calendar.o
 .debug_abbrev  0x00000d39      0x337 src/ASF/sam0/drivers/rtc/rtc_sam_l_c/rtc_calendar_interrupt.o
 .debug_abbrev  0x00001070      0x3ae src/ASF/sam0/drivers/tsens/tsens.o
 .debug_abbrev  0x0000141e      0x310 src/ASF/sam0/drivers/tsens/tsens_callback.o
 .debug_abbrev  0x0000172e      0x399 src/ASF/sam0/drivers/tcc/tcc_callback.o
 .debug_abbrev  0x00001ac7      0x33c src/ASF/sam0/drivers/events/events_hooks.o
 .debug_abbrev  0x00001e03      0x4a8 src/ASF/sam0/drivers/events/events_sam_l_c/events.o
 .debug_abbrev  0x000022ab      0x22c src/ASF/common/utils/interrupt/interrupt_sam_nvic.o
 .debug_abbrev  0x000024d7      0x2c7 src/ASF/sam0/boards/samc21_xplained_pro/board_init.o
 .debug_abbrev  0x0000279e      0x445 src/ASF/sam0/drivers/can/can.o
 .debug_abbrev  0x00002be3      0x283 src/ASF/sam0/drivers/port/port.o
 .debug_abbrev  0x00002e66      0x3aa src/ASF/sam0/drivers/sercom/sercom.o
 .debug_abbrev  0x00003210      0x2d8 src/ASF/sam0/drivers/sercom/sercom_interrupt.o
 .debug_abbrev  0x000034e8      0x477 src/ASF/sam0/drivers/sercom/usart/usart.o
 .debug_abbrev  0x0000395f      0x416 src/ASF/sam0/drivers/sercom/usart/usart_interrupt.o
 .debug_abbrev  0x00003d75      0x449 src/ASF/sam0/drivers/system/clock/clock_samc20_c21/clock.o
 .debug_abbrev  0x000041be      0x405 src/ASF/sam0/drivers/system/clock/clock_samc20_c21/gclk.o
 .debug_abbrev  0x000045c3      0x366 src/ASF/sam0/drivers/system/pinmux/pinmux.o
 .debug_abbrev  0x00004929      0x1e1 src/ASF/sam0/drivers/system/system.o
 .debug_abbrev  0x00004b0a      0x14f src/ASF/sam0/utils/cmsis/samc21/source/gcc/startup_samc21.o
 .debug_abbrev  0x00004c59      0x218 src/ASF/sam0/utils/stdio/read.o
 .debug_abbrev  0x00004e71      0x203 src/ASF/sam0/utils/stdio/write.o
 .debug_abbrev  0x00005074      0x257 src/ASF/sam0/utils/syscalls/gcc/syscalls.o
 .debug_abbrev  0x000052cb      0x5d8 src/main.o

.debug_loc      0x00000000     0x8417
 .debug_loc     0x00000000      0x9af src/ASF/sam0/drivers/adc/adc_sam_l_c/adc.o
 .debug_loc     0x000009af      0x33e src/ASF/sam0/drivers/adc/adc_sam_l_c/adc_callback.o
 .debug_loc     0x00000ced      0xa5f src/ASF/sam0/drivers/rtc/rtc_sam_l_c/rtc_calendar.o
 .debug_loc     0x0000174c      0x2ba src/ASF/sam0/drivers/rtc/rtc_sam_l_c/rtc_calendar_interrupt.o
 .debug_loc     0x00001a06      0x253 src/ASF/sam0/drivers/tsens/tsens.o
 .debug_loc     0x00001c59      0x1cb src/ASF/sam0/drivers/tsens/tsens_callback.o
 .debug_loc     0x00001e24      0x245 src/ASF/sam0/drivers/tcc/tcc_callback.o
 .debug_loc     0x00002069      0x582 src/ASF/sam0/drivers/events/events_hooks.o
 .debug_loc     0x000025eb      0x40c src/ASF/sam0/drivers/events/events_sam_l_c/events.o
 .debug_loc     0x000029f7       0x8a src/ASF/sam0/boards/samc21_xplained_pro/board_init.o
 .debug_loc     0x00002a81      0xab2 src/ASF/sam0/drivers/can/can.o
 .debug_loc     0x00003533      0x13d src/ASF/sam0/drivers/port/port.o
 .debug_loc     0x00003670      0xabb src/ASF/sam0/drivers/sercom/sercom.o
 .debug_loc     0x0000412b      0x161 src/ASF/sam0/drivers/sercom/sercom_interrupt.o
 .debug_loc     0x0000428c      0xe0e src/ASF/sam0/drivers/sercom/usart/usart.o
 .debug_loc     0x0000509a      0x711 src/ASF/sam0/drivers/sercom/usart/usart_interrupt.o
 .debug_loc     0x000057ab      0xe1c src/ASF/sam0/drivers/system/clock/clock_samc20_c21/clock.o
 .debug_loc     0x000065c7      0x4dd src/ASF/sam0/drivers/system/clock/clock_samc20_c21/gclk.o
 .debug_loc     0x00006aa4      0x36d src/ASF/sam0/drivers/system/pinmux/pinmux.o
 .debug_loc     0x00006e11       0x20 src/ASF/sam0/drivers/system/system.o
 .debug_loc     0x00006e31       0x40 src/ASF/sam0/utils/cmsis/samc21/source/gcc/startup_samc21.o
 .debug_loc     0x00006e71       0xca src/ASF/sam0/utils/stdio/read.o
 .debug_loc     0x00006f3b      0x130 src/ASF/sam0/utils/stdio/write.o
 .debug_loc     0x0000706b       0xef src/ASF/sam0/utils/syscalls/gcc/syscalls.o
 .debug_loc     0x0000715a     0x12bd src/main.o

.debug_aranges  0x00000000      0x868
 .debug_aranges
                0x00000000       0x38 src/ASF/sam0/drivers/adc/adc_sam_l_c/adc.o
 .debug_aranges
                0x00000038       0x58 src/ASF/sam0/drivers/adc/adc_sam_l_c/adc_callback.o
 .debug_aranges
                0x00000090       0x78 src/ASF/sam0/drivers/rtc/rtc_sam_l_c/rtc_calendar.o
 .debug_aranges
                0x00000108       0x40 src/ASF/sam0/drivers/rtc/rtc_sam_l_c/rtc_calendar_interrupt.o
 .debug_aranges
                0x00000148       0x30 src/ASF/sam0/drivers/tsens/tsens.o
 .debug_aranges
                0x00000178       0x38 src/ASF/sam0/drivers/tsens/tsens_callback.o
 .debug_aranges
                0x000001b0       0x58 src/ASF/sam0/drivers/tcc/tcc_callback.o
 .debug_aranges
                0x00000208       0x58 src/ASF/sam0/drivers/events/events_hooks.o
 .debug_aranges
                0x00000260       0x80 src/ASF/sam0/drivers/events/events_sam_l_c/events.o
 .debug_aranges
                0x000002e0       0x28 src/ASF/common/utils/interrupt/interrupt_sam_nvic.o
 .debug_aranges
                0x00000308       0x20 src/ASF/sam0/boards/samc21_xplained_pro/board_init.o
 .debug_aranges
                0x00000328       0xd0 src/ASF/sam0/drivers/can/can.o
 .debug_aranges
                0x000003f8       0x28 src/ASF/sam0/drivers/port/port.o
 .debug_aranges
                0x00000420       0x40 src/ASF/sam0/drivers/sercom/sercom.o
 .debug_aranges
                0x00000460       0x60 src/ASF/sam0/drivers/sercom/sercom_interrupt.o
 .debug_aranges
                0x000004c0       0x40 src/ASF/sam0/drivers/sercom/usart/usart.o
 .debug_aranges
                0x00000500       0x70 src/ASF/sam0/drivers/sercom/usart/usart_interrupt.o
 .debug_aranges
                0x00000570       0x78 src/ASF/sam0/drivers/system/clock/clock_samc20_c21/clock.o
 .debug_aranges
                0x000005e8       0x80 src/ASF/sam0/drivers/system/clock/clock_samc20_c21/gclk.o
 .debug_aranges
                0x00000668       0x40 src/ASF/sam0/drivers/system/pinmux/pinmux.o
 .debug_aranges
                0x000006a8       0x28 src/ASF/sam0/drivers/system/system.o
 .debug_aranges
                0x000006d0       0x28 src/ASF/sam0/utils/cmsis/samc21/source/gcc/startup_samc21.o
 .debug_aranges
                0x000006f8       0x20 src/ASF/sam0/utils/stdio/read.o
 .debug_aranges
                0x00000718       0x20 src/ASF/sam0/utils/stdio/write.o
 .debug_aranges
                0x00000738       0x60 src/ASF/sam0/utils/syscalls/gcc/syscalls.o
 .debug_aranges
                0x00000798       0xd0 src/main.o

.debug_ranges   0x00000000      0xa68
 .debug_ranges  0x00000000       0xe8 src/ASF/sam0/drivers/adc/adc_sam_l_c/adc.o
 .debug_ranges  0x000000e8       0x48 src/ASF/sam0/drivers/adc/adc_sam_l_c/adc_callback.o
 .debug_ranges  0x00000130       0xb0 src/ASF/sam0/drivers/rtc/rtc_sam_l_c/rtc_calendar.o
 .debug_ranges  0x000001e0       0x68 src/ASF/sam0/drivers/rtc/rtc_sam_l_c/rtc_calendar_interrupt.o
 .debug_ranges  0x00000248       0x20 src/ASF/sam0/drivers/tsens/tsens.o
 .debug_ranges  0x00000268       0x28 src/ASF/sam0/drivers/tsens/tsens_callback.o
 .debug_ranges  0x00000290       0x48 src/ASF/sam0/drivers/tcc/tcc_callback.o
 .debug_ranges  0x000002d8       0x48 src/ASF/sam0/drivers/events/events_hooks.o
 .debug_ranges  0x00000320       0xa0 src/ASF/sam0/drivers/events/events_sam_l_c/events.o
 .debug_ranges  0x000003c0       0x18 src/ASF/common/utils/interrupt/interrupt_sam_nvic.o
 .debug_ranges  0x000003d8       0x10 src/ASF/sam0/boards/samc21_xplained_pro/board_init.o
 .debug_ranges  0x000003e8       0xe0 src/ASF/sam0/drivers/can/can.o
 .debug_ranges  0x000004c8       0x18 src/ASF/sam0/drivers/port/port.o
 .debug_ranges  0x000004e0       0x68 src/ASF/sam0/drivers/sercom/sercom.o
 .debug_ranges  0x00000548       0x50 src/ASF/sam0/drivers/sercom/sercom_interrupt.o
 .debug_ranges  0x00000598      0x140 src/ASF/sam0/drivers/sercom/usart/usart.o
 .debug_ranges  0x000006d8       0x60 src/ASF/sam0/drivers/sercom/usart/usart_interrupt.o
 .debug_ranges  0x00000738       0x80 src/ASF/sam0/drivers/system/clock/clock_samc20_c21/clock.o
 .debug_ranges  0x000007b8       0x88 src/ASF/sam0/drivers/system/clock/clock_samc20_c21/gclk.o
 .debug_ranges  0x00000840       0x30 src/ASF/sam0/drivers/system/pinmux/pinmux.o
 .debug_ranges  0x00000870       0x18 src/ASF/sam0/drivers/system/system.o
 .debug_ranges  0x00000888       0x18 src/ASF/sam0/utils/cmsis/samc21/source/gcc/startup_samc21.o
 .debug_ranges  0x000008a0       0x10 src/ASF/sam0/utils/stdio/read.o
 .debug_ranges  0x000008b0       0x10 src/ASF/sam0/utils/stdio/write.o
 .debug_ranges  0x000008c0       0x50 src/ASF/sam0/utils/syscalls/gcc/syscalls.o
 .debug_ranges  0x00000910      0x158 src/main.o

.debug_macro    0x00000000    0x23241
 .debug_macro   0x00000000      0x6a6 src/ASF/sam0/drivers/adc/adc_sam_l_c/adc.o
 .debug_macro   0x000006a6      0x8ce src/ASF/sam0/drivers/adc/adc_sam_l_c/adc.o
 .debug_macro   0x00000f74      0x16d src/ASF/sam0/drivers/adc/adc_sam_l_c/adc.o
 .debug_macro   0x000010e1      0x652 src/ASF/sam0/drivers/adc/adc_sam_l_c/adc.o
 .debug_macro   0x00001733       0x22 src/ASF/sam0/drivers/adc/adc_sam_l_c/adc.o
 .debug_macro   0x00001755       0x87 src/ASF/sam0/drivers/adc/adc_sam_l_c/adc.o
 .debug_macro   0x000017dc       0x51 src/ASF/sam0/drivers/adc/adc_sam_l_c/adc.o
 .debug_macro   0x0000182d       0xef src/ASF/sam0/drivers/adc/adc_sam_l_c/adc.o
 .debug_macro   0x0000191c       0x6a src/ASF/sam0/drivers/adc/adc_sam_l_c/adc.o
 .debug_macro   0x00001986      0x1df src/ASF/sam0/drivers/adc/adc_sam_l_c/adc.o
 .debug_macro   0x00001b65       0x10 src/ASF/sam0/drivers/adc/adc_sam_l_c/adc.o
 .debug_macro   0x00001b75       0x76 src/ASF/sam0/drivers/adc/adc_sam_l_c/adc.o
 .debug_macro   0x00001beb       0x16 src/ASF/sam0/drivers/adc/adc_sam_l_c/adc.o
 .debug_macro   0x00001c01      0x6e5 src/ASF/sam0/drivers/adc/adc_sam_l_c/adc.o
 .debug_macro   0x000022e6      0xde2 src/ASF/sam0/drivers/adc/adc_sam_l_c/adc.o
 .debug_macro   0x000030c8       0x22 src/ASF/sam0/drivers/adc/adc_sam_l_c/adc.o
 .debug_macro   0x000030ea       0x40 src/ASF/sam0/drivers/adc/adc_sam_l_c/adc.o
 .debug_macro   0x0000312a       0x3a src/ASF/sam0/drivers/adc/adc_sam_l_c/adc.o
 .debug_macro   0x00003164       0x1f src/ASF/sam0/drivers/adc/adc_sam_l_c/adc.o
 .debug_macro   0x00003183      0x376 src/ASF/sam0/drivers/adc/adc_sam_l_c/adc.o
 .debug_macro   0x000034f9      0x897 src/ASF/sam0/drivers/adc/adc_sam_l_c/adc.o
 .debug_macro   0x00003d90      0x8c8 src/ASF/sam0/drivers/adc/adc_sam_l_c/adc.o
 .debug_macro   0x00004658     0x2d61 src/ASF/sam0/drivers/adc/adc_sam_l_c/adc.o
 .debug_macro   0x000073b9      0x226 src/ASF/sam0/drivers/adc/adc_sam_l_c/adc.o
 .debug_macro   0x000075df      0x289 src/ASF/sam0/drivers/adc/adc_sam_l_c/adc.o
 .debug_macro   0x00007868      0x13b src/ASF/sam0/drivers/adc/adc_sam_l_c/adc.o
 .debug_macro   0x000079a3      0xc44 src/ASF/sam0/drivers/adc/adc_sam_l_c/adc.o
 .debug_macro   0x000085e7      0x5f0 src/ASF/sam0/drivers/adc/adc_sam_l_c/adc.o
 .debug_macro   0x00008bd7      0x5c3 src/ASF/sam0/drivers/adc/adc_sam_l_c/adc.o
 .debug_macro   0x0000919a      0x832 src/ASF/sam0/drivers/adc/adc_sam_l_c/adc.o
 .debug_macro   0x000099cc      0x175 src/ASF/sam0/drivers/adc/adc_sam_l_c/adc.o
 .debug_macro   0x00009b41      0x289 src/ASF/sam0/drivers/adc/adc_sam_l_c/adc.o
 .debug_macro   0x00009dca      0x55f src/ASF/sam0/drivers/adc/adc_sam_l_c/adc.o
 .debug_macro   0x0000a329      0x43d src/ASF/sam0/drivers/adc/adc_sam_l_c/adc.o
 .debug_macro   0x0000a766      0x225 src/ASF/sam0/drivers/adc/adc_sam_l_c/adc.o
 .debug_macro   0x0000a98b      0x7aa src/ASF/sam0/drivers/adc/adc_sam_l_c/adc.o
 .debug_macro   0x0000b135      0x55a src/ASF/sam0/drivers/adc/adc_sam_l_c/adc.o
 .debug_macro   0x0000b68f      0x335 src/ASF/sam0/drivers/adc/adc_sam_l_c/adc.o
 .debug_macro   0x0000b9c4      0x6ae src/ASF/sam0/drivers/adc/adc_sam_l_c/adc.o
 .debug_macro   0x0000c072       0xc4 src/ASF/sam0/drivers/adc/adc_sam_l_c/adc.o
 .debug_macro   0x0000c136      0x34c src/ASF/sam0/drivers/adc/adc_sam_l_c/adc.o
 .debug_macro   0x0000c482       0x6a src/ASF/sam0/drivers/adc/adc_sam_l_c/adc.o
 .debug_macro   0x0000c4ec     0x1216 src/ASF/sam0/drivers/adc/adc_sam_l_c/adc.o
 .debug_macro   0x0000d702      0x5af src/ASF/sam0/drivers/adc/adc_sam_l_c/adc.o
 .debug_macro   0x0000dcb1      0xfc5 src/ASF/sam0/drivers/adc/adc_sam_l_c/adc.o
 .debug_macro   0x0000ec76      0x5a1 src/ASF/sam0/drivers/adc/adc_sam_l_c/adc.o
 .debug_macro   0x0000f217      0x3c5 src/ASF/sam0/drivers/adc/adc_sam_l_c/adc.o
 .debug_macro   0x0000f5dc      0x8bc src/ASF/sam0/drivers/adc/adc_sam_l_c/adc.o
 .debug_macro   0x0000fe98     0x19cc src/ASF/sam0/drivers/adc/adc_sam_l_c/adc.o
 .debug_macro   0x00011864      0x3a3 src/ASF/sam0/drivers/adc/adc_sam_l_c/adc.o
 .debug_macro   0x00011c07      0x378 src/ASF/sam0/drivers/adc/adc_sam_l_c/adc.o
 .debug_macro   0x00011f7f       0x94 src/ASF/sam0/drivers/adc/adc_sam_l_c/adc.o
 .debug_macro   0x00012013       0xac src/ASF/sam0/drivers/adc/adc_sam_l_c/adc.o
 .debug_macro   0x000120bf       0xac src/ASF/sam0/drivers/adc/adc_sam_l_c/adc.o
 .debug_macro   0x0001216b      0x157 src/ASF/sam0/drivers/adc/adc_sam_l_c/adc.o
 .debug_macro   0x000122c2      0x157 src/ASF/sam0/drivers/adc/adc_sam_l_c/adc.o
 .debug_macro   0x00012419       0x4c src/ASF/sam0/drivers/adc/adc_sam_l_c/adc.o
 .debug_macro   0x00012465       0x58 src/ASF/sam0/drivers/adc/adc_sam_l_c/adc.o
 .debug_macro   0x000124bd       0x3a src/ASF/sam0/drivers/adc/adc_sam_l_c/adc.o
 .debug_macro   0x000124f7       0xd0 src/ASF/sam0/drivers/adc/adc_sam_l_c/adc.o
 .debug_macro   0x000125c7       0xb8 src/ASF/sam0/drivers/adc/adc_sam_l_c/adc.o
 .debug_macro   0x0001267f       0x64 src/ASF/sam0/drivers/adc/adc_sam_l_c/adc.o
 .debug_macro   0x000126e3      0x608 src/ASF/sam0/drivers/adc/adc_sam_l_c/adc.o
 .debug_macro   0x00012ceb       0x46 src/ASF/sam0/drivers/adc/adc_sam_l_c/adc.o
 .debug_macro   0x00012d31      0x1cc src/ASF/sam0/drivers/adc/adc_sam_l_c/adc.o
 .debug_macro   0x00012efd      0x192 src/ASF/sam0/drivers/adc/adc_sam_l_c/adc.o
 .debug_macro   0x0001308f       0x52 src/ASF/sam0/drivers/adc/adc_sam_l_c/adc.o
 .debug_macro   0x000130e1       0xa0 src/ASF/sam0/drivers/adc/adc_sam_l_c/adc.o
 .debug_macro   0x00013181       0xdc src/ASF/sam0/drivers/adc/adc_sam_l_c/adc.o
 .debug_macro   0x0001325d       0x8e src/ASF/sam0/drivers/adc/adc_sam_l_c/adc.o
 .debug_macro   0x000132eb       0x4c src/ASF/sam0/drivers/adc/adc_sam_l_c/adc.o
 .debug_macro   0x00013337       0x64 src/ASF/sam0/drivers/adc/adc_sam_l_c/adc.o
 .debug_macro   0x0001339b       0x22 src/ASF/sam0/drivers/adc/adc_sam_l_c/adc.o
 .debug_macro   0x000133bd      0x178 src/ASF/sam0/drivers/adc/adc_sam_l_c/adc.o
 .debug_macro   0x00013535       0x16 src/ASF/sam0/drivers/adc/adc_sam_l_c/adc.o
 .debug_macro   0x0001354b       0xd6 src/ASF/sam0/drivers/adc/adc_sam_l_c/adc.o
 .debug_macro   0x00013621       0xa0 src/ASF/sam0/drivers/adc/adc_sam_l_c/adc.o
 .debug_macro   0x000136c1      0x13e src/ASF/sam0/drivers/adc/adc_sam_l_c/adc.o
 .debug_macro   0x000137ff      0x13e src/ASF/sam0/drivers/adc/adc_sam_l_c/adc.o
 .debug_macro   0x0001393d      0x13e src/ASF/sam0/drivers/adc/adc_sam_l_c/adc.o
 .debug_macro   0x00013a7b      0x13e src/ASF/sam0/drivers/adc/adc_sam_l_c/adc.o
 .debug_macro   0x00013bb9      0x13e src/ASF/sam0/drivers/adc/adc_sam_l_c/adc.o
 .debug_macro   0x00013cf7      0x13e src/ASF/sam0/drivers/adc/adc_sam_l_c/adc.o
 .debug_macro   0x00013e35       0x4c src/ASF/sam0/drivers/adc/adc_sam_l_c/adc.o
 .debug_macro   0x00013e81      0x176 src/ASF/sam0/drivers/adc/adc_sam_l_c/adc.o
 .debug_macro   0x00013ff7       0xfa src/ASF/sam0/drivers/adc/adc_sam_l_c/adc.o
 .debug_macro   0x000140f1       0xfa src/ASF/sam0/drivers/adc/adc_sam_l_c/adc.o
 .debug_macro   0x000141eb       0xfa src/ASF/sam0/drivers/adc/adc_sam_l_c/adc.o
 .debug_macro   0x000142e5       0xfa src/ASF/sam0/drivers/adc/adc_sam_l_c/adc.o
 .debug_macro   0x000143df       0xfa src/ASF/sam0/drivers/adc/adc_sam_l_c/adc.o
 .debug_macro   0x000144d9      0x124 src/ASF/sam0/drivers/adc/adc_sam_l_c/adc.o
 .debug_macro   0x000145fd       0xfa src/ASF/sam0/drivers/adc/adc_sam_l_c/adc.o
 .debug_macro   0x000146f7       0xee src/ASF/sam0/drivers/adc/adc_sam_l_c/adc.o
 .debug_macro   0x000147e5       0x76 src/ASF/sam0/drivers/adc/adc_sam_l_c/adc.o
 .debug_macro   0x0001485b       0x3a src/ASF/sam0/drivers/adc/adc_sam_l_c/adc.o
 .debug_macro   0x00014895      0x487 src/ASF/sam0/drivers/adc/adc_sam_l_c/adc.o
 .debug_macro   0x00014d1c     0x268d src/ASF/sam0/drivers/adc/adc_sam_l_c/adc.o
 .debug_macro   0x000173a9       0x82 src/ASF/sam0/drivers/adc/adc_sam_l_c/adc.o
 .debug_macro   0x0001742b       0x52 src/ASF/sam0/drivers/adc/adc_sam_l_c/adc.o
 .debug_macro   0x0001747d       0x35 src/ASF/sam0/drivers/adc/adc_sam_l_c/adc.o
 .debug_macro   0x000174b2       0x9c src/ASF/sam0/drivers/adc/adc_sam_l_c/adc.o
 .debug_macro   0x0001754e       0x16 src/ASF/sam0/drivers/adc/adc_sam_l_c/adc.o
 .debug_macro   0x00017564       0x35 src/ASF/sam0/drivers/adc/adc_sam_l_c/adc.o
 .debug_macro   0x00017599      0x330 src/ASF/sam0/drivers/adc/adc_sam_l_c/adc.o
 .debug_macro   0x000178c9       0x10 src/ASF/sam0/drivers/adc/adc_sam_l_c/adc.o
 .debug_macro   0x000178d9       0x52 src/ASF/sam0/drivers/adc/adc_sam_l_c/adc.o
 .debug_macro   0x0001792b       0x1f src/ASF/sam0/drivers/adc/adc_sam_l_c/adc.o
 .debug_macro   0x0001794a       0x43 src/ASF/sam0/drivers/adc/adc_sam_l_c/adc.o
 .debug_macro   0x0001798d       0x20 src/ASF/sam0/drivers/adc/adc_sam_l_c/adc.o
 .debug_macro   0x000179ad      0x187 src/ASF/sam0/drivers/adc/adc_sam_l_c/adc.o
 .debug_macro   0x00017b34       0x10 src/ASF/sam0/drivers/adc/adc_sam_l_c/adc.o
 .debug_macro   0x00017b44       0x1c src/ASF/sam0/drivers/adc/adc_sam_l_c/adc.o
 .debug_macro   0x00017b60       0x52 src/ASF/sam0/drivers/adc/adc_sam_l_c/adc.o
 .debug_macro   0x00017bb2       0x40 src/ASF/sam0/drivers/adc/adc_sam_l_c/adc.o
 .debug_macro   0x00017bf2       0x10 src/ASF/sam0/drivers/adc/adc_sam_l_c/adc.o
 .debug_macro   0x00017c02       0x40 src/ASF/sam0/drivers/adc/adc_sam_l_c/adc.o
 .debug_macro   0x00017c42       0xd7 src/ASF/sam0/drivers/adc/adc_sam_l_c/adc.o
 .debug_macro   0x00017d19       0x16 src/ASF/sam0/drivers/adc/adc_sam_l_c/adc.o
 .debug_macro   0x00017d2f      0x18b src/ASF/sam0/drivers/adc/adc_sam_l_c/adc.o
 .debug_macro   0x00017eba       0x16 src/ASF/sam0/drivers/adc/adc_sam_l_c/adc.o
 .debug_macro   0x00017ed0       0x16 src/ASF/sam0/drivers/adc/adc_sam_l_c/adc.o
 .debug_macro   0x00017ee6       0x29 src/ASF/sam0/drivers/adc/adc_sam_l_c/adc.o
 .debug_macro   0x00017f0f       0x51 src/ASF/sam0/drivers/adc/adc_sam_l_c/adc.o
 .debug_macro   0x00017f60       0x3f src/ASF/sam0/drivers/adc/adc_sam_l_c/adc.o
 .debug_macro   0x00017f9f      0x3df src/ASF/sam0/drivers/adc/adc_sam_l_c/adc.o