Archive member included to satisfy reference by file (symbol)

c:/program files (x86)/atmel/studio/7.0/toolchain/arm/arm-gnu-toolchain/bin/../lib/gcc/arm-none-eabi/6.2.1/thumb/v6-m\libgcc.a(_udivsi3.o)
                              src/ASF/sam0/drivers/nvm/nvm.o (__aeabi_uidiv)
c:/program files (x86)/atmel/studio/7.0/toolchain/arm/arm-gnu-toolchain/bin/../lib/gcc/arm-none-eabi/6.2.1/thumb/v6-m\libgcc.a(_dvmd_tls.o)
                              c:/program files (x86)/atmel/studio/7.0/toolchain/arm/arm-gnu-toolchain/bin/../lib/gcc/arm-none-eabi/6.2.1/thumb/v6-m\libgcc.a(_udivsi3.o) (__aeabi_idiv0)
c:/program files (x86)/atmel/studio/7.0/toolchain/arm/arm-gnu-toolchain/bin/../lib/gcc/arm-none-eabi/6.2.1/thumb/v6-m\libgcc.a(_aeabi_uldivmod.o)
                              src/main.o (__aeabi_uldivmod)
c:/program files (x86)/atmel/studio/7.0/toolchain/arm/arm-gnu-toolchain/bin/../lib/gcc/arm-none-eabi/6.2.1/thumb/v6-m\libgcc.a(_muldi3.o)
                              src/ASF/sam0/drivers/sercom/sercom.o (__aeabi_lmul)
c:/program files (x86)/atmel/studio/7.0/toolchain/arm/arm-gnu-toolchain/bin/../lib/gcc/arm-none-eabi/6.2.1/thumb/v6-m\libgcc.a(_udivmoddi4.o)
                              c:/program files (x86)/atmel/studio/7.0/toolchain/arm/arm-gnu-toolchain/bin/../lib/gcc/arm-none-eabi/6.2.1/thumb/v6-m\libgcc.a(_aeabi_uldivmod.o) (__udivmoddi4)
c:/program files (x86)/atmel/studio/7.0/toolchain/arm/arm-gnu-toolchain/bin/../lib/gcc/arm-none-eabi/6.2.1/thumb/v6-m\libgcc.a(_clzdi2.o)
                              c:/program files (x86)/atmel/studio/7.0/toolchain/arm/arm-gnu-toolchain/bin/../lib/gcc/arm-none-eabi/6.2.1/thumb/v6-m\libgcc.a(_udivmoddi4.o) (__clzdi2)
c:/program files (x86)/atmel/studio/7.0/toolchain/arm/arm-gnu-toolchain/bin/../lib/gcc/arm-none-eabi/6.2.1/thumb/v6-m\libgcc.a(_clzsi2.o)
                              c:/program files (x86)/atmel/studio/7.0/toolchain/arm/arm-gnu-toolchain/bin/../lib/gcc/arm-none-eabi/6.2.1/thumb/v6-m\libgcc.a(_clzdi2.o) (__clzsi2)
c:/program files (x86)/atmel/studio/7.0/toolchain/arm/arm-gnu-toolchain/bin/../lib/gcc/arm-none-eabi/6.2.1/../../../../arm-none-eabi/lib/thumb/v6-m\libc_nano.a(lib_a-exit.o)
                              c:/program files (x86)/atmel/studio/7.0/toolchain/arm/arm-gnu-toolchain/bin/../lib/gcc/arm-none-eabi/6.2.1/../../../../arm-none-eabi/lib/thumb/v6-m/crt0.o (exit)
c:/program files (x86)/atmel/studio/7.0/toolchain/arm/arm-gnu-toolchain/bin/../lib/gcc/arm-none-eabi/6.2.1/../../../../arm-none-eabi/lib/thumb/v6-m\libc_nano.a(lib_a-impure.o)
                              c:/program files (x86)/atmel/studio/7.0/toolchain/arm/arm-gnu-toolchain/bin/../lib/gcc/arm-none-eabi/6.2.1/../../../../arm-none-eabi/lib/thumb/v6-m\libc_nano.a(lib_a-exit.o) (_global_impure_ptr)
c:/program files (x86)/atmel/studio/7.0/toolchain/arm/arm-gnu-toolchain/bin/../lib/gcc/arm-none-eabi/6.2.1/../../../../arm-none-eabi/lib/thumb/v6-m\libc_nano.a(lib_a-init.o)
                              c:/program files (x86)/atmel/studio/7.0/toolchain/arm/arm-gnu-toolchain/bin/../lib/gcc/arm-none-eabi/6.2.1/../../../../arm-none-eabi/lib/thumb/v6-m/crt0.o (__libc_init_array)
c:/program files (x86)/atmel/studio/7.0/toolchain/arm/arm-gnu-toolchain/bin/../lib/gcc/arm-none-eabi/6.2.1/../../../../arm-none-eabi/lib/thumb/v6-m\libc_nano.a(lib_a-memcpy-stub.o)
                              src/ASF/sam0/drivers/can/can.o (memcpy)
c:/program files (x86)/atmel/studio/7.0/toolchain/arm/arm-gnu-toolchain/bin/../lib/gcc/arm-none-eabi/6.2.1/../../../../arm-none-eabi/lib/thumb/v6-m\libc_nano.a(lib_a-memset.o)
                              c:/program files (x86)/atmel/studio/7.0/toolchain/arm/arm-gnu-toolchain/bin/../lib/gcc/arm-none-eabi/6.2.1/../../../../arm-none-eabi/lib/thumb/v6-m/crt0.o (memset)
c:/program files (x86)/atmel/studio/7.0/toolchain/arm/arm-gnu-toolchain/bin/../lib/gcc/arm-none-eabi/6.2.1/../../../../arm-none-eabi/lib/thumb/v6-m\libc_nano.a(lib_a-printf.o)
                              src/main.o (printf)
c:/program files (x86)/atmel/studio/7.0/toolchain/arm/arm-gnu-toolchain/bin/../lib/gcc/arm-none-eabi/6.2.1/../../../../arm-none-eabi/lib/thumb/v6-m\libc_nano.a(lib_a-puts.o)
                              src/main.o (puts)
c:/program files (x86)/atmel/studio/7.0/toolchain/arm/arm-gnu-toolchain/bin/../lib/gcc/arm-none-eabi/6.2.1/../../../../arm-none-eabi/lib/thumb/v6-m\libc_nano.a(lib_a-setbuf.o)
                              src/main.o (setbuf)
c:/program files (x86)/atmel/studio/7.0/toolchain/arm/arm-gnu-toolchain/bin/../lib/gcc/arm-none-eabi/6.2.1/../../../../arm-none-eabi/lib/thumb/v6-m\libc_nano.a(lib_a-setvbuf.o)
                              c:/program files (x86)/atmel/studio/7.0/toolchain/arm/arm-gnu-toolchain/bin/../lib/gcc/arm-none-eabi/6.2.1/../../../../arm-none-eabi/lib/thumb/v6-m\libc_nano.a(lib_a-setbuf.o) (setvbuf)
[...]
Memory Configuration

Name             Origin             Length             Attributes
rom              0x00000000         0x00040000         xr
ram              0x20000000         0x00008000         xrw
*default*        0x00000000         0xffffffff

Linker script and memory map

LOAD c:/program files (x86)/atmel/studio/7.0/toolchain/arm/arm-gnu-toolchain/bin/../lib/gcc/arm-none-eabi/6.2.1/thumb/v6-m/crti.o
LOAD c:/program files (x86)/atmel/studio/7.0/toolchain/arm/arm-gnu-toolchain/bin/../lib/gcc/arm-none-eabi/6.2.1/thumb/v6-m/crtbegin.o
LOAD c:/program files (x86)/atmel/studio/7.0/toolchain/arm/arm-gnu-toolchain/bin/../lib/gcc/arm-none-eabi/6.2.1/../../../../arm-none-eabi/lib/thumb/v6-m/crt0.o
LOAD src/ASF/sam0/drivers/adc/adc_sam_l_c/adc.o
LOAD src/ASF/sam0/drivers/adc/adc_sam_l_c/adc_callback.o
LOAD src/ASF/sam0/drivers/dac/dac_sam_d_c/dac.o
LOAD src/ASF/sam0/drivers/rtc/rtc_sam_l_c/rtc_calendar.o
LOAD src/ASF/sam0/drivers/rtc/rtc_sam_l_c/rtc_calendar_interrupt.o
LOAD src/ASF/sam0/drivers/tsens/tsens.o
LOAD src/ASF/sam0/drivers/tsens/tsens_callback.o
LOAD src/ASF/sam0/drivers/tcc/tcc.o
LOAD src/ASF/sam0/drivers/tcc/tcc_callback.o
LOAD src/ASF/sam0/drivers/events/events_hooks.o
LOAD src/ASF/sam0/drivers/events/events_sam_l_c/events.o
LOAD src/ASF/sam0/drivers/nvm/nvm.o
LOAD src/ASF/common/utils/interrupt/interrupt_sam_nvic.o
LOAD src/ASF/sam0/boards/samc21_xplained_pro/board_init.o
LOAD src/ASF/sam0/drivers/can/can.o
LOAD src/ASF/sam0/drivers/port/port.o
LOAD src/ASF/sam0/drivers/sercom/sercom.o
LOAD src/ASF/sam0/drivers/sercom/sercom_interrupt.o
LOAD src/ASF/sam0/drivers/sercom/usart/usart.o
LOAD src/ASF/sam0/drivers/sercom/usart/usart_interrupt.o
LOAD src/ASF/sam0/drivers/system/clock/clock_samc20_c21/clock.o
LOAD src/ASF/sam0/drivers/system/clock/clock_samc20_c21/gclk.o
LOAD src/ASF/sam0/drivers/system/interrupt/system_interrupt.o
LOAD src/ASF/sam0/drivers/system/pinmux/pinmux.o
LOAD src/ASF/sam0/drivers/system/system.o
LOAD src/ASF/sam0/utils/cmsis/samc21/source/gcc/startup_samc21.o
LOAD src/ASF/sam0/utils/cmsis/samc21/source/system_samc21.o
LOAD src/ASF/sam0/utils/stdio/read.o
LOAD src/ASF/sam0/utils/stdio/write.o
LOAD src/ASF/sam0/utils/syscalls/gcc/syscalls.o
LOAD src/main.o
START GROUP
LOAD ../src/ASF/thirdparty/CMSIS/Lib/GCC\libarm_cortexM0l_math.a
LOAD c:/program files (x86)/atmel/studio/7.0/toolchain/arm/arm-gnu-toolchain/bin/../lib/gcc/arm-none-eabi/6.2.1/../../../../arm-none-eabi/lib/thumb/v6-m\libm.a
END GROUP
START GROUP
LOAD c:/program files (x86)/atmel/studio/7.0/toolchain/arm/arm-gnu-toolchain/bin/../lib/gcc/arm-none-eabi/6.2.1/thumb/v6-m\libgcc.a
LOAD c:/program files (x86)/atmel/studio/7.0/toolchain/arm/arm-gnu-toolchain/bin/../lib/gcc/arm-none-eabi/6.2.1/../../../../arm-none-eabi/lib/thumb/v6-m\libc_nano.a
END GROUP
START GROUP
LOAD c:/program files (x86)/atmel/studio/7.0/toolchain/arm/arm-gnu-toolchain/bin/../lib/gcc/arm-none-eabi/6.2.1/thumb/v6-m\libgcc.a
LOAD c:/program files (x86)/atmel/studio/7.0/toolchain/arm/arm-gnu-toolchain/bin/../lib/gcc/arm-none-eabi/6.2.1/../../../../arm-none-eabi/lib/thumb/v6-m\libc_nano.a
END GROUP
LOAD c:/program files (x86)/atmel/studio/7.0/toolchain/arm/arm-gnu-toolchain/bin/../lib/gcc/arm-none-eabi/6.2.1/thumb/v6-m/crtend.o
LOAD c:/program files (x86)/atmel/studio/7.0/toolchain/arm/arm-gnu-toolchain/bin/../lib/gcc/arm-none-eabi/6.2.1/thumb/v6-m/crtn.o
                0x00002000                STACK_SIZE = DEFINED (STACK_SIZE)?STACK_SIZE:DEFINED (__stack_size__)?__stack_size__:0x2000

.text           0x00000000     0x52e8
                0x00000000                . = ALIGN (0x4)
                0x00000000                _sfixed = .
 *(.vectors .vectors.*)
 .vectors       0x00000000       0xbc src/ASF/sam0/utils/cmsis/samc21/source/gcc/startup_samc21.o
                0x00000000                exception_table
 *(.text .text.* .gnu.linkonce.t.*)
 .text          0x000000bc       0x60 c:/program files (x86)/atmel/studio/7.0/toolchain/arm/arm-gnu-toolchain/bin/../lib/gcc/arm-none-eabi/6.2.1/thumb/v6-m/crtbegin.o
 .text._adc_get_inst_index
                0x0000011c       0x24 src/ASF/sam0/drivers/adc/adc_sam_l_c/adc.o
                0x0000011c                _adc_get_inst_index
 .text.adc_get_config_defaults
                0x00000140       0x44 src/ASF/sam0/drivers/adc/adc_sam_l_c/adc.o
                0x00000140                adc_get_config_defaults
 .text.adc_init
                0x00000184      0x4f8 src/ASF/sam0/drivers/adc/adc_sam_l_c/adc.o
                0x00000184                adc_init
 .text._adc_interrupt_handler
                0x0000067c       0xc4 src/ASF/sam0/drivers/adc/adc_sam_l_c/adc_callback.o
 .text.ADC0_Handler
                0x00000740       0x10 src/ASF/sam0/drivers/adc/adc_sam_l_c/adc_callback.o
                0x00000740                ADC0_Handler
 .text.ADC1_Handler
                0x00000750       0x10 src/ASF/sam0/drivers/adc/adc_sam_l_c/adc_callback.o
                0x00000750                ADC1_Handler
 .text.dac_is_syncing
                0x00000760        0xc src/ASF/sam0/drivers/dac/dac_sam_d_c/dac.o
                0x00000760                dac_is_syncing
 .text.dac_get_config_defaults
                0x0000076c       0x14 src/ASF/sam0/drivers/dac/dac_sam_d_c/dac.o
                0x0000076c                dac_get_config_defaults
 .text.dac_init
                0x00000780       0xb8 src/ASF/sam0/drivers/dac/dac_sam_d_c/dac.o
                0x00000780                dac_init
 .text.dac_enable
                0x00000838       0x48 src/ASF/sam0/drivers/dac/dac_sam_d_c/dac.o
                0x00000838                dac_enable
 .text.dac_chan_get_config_defaults
                0x00000880        0x2 src/ASF/sam0/drivers/dac/dac_sam_d_c/dac.o
                0x00000880                dac_chan_get_config_defaults
 .text.dac_chan_set_config
                0x00000882        0x2 src/ASF/sam0/drivers/dac/dac_sam_d_c/dac.o
                0x00000882                dac_chan_set_config
 .text.dac_chan_enable
                0x00000884        0x2 src/ASF/sam0/drivers/dac/dac_sam_d_c/dac.o
                0x00000884                dac_chan_enable
 *fill*         0x00000886        0x2 
 .text.dac_chan_write
                0x00000888       0x28 src/ASF/sam0/drivers/dac/dac_sam_d_c/dac.o
                0x00000888                dac_chan_write
 .text.rtc_calendar_enable
                0x000008b0       0x28 src/ASF/sam0/drivers/rtc/rtc_sam_l_c/rtc_calendar.o
                0x000008b0                rtc_calendar_enable
 .text.rtc_calendar_disable
                0x000008d8       0x34 src/ASF/sam0/drivers/rtc/rtc_sam_l_c/rtc_calendar.o
                0x000008d8                rtc_calendar_disable
 .text.rtc_calendar_reset
                0x0000090c       0x30 src/ASF/sam0/drivers/rtc/rtc_sam_l_c/rtc_calendar.o
                0x0000090c                rtc_calendar_reset
 .text.rtc_calendar_time_to_register_value
                0x0000093c       0x3a src/ASF/sam0/drivers/rtc/rtc_sam_l_c/rtc_calendar.o
                0x0000093c                rtc_calendar_time_to_register_value
 .text.rtc_calendar_register_value_to_time
                0x00000976       0x3e src/ASF/sam0/drivers/rtc/rtc_sam_l_c/rtc_calendar.o
                0x00000976                rtc_calendar_register_value_to_time
 .text.rtc_calendar_set_time
                0x000009b4       0x20 src/ASF/sam0/drivers/rtc/rtc_sam_l_c/rtc_calendar.o
                0x000009b4                rtc_calendar_set_time
 .text.rtc_calendar_get_time
                0x000009d4       0x18 src/ASF/sam0/drivers/rtc/rtc_sam_l_c/rtc_calendar.o
                0x000009d4                rtc_calendar_get_time
 .text.rtc_calendar_set_alarm
                0x000009ec       0x44 src/ASF/sam0/drivers/rtc/rtc_sam_l_c/rtc_calendar.o
                0x000009ec                rtc_calendar_set_alarm
 .text.rtc_calendar_init
                0x00000a30       0x7c src/ASF/sam0/drivers/rtc/rtc_sam_l_c/rtc_calendar.o
                0x00000a30                rtc_calendar_init
 .text.rtc_calendar_register_callback
                0x00000aac       0x1e src/ASF/sam0/drivers/rtc/rtc_sam_l_c/rtc_calendar_interrupt.o
                0x00000aac                rtc_calendar_register_callback
 *fill*         0x00000aca        0x2 
 .text.rtc_calendar_enable_callback
                0x00000acc       0x44 src/ASF/sam0/drivers/rtc/rtc_sam_l_c/rtc_calendar_interrupt.o
                0x00000acc                rtc_calendar_enable_callback
 .text.RTC_Handler
                0x00000b10       0xa8 src/ASF/sam0/drivers/rtc/rtc_sam_l_c/rtc_calendar_interrupt.o
                0x00000b10                RTC_Handler
 .text.tsens_init
                0x00000bb8       0xbc src/ASF/sam0/drivers/tsens/tsens.o
                0x00000bb8                tsens_init
 .text.tsens_get_config_defaults
                0x00000c74       0x34 src/ASF/sam0/drivers/tsens/tsens.o
                0x00000c74                tsens_get_config_defaults
 .text.tsens_read
                0x00000ca8       0x84 src/ASF/sam0/drivers/tsens/tsens.o
                0x00000ca8                tsens_read
 .text.TSENS_Handler
                0x00000d2c       0x60 src/ASF/sam0/drivers/tsens/tsens_callback.o
                0x00000d2c                TSENS_Handler
 .text._tcc_interrupt_handler
                0x00000d8c       0x4c src/ASF/sam0/drivers/tcc/tcc_callback.o
                0x00000d8c                _tcc_interrupt_handler
 .text.TCC0_Handler
                0x00000dd8       0x10 src/ASF/sam0/drivers/tcc/tcc_callback.o
                0x00000dd8                TCC0_Handler
 .text.TCC1_Handler
                0x00000de8       0x10 src/ASF/sam0/drivers/tcc/tcc_callback.o
                0x00000de8                TCC1_Handler
 .text.TCC2_Handler
                0x00000df8       0x10 src/ASF/sam0/drivers/tcc/tcc_callback.o
                0x00000df8                TCC2_Handler
 .text.events_create_hook
                0x00000e08        0xc src/ASF/sam0/drivers/events/events_hooks.o
                0x00000e08                events_create_hook
 .text.events_add_hook
                0x00000e14       0x34 src/ASF/sam0/drivers/events/events_hooks.o
                0x00000e14                events_add_hook
 .text.events_enable_interrupt_source
                0x00000e48       0x38 src/ASF/sam0/drivers/events/events_hooks.o
                0x00000e48                events_enable_interrupt_source
 .text.events_is_interrupt_set
                0x00000e80       0x3c src/ASF/sam0/drivers/events/events_hooks.o
                0x00000e80                events_is_interrupt_set
 .text.events_ack_interrupt
                0x00000ebc       0x34 src/ASF/sam0/drivers/events/events_hooks.o
                0x00000ebc                events_ack_interrupt
 .text.EVSYS_Handler
                0x00000ef0       0x3c src/ASF/sam0/drivers/events/events_hooks.o
                0x00000ef0                EVSYS_Handler
 .text._events_find_bit_position
                0x00000f2c        0x8 src/ASF/sam0/drivers/events/events_sam_l_c/events.o
                0x00000f2c                _events_find_bit_position
 .text._system_events_init
                0x00000f34       0x20 src/ASF/sam0/drivers/events/events_sam_l_c/events.o
                0x00000f34                _system_events_init
 .text.events_get_config_defaults
                0x00000f54       0x12 src/ASF/sam0/drivers/events/events_sam_l_c/events.o
                0x00000f54                events_get_config_defaults
 *fill*         0x00000f66        0x2 
 .text.events_allocate
                0x00000f68       0xb4 src/ASF/sam0/drivers/events/events_sam_l_c/events.o
                0x00000f68                events_allocate
 .text.events_is_busy
                0x0000101c       0x18 src/ASF/sam0/drivers/events/events_sam_l_c/events.o
                0x0000101c                events_is_busy
 .text.events_attach_user
                0x00001034       0x20 src/ASF/sam0/drivers/events/events_sam_l_c/events.o
                0x00001034                events_attach_user
 .text.cpu_irq_enter_critical
                0x00001054       0x40 src/ASF/common/utils/interrupt/interrupt_sam_nvic.o
                0x00001054                cpu_irq_enter_critical
 .text.cpu_irq_leave_critical
                0x00001094       0x30 src/ASF/common/utils/interrupt/interrupt_sam_nvic.o
                0x00001094                cpu_irq_leave_critical
 .text.system_board_init
                0x000010c4       0x34 src/ASF/sam0/boards/samc21_xplained_pro/board_init.o
                0x000010c4                board_init
                0x000010c4                system_board_init
 .text._can_enable_peripheral_clock
                0x000010f8       0x38 src/ASF/sam0/drivers/can/can.o
 .text.can_init
                0x00001130      0x2f4 src/ASF/sam0/drivers/can/can.o
                0x00001130                can_init
 .text.can_start
                0x00001424       0x16 src/ASF/sam0/drivers/can/can.o
                0x00001424                can_start
 *fill*         0x0000143a        0x2 
 .text.can_set_rx_standard_filter
                0x0000143c       0x3c src/ASF/sam0/drivers/can/can.o
                0x0000143c                can_set_rx_standard_filter
 .text.can_get_rx_buffer_element
                0x00001478       0x50 src/ASF/sam0/drivers/can/can.o
                0x00001478                can_get_rx_buffer_element
 .text.can_get_rx_fifo_0_element
                0x000014c8       0x50 src/ASF/sam0/drivers/can/can.o
                0x000014c8                can_get_rx_fifo_0_element
 .text.can_get_rx_fifo_1_element
                0x00001518       0x50 src/ASF/sam0/drivers/can/can.o
                0x00001518                can_get_rx_fifo_1_element
 .text.can_set_tx_buffer_element
                0x00001568       0x74 src/ASF/sam0/drivers/can/can.o
                0x00001568                can_set_tx_buffer_element
 .text.port_pin_set_config
                0x000015dc       0x24 src/ASF/sam0/drivers/port/port.o
                0x000015dc                port_pin_set_config
 .text._sercom_get_sync_baud_val
                0x00001600       0x28 src/ASF/sam0/drivers/sercom/sercom.o
                0x00001600                _sercom_get_sync_baud_val
 .text._sercom_get_async_baud_val
                0x00001628      0x1d0 src/ASF/sam0/drivers/sercom/sercom.o
                0x00001628                _sercom_get_async_baud_val
 .text.sercom_set_gclk_generator
                0x000017f8       0x4c src/ASF/sam0/drivers/sercom/sercom.o
                0x000017f8                sercom_set_gclk_generator
 .text._sercom_get_default_pad
                0x00001844      0x17c src/ASF/sam0/drivers/sercom/sercom.o
                0x00001844                _sercom_get_default_pad
 .text._sercom_get_sercom_inst_index
                0x000019c0       0x38 src/ASF/sam0/drivers/sercom/sercom.o
                0x000019c0                _sercom_get_sercom_inst_index
 .text._sercom_default_handler
                0x000019f8        0x2 src/ASF/sam0/drivers/sercom/sercom_interrupt.o
 *fill*         0x000019fa        0x2 
 .text._sercom_set_handler
                0x000019fc       0x3c src/ASF/sam0/drivers/sercom/sercom_interrupt.o
                0x000019fc                _sercom_set_handler
 .text._sercom_get_interrupt_vector
                0x00001a38       0x30 src/ASF/sam0/drivers/sercom/sercom_interrupt.o
                0x00001a38                _sercom_get_interrupt_vector
 .text.SERCOM0_Handler
                0x00001a68       0x10 src/ASF/sam0/drivers/sercom/sercom_interrupt.o
                0x00001a68                SERCOM0_Handler
 .text.SERCOM1_Handler
                0x00001a78       0x10 src/ASF/sam0/drivers/sercom/sercom_interrupt.o
                0x00001a78                SERCOM1_Handler
 .text.SERCOM2_Handler
                0x00001a88       0x10 src/ASF/sam0/drivers/sercom/sercom_interrupt.o
                0x00001a88                SERCOM2_Handler
 .text.SERCOM3_Handler
                0x00001a98       0x10 src/ASF/sam0/drivers/sercom/sercom_interrupt.o
                0x00001a98                SERCOM3_Handler
 .text.SERCOM4_Handler
                0x00001aa8       0x10 src/ASF/sam0/drivers/sercom/sercom_interrupt.o
                0x00001aa8                SERCOM4_Handler
 .text.SERCOM5_Handler
                0x00001ab8       0x10 src/ASF/sam0/drivers/sercom/sercom_interrupt.o
                0x00001ab8                SERCOM5_Handler
 .text.usart_init
                0x00001ac8      0x3a8 src/ASF/sam0/drivers/sercom/usart/usart.o
                0x00001ac8                usart_init
 .text.usart_write_wait
                0x00001e70       0x2c src/ASF/sam0/drivers/sercom/usart/usart.o
                0x00001e70                usart_write_wait
 .text.usart_read_wait
                0x00001e9c       0x70 src/ASF/sam0/drivers/sercom/usart/usart.o
                0x00001e9c                usart_read_wait
 .text._usart_interrupt_handler
                0x00001f0c      0x19c src/ASF/sam0/drivers/sercom/usart/usart_interrupt.o
                0x00001f0c                _usart_interrupt_handler
 .text.system_clock_source_get_hz
                0x000020a8       0x5c src/ASF/sam0/drivers/system/clock/clock_samc20_c21/clock.o
                0x000020a8                system_clock_source_get_hz
 .text.system_clock_source_xosc32k_set_config
                0x00002104       0xb4 src/ASF/sam0/drivers/system/clock/clock_samc20_c21/clock.o
                0x00002104                system_clock_source_xosc32k_set_config
 .text.system_clock_source_dpll_set_config
                0x000021b8       0xc8 src/ASF/sam0/drivers/system/clock/clock_samc20_c21/clock.o
                0x000021b8                system_clock_source_dpll_set_config
 .text.system_clock_source_enable
                0x00002280       0x74 src/ASF/sam0/drivers/system/clock/clock_samc20_c21/clock.o
                0x00002280                system_clock_source_enable
 .text.system_clock_init
                0x000022f4      0x13c src/ASF/sam0/drivers/system/clock/clock_samc20_c21/clock.o
                0x000022f4                system_clock_init
 .text.system_gclk_init
                0x00002430       0x24 src/ASF/sam0/drivers/system/clock/clock_samc20_c21/gclk.o
                0x00002430                system_gclk_init
 .text.system_gclk_gen_set_config
                0x00002454       0xac src/ASF/sam0/drivers/system/clock/clock_samc20_c21/gclk.o
                0x00002454                system_gclk_gen_set_config
 .text.system_gclk_gen_enable
                0x00002500       0x40 src/ASF/sam0/drivers/system/clock/clock_samc20_c21/gclk.o
                0x00002500                system_gclk_gen_enable
 .text.system_gclk_gen_get_hz
                0x00002540       0x6c src/ASF/sam0/drivers/system/clock/clock_samc20_c21/gclk.o
                0x00002540                system_gclk_gen_get_hz
 .text.system_gclk_chan_enable
                0x000025ac       0x38 src/ASF/sam0/drivers/system/clock/clock_samc20_c21/gclk.o
                0x000025ac                system_gclk_chan_enable
 .text.system_gclk_chan_disable
                0x000025e4       0x38 src/ASF/sam0/drivers/system/clock/clock_samc20_c21/gclk.o
                0x000025e4                system_gclk_chan_disable
 .text.system_gclk_chan_set_config
                0x0000261c       0x24 src/ASF/sam0/drivers/system/clock/clock_samc20_c21/gclk.o
                0x0000261c                system_gclk_chan_set_config
 .text.system_gclk_chan_get_hz
                0x00002640       0x30 src/ASF/sam0/drivers/system/clock/clock_samc20_c21/gclk.o
                0x00002640                system_gclk_chan_get_hz
 .text._system_pinmux_config
                0x00002670       0xa8 src/ASF/sam0/drivers/system/pinmux/pinmux.o
 .text.system_pinmux_pin_set_config
                0x00002718       0x2c src/ASF/sam0/drivers/system/pinmux/pinmux.o
                0x00002718                system_pinmux_pin_set_config
 .text._system_dummy_init
                0x00002744        0x2 src/ASF/sam0/drivers/system/system.o
                0x00002744                _system_extint_init
                0x00002744                _system_dummy_init
                0x00002744                _system_divas_init
 *fill*         0x00002746        0x2 
 .text.system_init
                0x00002748       0x2c src/ASF/sam0/drivers/system/system.o
                0x00002748                system_init
 .text.Dummy_Handler
                0x00002774        0x2 src/ASF/sam0/utils/cmsis/samc21/source/gcc/startup_samc21.o
                0x00002774                DMAC_Handler
                0x00002774                HardFault_Handler
                0x00002774                TC2_Handler
                0x00002774                AC_Handler
                0x00002774                SysTick_Handler
                0x00002774                PendSV_Handler
                0x00002774                NMI_Handler
                0x00002774                EIC_Handler
                0x00002774                WDT_Handler
                0x00002774                TC4_Handler
                0x00002774                TC1_Handler
                0x00002774                TC3_Handler
                0x00002774                SDADC_Handler
                0x00002774                Dummy_Handler
                0x00002774                CAN1_Handler
                0x00002774                SVC_Handler
                0x00002774                NVMCTRL_Handler
                0x00002774                SYSTEM_Handler
                0x00002774                DAC_Handler
                0x00002774                PTC_Handler
                0x00002774                FREQM_Handler
                0x00002774                TC0_Handler
 *fill*         0x00002776        0x2 
 .text.Reset_Handler
                0x00002778       0x88 src/ASF/sam0/utils/cmsis/samc21/source/gcc/startup_samc21.o
                0x00002778                Reset_Handler
 .text._read    0x00002800       0x44 src/ASF/sam0/utils/stdio/read.o
                0x00002800                _read
 .text._write   0x00002844       0x50 src/ASF/sam0/utils/stdio/write.o
                0x00002844                _write
 .text._sbrk    0x00002894       0x24 src/ASF/sam0/utils/syscalls/gcc/syscalls.o
                0x00002894                _sbrk
 .text._close   0x000028b8        0x6 src/ASF/sam0/utils/syscalls/gcc/syscalls.o
                0x000028b8                _close
 .text._fstat   0x000028be        0xa src/ASF/sam0/utils/syscalls/gcc/syscalls.o
                0x000028be                _fstat
 .text._isatty  0x000028c8        0x4 src/ASF/sam0/utils/syscalls/gcc/syscalls.o
                0x000028c8                _isatty
 .text._lseek   0x000028cc        0x4 src/ASF/sam0/utils/syscalls/gcc/syscalls.o
                0x000028cc                _lseek
 .text.setParameter
                0x000028d0        0x2 src/main.o
                0x000028d0                setParameter
 *fill*         0x000028d2        0x2 
 .text.can_send_standard_message
                0x000028d4       0x6c src/main.o
 .text.send_battery_data
                0x00002940       0xa0 src/main.o
                0x00002940                send_battery_data
 .text.send_board_time_data
                0x000029e0       0x6c src/main.o
                0x000029e0                send_board_time_data
 .text.setTime  0x00002a4c       0x44 src/main.o
                0x00002a4c                setTime
 .text.usart_serial_getchar
                0x00002a90       0x2c src/main.o
 .text.usart_serial_putchar
                0x00002abc       0x18 src/main.o
 .text.configure_port_pins
                0x00002ad4       0x28 src/main.o
                0x00002ad4                configure_port_pins
 .text.configure_adc
                0x00002afc       0x8c src/main.o
                0x00002afc                configure_adc
 .text.configure_dac
                0x00002b88       0x2c src/main.o
                0x00002b88                configure_dac
 .text.configure_dac_channel
                0x00002bb4       0x3c src/main.o
                0x00002bb4                configure_dac_channel
 .text.adc_detect
                0x00002bf0       0x9c src/main.o
                0x00002bf0                adc_detect
 .text.adc_sampling
                0x00002c8c      0x1e8 src/main.o
                0x00002c8c                adc_sampling
 .text.battery_status_update
                0x00002e74       0x78 src/main.o
                0x00002e74                battery_status_update
 .text.charger_detection
                0x00002eec       0xd8 src/main.o
                0x00002eec                charger_detection
 .text.ADC_event
                0x00002fc4       0x5c src/main.o
                0x00002fc4                ADC_event
 .text.processCommandMsg
                0x00003020       0x68 src/main.o
                0x00003020                processCommandMsg
 .text.execute_system_command
                0x00003088       0x68 src/main.o
                0x00003088                execute_system_command
 .text.battery_charge_calculation
                0x000030f0      0x178 src/main.o
                0x000030f0                battery_charge_calculation
 .text.rtc_match_callback
                0x00003268      0x120 src/main.o
                0x00003268                rtc_match_callback
 .text.CAN0_Handler
                0x00003388      0x1e4 src/main.o
                0x00003388                CAN0_Handler
 .text.configure_rtc_calendar
                0x0000356c       0x94 src/main.o
                0x0000356c                configure_rtc_calendar
 .text.configure_rtc_callbacks
                0x00003600       0x28 src/main.o
                0x00003600                configure_rtc_callbacks
 .text.configure_tsens
                0x00003628       0x30 src/main.o
                0x00003628                configure_tsens
 .text.battery_init
                0x00003658      0x154 src/main.o
                0x00003658                battery_init
 .text.main     0x000037ac      0x31c src/main.o
                0x000037ac                main
 .text          0x00003ac8      0x114 c:/program files (x86)/atmel/studio/7.0/toolchain/arm/arm-gnu-toolchain/bin/../lib/gcc/arm-none-eabi/6.2.1/thumb/v6-m\libgcc.a(_udivsi3.o)
                0x00003ac8                __aeabi_uidiv
                0x00003ac8                __udivsi3
                0x00003bd4                __aeabi_uidivmod
 .text          0x00003bdc        0x4 c:/program files (x86)/atmel/studio/7.0/toolchain/arm/arm-gnu-toolchain/bin/../lib/gcc/arm-none-eabi/6.2.1/thumb/v6-m\libgcc.a(_dvmd_tls.o)
                0x00003bdc                __aeabi_idiv0
                0x00003bdc                __aeabi_ldiv0
 .text          0x00003be0       0x40 c:/program files (x86)/atmel/studio/7.0/toolchain/arm/arm-gnu-toolchain/bin/../lib/gcc/arm-none-eabi/6.2.1/thumb/v6-m\libgcc.a(_aeabi_uldivmod.o)
                0x00003be0                __aeabi_uldivmod
 .text          0x00003c20       0x54 c:/program files (x86)/atmel/studio/7.0/toolchain/arm/arm-gnu-toolchain/bin/../lib/gcc/arm-none-eabi/6.2.1/thumb/v6-m\libgcc.a(_muldi3.o)
                0x00003c20                __muldi3
                0x00003c20                __aeabi_lmul
 .text          0x00003c74      0x180 c:/program files (x86)/atmel/studio/7.0/toolchain/arm/arm-gnu-toolchain/bin/../lib/gcc/arm-none-eabi/6.2.1/thumb/v6-m\libgcc.a(_udivmoddi4.o)
                0x00003c74                __udivmoddi4
 .text          0x00003df4       0x18 c:/program files (x86)/atmel/studio/7.0/toolchain/arm/arm-gnu-toolchain/bin/../lib/gcc/arm-none-eabi/6.2.1/thumb/v6-m\libgcc.a(_clzdi2.o)
                0x00003df4                __clzdi2
 .text          0x00003e0c       0x3c c:/program files (x86)/atmel/studio/7.0/toolchain/arm/arm-gnu-toolchain/bin/../lib/gcc/arm-none-eabi/6.2.1/thumb/v6-m\libgcc.a(_clzsi2.o)
                0x00003e0c                __clzsi2
 .text.__libc_init_array
                0x00003e48       0x48 c:/program files (x86)/atmel/studio/7.0/toolchain/arm/arm-gnu-toolchain/bin/../lib/gcc/arm-none-eabi/6.2.1/../../../../arm-none-eabi/lib/thumb/v6-m\libc_nano.a(lib_a-init.o)
                0x00003e48                __libc_init_array
 .text.memcpy   0x00003e90       0x12 c:/program files (x86)/atmel/studio/7.0/toolchain/arm/arm-gnu-toolchain/bin/../lib/gcc/arm-none-eabi/6.2.1/../../../../arm-none-eabi/lib/thumb/v6-m\libc_nano.a(lib_a-memcpy-stub.o)
                0x00003e90                memcpy
 .text.memset   0x00003ea2       0x10 c:/program files (x86)/atmel/studio/7.0/toolchain/arm/arm-gnu-toolchain/bin/../lib/gcc/arm-none-eabi/6.2.1/../../../../arm-none-eabi/lib/thumb/v6-m\libc_nano.a(lib_a-memset.o)
                0x00003ea2                memset
 *fill*         0x00003eb2        0x2 
 .text.printf   0x00003eb4       0x34 c:/program files (x86)/atmel/studio/7.0/toolchain/arm/arm-gnu-toolchain/bin/../lib/gcc/arm-none-eabi/6.2.1/../../../../arm-none-eabi/lib/thumb/v6-m\libc_nano.a(lib_a-printf.o)
                0x00003eb4                iprintf
                0x00003eb4                printf
 .text._puts_r  0x00003ee8       0xc0 c:/program files (x86)/atmel/studio/7.0/toolchain/arm/arm-gnu-toolchain/bin/../lib/gcc/arm-none-eabi/6.2.1/../../../../arm-none-eabi/lib/thumb/v6-m\libc_nano.a(lib_a-puts.o)
                0x00003ee8                _puts_r
 .text.puts     0x00003fa8       0x14 c:/program files (x86)/atmel/studio/7.0/toolchain/arm/arm-gnu-toolchain/bin/../lib/gcc/arm-none-eabi/6.2.1/../../../../arm-none-eabi/lib/thumb/v6-m\libc_nano.a(lib_a-puts.o)
                0x00003fa8                puts
 .text.setbuf   0x00003fbc       0x12 c:/program files (x86)/atmel/studio/7.0/toolchain/arm/arm-gnu-toolchain/bin/../lib/gcc/arm-none-eabi/6.2.1/../../../../arm-none-eabi/lib/thumb/v6-m\libc_nano.a(lib_a-setbuf.o)
                0x00003fbc                setbuf
 *fill*         0x00003fce        0x2 
 .text.setvbuf  0x00003fd0      0x158 c:/program files (x86)/atmel/studio/7.0/toolchain/arm/arm-gnu-toolchain/bin/../lib/gcc/arm-none-eabi/6.2.1/../../../../arm-none-eabi/lib/thumb/v6-m\libc_nano.a(lib_a-setvbuf.o)
                0x00003fd0                setvbuf
 .text.__swbuf_r
                0x00004128       0xac c:/program files (x86)/atmel/studio/7.0/toolchain/arm/arm-gnu-toolchain/bin/../lib/gcc/arm-none-eabi/6.2.1/../../../../arm-none-eabi/lib/thumb/v6-m\libc_nano.a(lib_a-wbuf.o)
                0x00004128                __swbuf_r
 .text.__swsetup_r
                0x000041d4       0xec c:/program files (x86)/atmel/studio/7.0/toolchain/arm/arm-gnu-toolchain/bin/../lib/gcc/arm-none-eabi/6.2.1/../../../../arm-none-eabi/lib/thumb/v6-m\libc_nano.a(lib_a-wsetup.o)
                0x000041d4                __swsetup_r
 .text.__sflush_r
                0x000042c0      0x114 c:/program files (x86)/atmel/studio/7.0/toolchain/arm/arm-gnu-toolchain/bin/../lib/gcc/arm-none-eabi/6.2.1/../../../../arm-none-eabi/lib/thumb/v6-m\libc_nano.a(lib_a-fflush.o)
                0x000042c0                __sflush_r
 .text._fflush_r
                0x000043d4       0x58 c:/program files (x86)/atmel/studio/7.0/toolchain/arm/arm-gnu-toolchain/bin/../lib/gcc/arm-none-eabi/6.2.1/../../../../arm-none-eabi/lib/thumb/v6-m\libc_nano.a(lib_a-fflush.o)
                0x000043d4                _fflush_r
 .text._cleanup_r
                0x0000442c       0x10 c:/program files (x86)/atmel/studio/7.0/toolchain/arm/arm-gnu-toolchain/bin/../lib/gcc/arm-none-eabi/6.2.1/../../../../arm-none-eabi/lib/thumb/v6-m\libc_nano.a(lib_a-findfp.o)
                0x0000442c                _cleanup_r
 .text.std.isra.0
                0x0000443c       0x48 c:/program files (x86)/atmel/studio/7.0/toolchain/arm/arm-gnu-toolchain/bin/../lib/gcc/arm-none-eabi/6.2.1/../../../../arm-none-eabi/lib/thumb/v6-m\libc_nano.a(lib_a-findfp.o)
 .text.__sfmoreglue
                0x00004484       0x2c c:/program files (x86)/atmel/studio/7.0/toolchain/arm/arm-gnu-toolchain/bin/../lib/gcc/arm-none-eabi/6.2.1/../../../../arm-none-eabi/lib/thumb/v6-m\libc_nano.a(lib_a-findfp.o)
                0x00004484                __sfmoreglue
 .text.__sinit  0x000044b0       0x68 c:/program files (x86)/atmel/studio/7.0/toolchain/arm/arm-gnu-toolchain/bin/../lib/gcc/arm-none-eabi/6.2.1/../../../../arm-none-eabi/lib/thumb/v6-m\libc_nano.a(lib_a-findfp.o)
                0x000044b0                __sinit
 .text.__sfp    0x00004518       0x80 c:/program files (x86)/atmel/studio/7.0/toolchain/arm/arm-gnu-toolchain/bin/../lib/gcc/arm-none-eabi/6.2.1/../../../../arm-none-eabi/lib/thumb/v6-m\libc_nano.a(lib_a-findfp.o)
                0x00004518                __sfp
 .text._fwalk_reent
                0x00004598       0x42 c:/program files (x86)/atmel/studio/7.0/toolchain/arm/arm-gnu-toolchain/bin/../lib/gcc/arm-none-eabi/6.2.1/../../../../arm-none-eabi/lib/thumb/v6-m\libc_nano.a(lib_a-fwalk.o)
                0x00004598                _fwalk_reent
 *fill*         0x000045da        0x2 
 .text.__swhatbuf_r
                0x000045dc       0x50 c:/program files (x86)/atmel/studio/7.0/toolchain/arm/arm-gnu-toolchain/bin/../lib/gcc/arm-none-eabi/6.2.1/../../../../arm-none-eabi/lib/thumb/v6-m\libc_nano.a(lib_a-makebuf.o)
                0x000045dc                __swhatbuf_r
 .text.__smakebuf_r
                0x0000462c       0x7c c:/program files (x86)/atmel/studio/7.0/toolchain/arm/arm-gnu-toolchain/bin/../lib/gcc/arm-none-eabi/6.2.1/../../../../arm-none-eabi/lib/thumb/v6-m\libc_nano.a(lib_a-makebuf.o)
                0x0000462c                __smakebuf_r
 .text.malloc   0x000046a8       0x14 c:/program files (x86)/atmel/studio/7.0/toolchain/arm/arm-gnu-toolchain/bin/../lib/gcc/arm-none-eabi/6.2.1/../../../../arm-none-eabi/lib/thumb/v6-m\libc_nano.a(lib_a-malloc.o)
                0x000046a8                malloc
 .text._free_r  0x000046bc       0x94 c:/program files (x86)/atmel/studio/7.0/toolchain/arm/arm-gnu-toolchain/bin/../lib/gcc/arm-none-eabi/6.2.1/../../../../arm-none-eabi/lib/thumb/v6-m\libc_nano.a(lib_a-nano-freer.o)
                0x000046bc                _free_r
 .text._malloc_r
                0x00004750       0xbc c:/program files (x86)/atmel/studio/7.0/toolchain/arm/arm-gnu-toolchain/bin/../lib/gcc/arm-none-eabi/6.2.1/../../../../arm-none-eabi/lib/thumb/v6-m\libc_nano.a(lib_a-nano-mallocr.o)
                0x00004750                _malloc_r
 .text.__sfputc_r
                0x0000480c       0x2a c:/program files (x86)/atmel/studio/7.0/toolchain/arm/arm-gnu-toolchain/bin/../lib/gcc/arm-none-eabi/6.2.1/../../../../arm-none-eabi/lib/thumb/v6-m\libc_nano.a(lib_a-nano-vfprintf.o)
 .text.__sfputs_r
                0x00004836       0x24 c:/program files (x86)/atmel/studio/7.0/toolchain/arm/arm-gnu-toolchain/bin/../lib/gcc/arm-none-eabi/6.2.1/../../../../arm-none-eabi/lib/thumb/v6-m\libc_nano.a(lib_a-nano-vfprintf.o)
                0x00004836                __sfputs_r
 *fill*         0x0000485a        0x2 
 .text._vfprintf_r
                0x0000485c      0x238 c:/program files (x86)/atmel/studio/7.0/toolchain/arm/arm-gnu-toolchain/bin/../lib/gcc/arm-none-eabi/6.2.1/../../../../arm-none-eabi/lib/thumb/v6-m\libc_nano.a(lib_a-nano-vfprintf.o)
                0x0000485c                _vfprintf_r
                0x0000485c                _vfiprintf_r
 .text._printf_common
                0x00004a94       0xda c:/program files (x86)/atmel/studio/7.0/toolchain/arm/arm-gnu-toolchain/bin/../lib/gcc/arm-none-eabi/6.2.1/../../../../arm-none-eabi/lib/thumb/v6-m\libc_nano.a(lib_a-nano-vfprintf_i.o)
                0x00004a94                _printf_common
 *fill*         0x00004b6e        0x2 
 .text._printf_i
                0x00004b70      0x234 c:/program files (x86)/atmel/studio/7.0/toolchain/arm/arm-gnu-toolchain/bin/../lib/gcc/arm-none-eabi/6.2.1/../../../../arm-none-eabi/lib/thumb/v6-m\libc_nano.a(lib_a-nano-vfprintf_i.o)
                0x00004b70                _printf_i
 .text._sbrk_r  0x00004da4       0x24 c:/program files (x86)/atmel/studio/7.0/toolchain/arm/arm-gnu-toolchain/bin/../lib/gcc/arm-none-eabi/6.2.1/../../../../arm-none-eabi/lib/thumb/v6-m\libc_nano.a(lib_a-sbrkr.o)
                0x00004da4                _sbrk_r
 .text.__sread  0x00004dc8       0x28 c:/program files (x86)/atmel/studio/7.0/toolchain/arm/arm-gnu-toolchain/bin/../lib/gcc/arm-none-eabi/6.2.1/../../../../arm-none-eabi/lib/thumb/v6-m\libc_nano.a(lib_a-stdio.o)
                0x00004dc8                __sread
 .text.__swrite
                0x00004df0       0x38 c:/program files (x86)/atmel/studio/7.0/toolchain/arm/arm-gnu-toolchain/bin/../lib/gcc/arm-none-eabi/6.2.1/../../../../arm-none-eabi/lib/thumb/v6-m\libc_nano.a(lib_a-stdio.o)
                0x00004df0                __swrite
 .text.__sseek  0x00004e28       0x2c c:/program files (x86)/atmel/studio/7.0/toolchain/arm/arm-gnu-toolchain/bin/../lib/gcc/arm-none-eabi/6.2.1/../../../../arm-none-eabi/lib/thumb/v6-m\libc_nano.a(lib_a-stdio.o)
                0x00004e28                __sseek
 .text.__sclose
                0x00004e54        0xc c:/program files (x86)/atmel/studio/7.0/toolchain/arm/arm-gnu-toolchain/bin/../lib/gcc/arm-none-eabi/6.2.1/../../../../arm-none-eabi/lib/thumb/v6-m\libc_nano.a(lib_a-stdio.o)
                0x00004e54                __sclose
 .text._write_r
                0x00004e60       0x28 c:/program files (x86)/atmel/studio/7.0/toolchain/arm/arm-gnu-toolchain/bin/../lib/gcc/arm-none-eabi/6.2.1/../../../../arm-none-eabi/lib/thumb/v6-m\libc_nano.a(lib_a-writer.o)
                0x00004e60                _write_r
 .text._close_r
                0x00004e88       0x24 c:/program files (x86)/atmel/studio/7.0/toolchain/arm/arm-gnu-toolchain/bin/../lib/gcc/arm-none-eabi/6.2.1/../../../../arm-none-eabi/lib/thumb/v6-m\libc_nano.a(lib_a-closer.o)
                0x00004e88                _close_r
 .text._fstat_r
                0x00004eac       0x24 c:/program files (x86)/atmel/studio/7.0/toolchain/arm/arm-gnu-toolchain/bin/../lib/gcc/arm-none-eabi/6.2.1/../../../../arm-none-eabi/lib/thumb/v6-m\libc_nano.a(lib_a-fstatr.o)
                0x00004eac                _fstat_r
 .text._isatty_r
                0x00004ed0       0x24 c:/program files (x86)/atmel/studio/7.0/toolchain/arm/arm-gnu-toolchain/bin/../lib/gcc/arm-none-eabi/6.2.1/../../../../arm-none-eabi/lib/thumb/v6-m\libc_nano.a(lib_a-isattyr.o)
                0x00004ed0                _isatty_r
 .text._lseek_r
                0x00004ef4       0x28 c:/program files (x86)/atmel/studio/7.0/toolchain/arm/arm-gnu-toolchain/bin/../lib/gcc/arm-none-eabi/6.2.1/../../../../arm-none-eabi/lib/thumb/v6-m\libc_nano.a(lib_a-lseekr.o)
                0x00004ef4                _lseek_r
 .text.memchr   0x00004f1c       0x16 c:/program files (x86)/atmel/studio/7.0/toolchain/arm/arm-gnu-toolchain/bin/../lib/gcc/arm-none-eabi/6.2.1/../../../../arm-none-eabi/lib/thumb/v6-m\libc_nano.a(lib_a-memchr-stub.o)
                0x00004f1c                memchr
 .text.__malloc_lock
                0x00004f32        0x2 c:/program files (x86)/atmel/studio/7.0/toolchain/arm/arm-gnu-toolchain/bin/../lib/gcc/arm-none-eabi/6.2.1/../../../../arm-none-eabi/lib/thumb/v6-m\libc_nano.a(lib_a-mlock.o)
                0x00004f32                __malloc_lock
 .text.__malloc_unlock
                0x00004f34        0x2 c:/program files (x86)/atmel/studio/7.0/toolchain/arm/arm-gnu-toolchain/bin/../lib/gcc/arm-none-eabi/6.2.1/../../../../arm-none-eabi/lib/thumb/v6-m\libc_nano.a(lib_a-mlock.o)
                0x00004f34                __malloc_unlock
 *fill*         0x00004f36        0x2 
 .text._read_r  0x00004f38       0x28 c:/program files (x86)/atmel/studio/7.0/toolchain/arm/arm-gnu-toolchain/bin/../lib/gcc/arm-none-eabi/6.2.1/../../../../arm-none-eabi/lib/thumb/v6-m\libc_nano.a(lib_a-readr.o)
                0x00004f38                _read_r
 *(.glue_7t)
 .glue_7t       0x00004f60        0x0 linker stubs
 *(.glue_7)
 .glue_7        0x00004f60        0x0 linker stubs
 *(.rodata .rodata* .gnu.linkonce.r.*)
 .rodata.adc_init
                0x00004f60       0xd4 src/ASF/sam0/drivers/adc/adc_sam_l_c/adc.o
 .rodata        0x00005034       0x60 src/ASF/sam0/drivers/adc/adc_sam_l_c/adc.o
 .rodata._adc_apbcmasks
                0x00005094        0x8 src/ASF/sam0/drivers/adc/adc_sam_l_c/adc.o
                0x00005094                _adc_apbcmasks
 .rodata._adc_biascomp_addr
                0x0000509c        0x8 src/ASF/sam0/drivers/adc/adc_sam_l_c/adc.o
                0x0000509c                _adc_biascomp_addr
 .rodata._adc_biascomp_pos
                0x000050a4        0x2 src/ASF/sam0/drivers/adc/adc_sam_l_c/adc.o
                0x000050a4                _adc_biascomp_pos
 *fill*         0x000050a6        0x2 
 .rodata._adc_biasrefbuf_addr
                0x000050a8        0x8 src/ASF/sam0/drivers/adc/adc_sam_l_c/adc.o
                0x000050a8                _adc_biasrefbuf_addr
 .rodata._adc_biasrefbuf_pos
                0x000050b0        0x2 src/ASF/sam0/drivers/adc/adc_sam_l_c/adc.o
                0x000050b0                _adc_biasrefbuf_pos
 *fill*         0x000050b2        0x2 
 .rodata._adc_extchannel_msb
                0x000050b4        0x8 src/ASF/sam0/drivers/adc/adc_sam_l_c/adc.o
                0x000050b4                _adc_extchannel_msb
 .rodata._adc_gclk_ids
                0x000050bc        0x2 src/ASF/sam0/drivers/adc/adc_sam_l_c/adc.o
                0x000050bc                _adc_gclk_ids
 *fill*         0x000050be        0x2 
 .rodata._tcc_intflag
                0x000050c0       0x30 src/ASF/sam0/drivers/tcc/tcc_callback.o
                0x000050c0                _tcc_intflag
 .rodata        0x000050f0       0x18 src/ASF/sam0/drivers/sercom/sercom.o
 .rodata.system_clock_source_get_hz
                0x00005108       0x20 src/ASF/sam0/drivers/system/clock/clock_samc20_c21/clock.o
 .rodata.system_clock_source_enable
                0x00005128       0x20 src/ASF/sam0/drivers/system/clock/clock_samc20_c21/clock.o
 .rodata.adc_interrupt_vectors.13786
                0x00005148        0x2 src/main.o
 *fill*         0x0000514a        0x2 
 .rodata.battery_charge_calculation.str1.4
                0x0000514c       0x4e src/main.o
 *fill*         0x0000519a        0x2 
 .rodata.battery_init.str1.4
                0x0000519c       0x2b src/main.o
 *fill*         0x000051c7        0x1 
 .rodata.charger_detection.str1.4
                0x000051c8       0x26 src/main.o
 *fill*         0x000051ee        0x2 
 .rodata.rtc_match_callback.str1.4
                0x000051f0       0x40 src/main.o
                                 0x3d (size before relaxing)
 .rodata._global_impure_ptr
                0x00005230        0x4 c:/program files (x86)/atmel/studio/7.0/toolchain/arm/arm-gnu-toolchain/bin/../lib/gcc/arm-none-eabi/6.2.1/../../../../arm-none-eabi/lib/thumb/v6-m\libc_nano.a(lib_a-impure.o)
                0x00005230                _global_impure_ptr
 .rodata.__sf_fake_stderr
                0x00005234       0x20 c:/program files (x86)/atmel/studio/7.0/toolchain/arm/arm-gnu-toolchain/bin/../lib/gcc/arm-none-eabi/6.2.1/../../../../arm-none-eabi/lib/thumb/v6-m\libc_nano.a(lib_a-findfp.o)
                0x00005234                __sf_fake_stderr
 .rodata.__sf_fake_stdin
                0x00005254       0x20 c:/program files (x86)/atmel/studio/7.0/toolchain/arm/arm-gnu-toolchain/bin/../lib/gcc/arm-none-eabi/6.2.1/../../../../arm-none-eabi/lib/thumb/v6-m\libc_nano.a(lib_a-findfp.o)
                0x00005254                __sf_fake_stdin
 .rodata.__sf_fake_stdout
                0x00005274       0x20 c:/program files (x86)/atmel/studio/7.0/toolchain/arm/arm-gnu-toolchain/bin/../lib/gcc/arm-none-eabi/6.2.1/../../../../arm-none-eabi/lib/thumb/v6-m\libc_nano.a(lib_a-findfp.o)
                0x00005274                __sf_fake_stdout
 .rodata._vfprintf_r.str1.1
                0x00005294       0x11 c:/program files (x86)/atmel/studio/7.0/toolchain/arm/arm-gnu-toolchain/bin/../lib/gcc/arm-none-eabi/6.2.1/../../../../arm-none-eabi/lib/thumb/v6-m\libc_nano.a(lib_a-nano-vfprintf.o)
 .rodata._printf_i.str1.1
                0x000052a5       0x22 c:/program files (x86)/atmel/studio/7.0/toolchain/arm/arm-gnu-toolchain/bin/../lib/gcc/arm-none-eabi/6.2.1/../../../../arm-none-eabi/lib/thumb/v6-m\libc_nano.a(lib_a-nano-vfprintf_i.o)
 *(.ARM.extab* .gnu.linkonce.armextab.*)
                0x000052c8                . = ALIGN (0x4)
 *fill*         0x000052c7        0x1 
 *(.init)
 .init          0x000052c8        0x4 c:/program files (x86)/atmel/studio/7.0/toolchain/arm/arm-gnu-toolchain/bin/../lib/gcc/arm-none-eabi/6.2.1/thumb/v6-m/crti.o
                0x000052c8                _init
 .init          0x000052cc        0x8 c:/program files (x86)/atmel/studio/7.0/toolchain/arm/arm-gnu-toolchain/bin/../lib/gcc/arm-none-eabi/6.2.1/thumb/v6-m/crtn.o
                0x000052d4                . = ALIGN (0x4)
                0x000052d4                __preinit_array_start = .
 *(.preinit_array)
                0x000052d4                __preinit_array_end = .
                0x000052d4                . = ALIGN (0x4)
                0x000052d4                __init_array_start = .
 *(SORT(.init_array.*))
 *(.init_array)
 .init_array    0x000052d4        0x4 c:/program files (x86)/atmel/studio/7.0/toolchain/arm/arm-gnu-toolchain/bin/../lib/gcc/arm-none-eabi/6.2.1/thumb/v6-m/crtbegin.o
                0x000052d8                __init_array_end = .
                0x000052d8                . = ALIGN (0x4)
 *crtbegin.o(.ctors)
 *(EXCLUDE_FILE(*crtend.o) .ctors)
 *(SORT(.ctors.*))
 *crtend.o(.ctors)
                0x000052d8                . = ALIGN (0x4)
 *(.fini)
 .fini          0x000052d8        0x4 c:/program files (x86)/atmel/studio/7.0/toolchain/arm/arm-gnu-toolchain/bin/../lib/gcc/arm-none-eabi/6.2.1/thumb/v6-m/crti.o
                0x000052d8                _fini
 .fini          0x000052dc        0x8 c:/program files (x86)/atmel/studio/7.0/toolchain/arm/arm-gnu-toolchain/bin/../lib/gcc/arm-none-eabi/6.2.1/thumb/v6-m/crtn.o
                0x000052e4                . = ALIGN (0x4)
                0x000052e4                __fini_array_start = .
 *(.fini_array)
 .fini_array    0x000052e4        0x4 c:/program files (x86)/atmel/studio/7.0/toolchain/arm/arm-gnu-toolchain/bin/../lib/gcc/arm-none-eabi/6.2.1/thumb/v6-m/crtbegin.o
 *(SORT(.fini_array.*))
                0x000052e8                __fini_array_end = .
 *crtbegin.o(.dtors)
 *(EXCLUDE_FILE(*crtend.o) .dtors)
 *(SORT(.dtors.*))
 *crtend.o(.dtors)
                0x000052e8                . = ALIGN (0x4)
                0x000052e8                _efixed = .
                [!provide]                PROVIDE (__exidx_start, .)

.vfp11_veneer   0x000052e8        0x0
 .vfp11_veneer  0x000052e8        0x0 linker stubs

.v4_bx          0x000052e8        0x0
 .v4_bx         0x000052e8        0x0 linker stubs

.iplt           0x000052e8        0x0
 .iplt          0x000052e8        0x0 c:/program files (x86)/atmel/studio/7.0/toolchain/arm/arm-gnu-toolchain/bin/../lib/gcc/arm-none-eabi/6.2.1/thumb/v6-m/crtbegin.o

.ARM.exidx      0x000052e8        0x8
 *(.ARM.exidx* .gnu.linkonce.armexidx.*)
 .ARM.exidx     0x000052e8        0x8 c:/program files (x86)/atmel/studio/7.0/toolchain/arm/arm-gnu-toolchain/bin/../lib/gcc/arm-none-eabi/6.2.1/thumb/v6-m\libgcc.a(_udivmoddi4.o)
                [!provide]                PROVIDE (__exidx_end, .)

.eh_frame       0x000052f0        0x0
 .eh_frame      0x000052f0        0x0 c:/program files (x86)/atmel/studio/7.0/toolchain/arm/arm-gnu-toolchain/bin/../lib/gcc/arm-none-eabi/6.2.1/thumb/v6-m/crtbegin.o

.rel.dyn        0x000052f0        0x0
 .rel.iplt      0x000052f0        0x0 c:/program files (x86)/atmel/studio/7.0/toolchain/arm/arm-gnu-toolchain/bin/../lib/gcc/arm-none-eabi/6.2.1/thumb/v6-m/crtbegin.o

.jcr            0x000052f0        0x0
 .jcr           0x000052f0        0x0 c:/program files (x86)/atmel/studio/7.0/toolchain/arm/arm-gnu-toolchain/bin/../lib/gcc/arm-none-eabi/6.2.1/thumb/v6-m/crtbegin.o

.igot.plt       0x000052f0        0x0
 .igot.plt      0x000052f0        0x0 c:/program files (x86)/atmel/studio/7.0/toolchain/arm/arm-gnu-toolchain/bin/../lib/gcc/arm-none-eabi/6.2.1/thumb/v6-m/crtbegin.o
                0x000052f0                . = ALIGN (0x4)
                0x000052f0                _etext = .

.relocate       0x20000000       0x94 load address 0x000052f0
                0x20000000                . = ALIGN (0x4)
                0x20000000                _srelocate = .
 *(.ramfunc .ramfunc.*)
 *(.data .data.*)
 .data._events_inst
                0x20000000       0x14 src/ASF/sam0/drivers/events/events_sam_l_c/events.o
                0x20000000                _events_inst
 .data.g_interrupt_enabled
                0x20000014        0x1 src/ASF/common/utils/interrupt/interrupt_sam_nvic.o
                0x20000014                g_interrupt_enabled
 *fill*         0x20000015        0x3 
 .data.calibrated_battery_capacity
                0x20000018        0x4 src/main.o
                0x20000018                calibrated_battery_capacity
 .data.requestAction
                0x2000001c        0x8 src/main.o
                0x2000001c                requestAction
 .data.second_count.16224
                0x20000024        0x1 src/main.o
 *fill*         0x20000025        0x3 
 .data.setAction
                0x20000028        0x8 src/main.o
                0x20000028                setAction
 .data._impure_ptr
                0x20000030        0x4 c:/program files (x86)/atmel/studio/7.0/toolchain/arm/arm-gnu-toolchain/bin/../lib/gcc/arm-none-eabi/6.2.1/../../../../arm-none-eabi/lib/thumb/v6-m\libc_nano.a(lib_a-impure.o)
                0x20000030                _impure_ptr
 .data.impure_data
                0x20000034       0x60 c:/program files (x86)/atmel/studio/7.0/toolchain/arm/arm-gnu-toolchain/bin/../lib/gcc/arm-none-eabi/6.2.1/../../../../arm-none-eabi/lib/thumb/v6-m\libc_nano.a(lib_a-impure.o)
                0x20000094                . = ALIGN (0x4)
                0x20000094                _erelocate = .

.bss            0x20000098      0x4a0 load address 0x00005388
                0x20000098                . = ALIGN (0x4)
                0x20000098                _sbss = .
                0x20000098                _szero = .
 *(.bss .bss.*)
 .bss           0x20000098       0x1c c:/program files (x86)/atmel/studio/7.0/toolchain/arm/arm-gnu-toolchain/bin/../lib/gcc/arm-none-eabi/6.2.1/thumb/v6-m/crtbegin.o
 .bss.cpu_irq_critical_section_counter
                0x200000b4        0x4 src/ASF/common/utils/interrupt/interrupt_sam_nvic.o
 .bss.cpu_irq_prev_interrupt_state
                0x200000b8        0x1 src/ASF/common/utils/interrupt/interrupt_sam_nvic.o
 *fill*         0x200000b9        0x3 
 .bss.can0_rx_buffer
                0x200000bc       0x40 src/ASF/sam0/drivers/can/can.o
 .bss.can0_rx_extended_filter
                0x200000fc       0x10 src/ASF/sam0/drivers/can/can.o
 .bss.can0_rx_fifo_0
                0x2000010c       0x40 src/ASF/sam0/drivers/can/can.o
 .bss.can0_rx_fifo_1
                0x2000014c       0x40 src/ASF/sam0/drivers/can/can.o
 .bss.can0_rx_standard_filter
                0x2000018c       0x10 src/ASF/sam0/drivers/can/can.o
 .bss.can0_tx_buffer
                0x2000019c       0x40 src/ASF/sam0/drivers/can/can.o
 .bss.can0_tx_event_fifo
                0x200001dc       0x20 src/ASF/sam0/drivers/can/can.o
 .bss.can1_rx_buffer
                0x200001fc       0x40 src/ASF/sam0/drivers/can/can.o
 .bss.can1_rx_extended_filter
                0x2000023c       0x10 src/ASF/sam0/drivers/can/can.o
 .bss.can1_rx_fifo_0
                0x2000024c       0x40 src/ASF/sam0/drivers/can/can.o
 .bss.can1_rx_fifo_1
                0x2000028c       0x40 src/ASF/sam0/drivers/can/can.o
 .bss.can1_rx_standard_filter
                0x200002cc       0x10 src/ASF/sam0/drivers/can/can.o
 .bss.can1_tx_buffer
                0x200002dc       0x40 src/ASF/sam0/drivers/can/can.o
 .bss.can1_tx_event_fifo
                0x2000031c       0x20 src/ASF/sam0/drivers/can/can.o
 .bss._sercom_config
                0x2000033c        0x2 src/ASF/sam0/drivers/sercom/sercom.o
 .bss._handler_table_initialized
                0x2000033e        0x1 src/ASF/sam0/drivers/sercom/sercom_interrupt.o
 *fill*         0x2000033f        0x1 
 .bss._sercom_interrupt_handlers
                0x20000340       0x18 src/ASF/sam0/drivers/sercom/sercom_interrupt.o
 .bss._system_clock_inst
                0x20000358        0xc src/ASF/sam0/drivers/system/clock/clock_samc20_c21/clock.o
 .bss.heap.5276
                0x20000364        0x4 src/ASF/sam0/utils/syscalls/gcc/syscalls.o
 .bss.avg_charge_current_reading
                0x20000368        0x2 src/main.o
                0x20000368                avg_charge_current_reading
 .bss.avg_charge_current_reading_old.16129
                0x2000036a        0x2 src/main.o
 .bss.avg_discharge_current_reading
                0x2000036c        0x2 src/main.o
                0x2000036c                avg_discharge_current_reading
 .bss.avg_discharge_current_reading_old.16130
                0x2000036e        0x2 src/main.o
 .bss.battery_data
                0x20000370       0x10 src/main.o
                0x20000370                battery_data
 .bss.battery_status
                0x20000380        0x1 src/main.o
                0x20000380                battery_status
 .bss.battery_status_new
                0x20000381        0x1 src/main.o
                0x20000381                battery_status_new
 .bss.battery_status_old
                0x20000382        0x1 src/main.o
                0x20000382                battery_status_old
 .bss.canMsgInFlag
                0x20000383        0x1 src/main.o
                0x20000383                canMsgInFlag
 .bss.can_instance
                0x20000384        0x4 src/main.o
 .bss.cdc_instance
                0x20000388       0x34 src/main.o
 .bss.charge_from_empty_flag
                0x200003bc        0x1 src/main.o
                0x200003bc                charge_from_empty_flag
 .bss.charge_remain_percentage
                0x200003bd        0x1 src/main.o
                0x200003bd                charge_remain_percentage
 *fill*         0x200003be        0x2 
 .bss.charge_sample_num
                0x200003c0        0x4 src/main.o
                0x200003c0                charge_sample_num
 .bss.charger_status
                0x200003c4        0x1 src/main.o
                0x200003c4                charger_status
 *fill*         0x200003c5        0x3 
 .bss.commandData
                0x200003c8       0x14 src/main.o
                0x200003c8                commandData
 .bss.commandDataLength
                0x200003dc        0x1 src/main.o
                0x200003dc                commandDataLength
 .bss.commandIndex
                0x200003dd        0x1 src/main.o
                0x200003dd                commandIndex
 *fill*         0x200003de        0x2 
 .bss.commandMsg
                0x200003e0       0x14 src/main.o
                0x200003e0                commandMsg
 .bss.commandReady
                0x200003f4        0x1 src/main.o
                0x200003f4                commandReady
 .bss.commandType
                0x200003f5        0x1 src/main.o
                0x200003f5                commandType
 .bss.dateReportFlag
                0x200003f6        0x1 src/main.o
                0x200003f6                dateReportFlag
 *fill*         0x200003f7        0x1 
 .bss.delta_charge
                0x200003f8        0x4 src/main.o
 .bss.discharge_from_full_flag
                0x200003fc        0x1 src/main.o
                0x200003fc                discharge_from_full_flag
 *fill*         0x200003fd        0x3 
 .bss.discharge_sample_num
                0x20000400        0x4 src/main.o
                0x20000400                discharge_sample_num
 .bss.extended_receive_index
                0x20000404        0x4 src/main.o
 .bss.rx_element_buffer
                0x20000408       0x10 src/main.o
 .bss.rx_element_fifo_0
                0x20000418       0x10 src/main.o
 .bss.rx_element_fifo_1
                0x20000428       0x10 src/main.o
 .bss.standard_receive_index
                0x20000438        0x4 src/main.o
 .bss.system_busy_flag
                0x2000043c        0x1 src/main.o
                0x2000043c                system_busy_flag
 *fill*         0x2000043d        0x3 
 .bss.time_data
                0x20000440        0x7 src/main.o
                0x20000440                time_data
 *fill*         0x20000447        0x1 
 .bss.time_index
                0x20000448        0x4 src/main.o
                0x20000448                time_index
 *fill*         0x2000044c        0x4 
 .bss.total_charge_current
                0x20000450        0x8 src/main.o
                0x20000450                total_charge_current
 .bss.total_discharge_current
                0x20000458        0x8 src/main.o
                0x20000458                total_discharge_current
 .bss.__malloc_free_list
                0x20000460        0x4 c:/program files (x86)/atmel/studio/7.0/toolchain/arm/arm-gnu-toolchain/bin/../lib/gcc/arm-none-eabi/6.2.1/../../../../arm-none-eabi/lib/thumb/v6-m\libc_nano.a(lib_a-nano-mallocr.o)
                0x20000460                __malloc_free_list
 .bss.__malloc_sbrk_start
                0x20000464        0x4 c:/program files (x86)/atmel/studio/7.0/toolchain/arm/arm-gnu-toolchain/bin/../lib/gcc/arm-none-eabi/6.2.1/../../../../arm-none-eabi/lib/thumb/v6-m\libc_nano.a(lib_a-nano-mallocr.o)
                0x20000464                __malloc_sbrk_start
 *(COMMON)
 COMMON         0x20000468        0x8 src/ASF/sam0/drivers/adc/adc_sam_l_c/adc_callback.o
                0x20000468                _adc_instances
 COMMON         0x20000470        0x4 src/ASF/sam0/drivers/rtc/rtc_sam_l_c/rtc_calendar.o
                0x20000470                _rtc_instance
 COMMON         0x20000474        0x4 src/ASF/sam0/drivers/tsens/tsens_callback.o
                0x20000474                _tsens_instances
 COMMON         0x20000478        0xc src/ASF/sam0/drivers/tcc/tcc_callback.o
                0x20000478                _tcc_instances
 COMMON         0x20000484        0x1 src/ASF/sam0/drivers/can/can.o
                0x20000484                gclk_chan_conf
 *fill*         0x20000485        0x3 
 COMMON         0x20000488       0x18 src/ASF/sam0/drivers/sercom/sercom_interrupt.o
                0x20000488                _sercom_instances
 COMMON         0x200004a0        0x4 src/ASF/sam0/utils/stdio/read.o
                0x200004a0                ptr_get
 COMMON         0x200004a4        0x8 src/ASF/sam0/utils/stdio/write.o
                0x200004a4                ptr_put
                0x200004a8                stdio_base
 COMMON         0x200004ac       0x88 src/main.o
                0x200004ac                rtc_instance
                0x200004e0                raw_result
                0x200004e4                adc_charge_signal_voltage
                0x200004e8                charge_voltage_adc_result
                0x200004ec                config_port_pin
                0x200004f0                alarm
                0x200004fa                temprerature_adc_result
                0x200004fc                dac_instance
                0x20000504                discharge_current_adc_result
                0x20000506                adc_current
                0x20000508                adc_voltage
                0x2000050c                adc_discharge_signal_voltage
                0x20000510                charge_current_adc_result
                0x20000512                temprerature_value
                0x20000514                adc_instance
 COMMON         0x20000534        0x4 c:/program files (x86)/atmel/studio/7.0/toolchain/arm/arm-gnu-toolchain/bin/../lib/gcc/arm-none-eabi/6.2.1/../../../../arm-none-eabi/lib/thumb/v6-m\libc_nano.a(lib_a-reent.o)
                0x20000534                errno
                0x20000538                . = ALIGN (0x4)
                0x20000538                _ebss = .
                0x20000538                _ezero = .

.stack          0x20000538     0x2000 load address 0x00005828
                0x20000538                . = ALIGN (0x8)
                0x20000538                _sstack = .
                0x20002538                . = (. + STACK_SIZE)
 *fill*         0x20000538     0x2000 
                0x20002538                . = ALIGN (0x8)
                0x20002538                _estack = .
                0x20002538                . = ALIGN (0x4)
                0x20002538                _end = .
OUTPUT(BMS.elf elf32-littlearm)

.ARM.attributes
                0x00000000       0x28
 .ARM.attributes
                0x00000000       0x1e c:/program files (x86)/atmel/studio/7.0/toolchain/arm/arm-gnu-toolchain/bin/../lib/gcc/arm-none-eabi/6.2.1/thumb/v6-m/crti.o
 .ARM.attributes
                0x0000001e       0x2c c:/program files (x86)/atmel/studio/7.0/toolchain/arm/arm-gnu-toolchain/bin/../lib/gcc/arm-none-eabi/6.2.1/thumb/v6-m/crtbegin.o
 .ARM.attributes
                0x0000004a       0x32 src/ASF/sam0/drivers/adc/adc_sam_l_c/adc.o
 .ARM.attributes
                0x0000007c       0x32 src/ASF/sam0/drivers/adc/adc_sam_l_c/adc_callback.o
 .ARM.attributes
                0x000000ae       0x32 src/ASF/sam0/drivers/dac/dac_sam_d_c/dac.o
 .ARM.attributes
                0x000000e0       0x32 src/ASF/sam0/drivers/rtc/rtc_sam_l_c/rtc_calendar.o
 .ARM.attributes
                0x00000112       0x32 src/ASF/sam0/drivers/rtc/rtc_sam_l_c/rtc_calendar_interrupt.o
 .ARM.attributes
                0x00000144       0x32 src/ASF/sam0/drivers/tsens/tsens.o
 .ARM.attributes
                0x00000176       0x32 src/ASF/sam0/drivers/tsens/tsens_callback.o
 .ARM.attributes
                0x000001a8       0x32 src/ASF/sam0/drivers/tcc/tcc_callback.o
 .ARM.attributes
                0x000001da       0x32 src/ASF/sam0/drivers/events/events_hooks.o
 .ARM.attributes
                0x0000020c       0x32 src/ASF/sam0/drivers/events/events_sam_l_c/events.o
 .ARM.attributes
                0x0000023e       0x32 src/ASF/common/utils/interrupt/interrupt_sam_nvic.o
 .ARM.attributes
                0x00000270       0x32 src/ASF/sam0/boards/samc21_xplained_pro/board_init.o
 .ARM.attributes
                0x000002a2       0x32 src/ASF/sam0/drivers/can/can.o
 .ARM.attributes
                0x000002d4       0x32 src/ASF/sam0/drivers/port/port.o
 .ARM.attributes
                0x00000306       0x32 src/ASF/sam0/drivers/sercom/sercom.o
 .ARM.attributes
                0x00000338       0x32 src/ASF/sam0/drivers/sercom/sercom_interrupt.o
 .ARM.attributes
                0x0000036a       0x32 src/ASF/sam0/drivers/sercom/usart/usart.o
 .ARM.attributes
                0x0000039c       0x32 src/ASF/sam0/drivers/sercom/usart/usart_interrupt.o
 .ARM.attributes
                0x000003ce       0x32 src/ASF/sam0/drivers/system/clock/clock_samc20_c21/clock.o
 .ARM.attributes
                0x00000400       0x32 src/ASF/sam0/drivers/system/clock/clock_samc20_c21/gclk.o
 .ARM.attributes
                0x00000432       0x32 src/ASF/sam0/drivers/system/pinmux/pinmux.o
 .ARM.attributes
                0x00000464       0x32 src/ASF/sam0/drivers/system/system.o
 .ARM.attributes
                0x00000496       0x32 src/ASF/sam0/utils/cmsis/samc21/source/gcc/startup_samc21.o
 .ARM.attributes
                0x000004c8       0x32 src/ASF/sam0/utils/stdio/read.o
 .ARM.attributes
                0x000004fa       0x32 src/ASF/sam0/utils/stdio/write.o
 .ARM.attributes
                0x0000052c       0x32 src/ASF/sam0/utils/syscalls/gcc/syscalls.o
 .ARM.attributes
                0x0000055e       0x32 src/main.o
 .ARM.attributes
                0x00000590       0x1e c:/program files (x86)/atmel/studio/7.0/toolchain/arm/arm-gnu-toolchain/bin/../lib/gcc/arm-none-eabi/6.2.1/thumb/v6-m\libgcc.a(_udivsi3.o)
 .ARM.attributes
                0x000005ae       0x1e c:/program files (x86)/atmel/studio/7.0/toolchain/arm/arm-gnu-toolchain/bin/../lib/gcc/arm-none-eabi/6.2.1/thumb/v6-m\libgcc.a(_dvmd_tls.o)
 .ARM.attributes
                0x000005cc       0x1e c:/program files (x86)/atmel/studio/7.0/toolchain/arm/arm-gnu-toolchain/bin/../lib/gcc/arm-none-eabi/6.2.1/thumb/v6-m\libgcc.a(_aeabi_uldivmod.o)
 .ARM.attributes
                0x000005ea       0x2c c:/program files (x86)/atmel/studio/7.0/toolchain/arm/arm-gnu-toolchain/bin/../lib/gcc/arm-none-eabi/6.2.1/thumb/v6-m\libgcc.a(_muldi3.o)
 .ARM.attributes
                0x00000616       0x2c c:/program files (x86)/atmel/studio/7.0/toolchain/arm/arm-gnu-toolchain/bin/../lib/gcc/arm-none-eabi/6.2.1/thumb/v6-m\libgcc.a(_udivmoddi4.o)
 .ARM.attributes
                0x00000642       0x1e c:/program files (x86)/atmel/studio/7.0/toolchain/arm/arm-gnu-toolchain/bin/../lib/gcc/arm-none-eabi/6.2.1/thumb/v6-m\libgcc.a(_clzdi2.o)
 .ARM.attributes
                0x00000660       0x1e c:/program files (x86)/atmel/studio/7.0/toolchain/arm/arm-gnu-toolchain/bin/../lib/gcc/arm-none-eabi/6.2.1/thumb/v6-m\libgcc.a(_clzsi2.o)
 .ARM.attributes
                0x0000067e       0x2c c:/program files (x86)/atmel/studio/7.0/toolchain/arm/arm-gnu-toolchain/bin/../lib/gcc/arm-none-eabi/6.2.1/../../../../arm-none-eabi/lib/thumb/v6-m\libc_nano.a(lib_a-impure.o)
 .ARM.attributes
                0x000006aa       0x2c c:/program files (x86)/atmel/studio/7.0/toolchain/arm/arm-gnu-toolchain/bin/../lib/gcc/arm-none-eabi/6.2.1/../../../../arm-none-eabi/lib/thumb/v6-m\libc_nano.a(lib_a-init.o)
 .ARM.attributes
                0x000006d6       0x2c c:/program files (x86)/atmel/studio/7.0/toolchain/arm/arm-gnu-toolchain/bin/../lib/gcc/arm-none-eabi/6.2.1/../../../../arm-none-eabi/lib/thumb/v6-m\libc_nano.a(lib_a-memcpy-stub.o)
 .ARM.attributes
                0x00000702       0x2c c:/program files (x86)/atmel/studio/7.0/toolchain/arm/arm-gnu-toolchain/bin/../lib/gcc/arm-none-eabi/6.2.1/../../../../arm-none-eabi/lib/thumb/v6-m\libc_nano.a(lib_a-memset.o)
 .ARM.attributes
                0x0000072e       0x2c c:/program files (x86)/atmel/studio/7.0/toolchain/arm/arm-gnu-toolchain/bin/../lib/gcc/arm-none-eabi/6.2.1/../../../../arm-none-eabi/lib/thumb/v6-m\libc_nano.a(lib_a-printf.o)
 .ARM.attributes
                0x0000075a       0x2c c:/program files (x86)/atmel/studio/7.0/toolchain/arm/arm-gnu-toolchain/bin/../lib/gcc/arm-none-eabi/6.2.1/../../../../arm-none-eabi/lib/thumb/v6-m\libc_nano.a(lib_a-puts.o)
 .ARM.attributes
                0x00000786       0x2c c:/program files (x86)/atmel/studio/7.0/toolchain/arm/arm-gnu-toolchain/bin/../lib/gcc/arm-none-eabi/6.2.1/../../../../arm-none-eabi/lib/thumb/v6-m\libc_nano.a(lib_a-setbuf.o)
 .ARM.attributes
                0x000007b2       0x2c c:/program files (x86)/atmel/studio/7.0/toolchain/arm/arm-gnu-toolchain/bin/../lib/gcc/arm-none-eabi/6.2.1/../../../../arm-none-eabi/lib/thumb/v6-m\libc_nano.a(lib_a-setvbuf.o)
 .ARM.attributes
                0x000007de       0x2c c:/program files (x86)/atmel/studio/7.0/toolchain/arm/arm-gnu-toolchain/bin/../lib/gcc/arm-none-eabi/6.2.1/../../../../arm-none-eabi/lib/thumb/v6-m\libc_nano.a(lib_a-wbuf.o)
 .ARM.attributes
                0x0000080a       0x2c c:/program files (x86)/atmel/studio/7.0/toolchain/arm/arm-gnu-toolchain/bin/../lib/gcc/arm-none-eabi/6.2.1/../../../../arm-none-eabi/lib/thumb/v6-m\libc_nano.a(lib_a-wsetup.o)
 .ARM.attributes
                0x00000836       0x2c c:/program files (x86)/atmel/studio/7.0/toolchain/arm/arm-gnu-toolchain/bin/../lib/gcc/arm-none-eabi/6.2.1/../../../../arm-none-eabi/lib/thumb/v6-m\libc_nano.a(lib_a-fflush.o)
 .ARM.attributes
                0x00000862       0x2c c:/program files (x86)/atmel/studio/7.0/toolchain/arm/arm-gnu-toolchain/bin/../lib/gcc/arm-none-eabi/6.2.1/../../../../arm-none-eabi/lib/thumb/v6-m\libc_nano.a(lib_a-findfp.o)
 .ARM.attributes
                0x0000088e       0x2c c:/program files (x86)/atmel/studio/7.0/toolchain/arm/arm-gnu-toolchain/bin/../lib/gcc/arm-none-eabi/6.2.1/../../../../arm-none-eabi/lib/thumb/v6-m\libc_nano.a(lib_a-fwalk.o)
 .ARM.attributes
                0x000008ba       0x2c c:/program files (x86)/atmel/studio/7.0/toolchain/arm/arm-gnu-toolchain/bin/../lib/gcc/arm-none-eabi/6.2.1/../../../../arm-none-eabi/lib/thumb/v6-m\libc_nano.a(lib_a-makebuf.o)
 .ARM.attributes
                0x000008e6       0x2c c:/program files (x86)/atmel/studio/7.0/toolchain/arm/arm-gnu-toolchain/bin/../lib/gcc/arm-none-eabi/6.2.1/../../../../arm-none-eabi/lib/thumb/v6-m\libc_nano.a(lib_a-malloc.o)
 .ARM.attributes
                0x00000912       0x2c c:/program files (x86)/atmel/studio/7.0/toolchain/arm/arm-gnu-toolchain/bin/../lib/gcc/arm-none-eabi/6.2.1/../../../../arm-none-eabi/lib/thumb/v6-m\libc_nano.a(lib_a-nano-freer.o)
 .ARM.attributes
                0x0000093e       0x2c c:/program files (x86)/atmel/studio/7.0/toolchain/arm/arm-gnu-toolchain/bin/../lib/gcc/arm-none-eabi/6.2.1/../../../../arm-none-eabi/lib/thumb/v6-m\libc_nano.a(lib_a-nano-mallocr.o)
 .ARM.attributes
                0x0000096a       0x2c c:/program files (x86)/atmel/studio/7.0/toolchain/arm/arm-gnu-toolchain/bin/../lib/gcc/arm-none-eabi/6.2.1/../../../../arm-none-eabi/lib/thumb/v6-m\libc_nano.a(lib_a-nano-vfprintf.o)
 .ARM.attributes
                0x00000996       0x2c c:/program files (x86)/atmel/studio/7.0/toolchain/arm/arm-gnu-toolchain/bin/../lib/gcc/arm-none-eabi/6.2.1/../../../../arm-none-eabi/lib/thumb/v6-m\libc_nano.a(lib_a-nano-vfprintf_i.o)
 .ARM.attributes
                0x000009c2       0x2c c:/program files (x86)/atmel/studio/7.0/toolchain/arm/arm-gnu-toolchain/bin/../lib/gcc/arm-none-eabi/6.2.1/../../../../arm-none-eabi/lib/thumb/v6-m\libc_nano.a(lib_a-sbrkr.o)
 .ARM.attributes
                0x000009ee       0x2c c:/program files (x86)/atmel/studio/7.0/toolchain/arm/arm-gnu-toolchain/bin/../lib/gcc/arm-none-eabi/6.2.1/../../../../arm-none-eabi/lib/thumb/v6-m\libc_nano.a(lib_a-stdio.o)
 .ARM.attributes
                0x00000a1a       0x2c c:/program files (x86)/atmel/studio/7.0/toolchain/arm/arm-gnu-toolchain/bin/../lib/gcc/arm-none-eabi/6.2.1/../../../../arm-none-eabi/lib/thumb/v6-m\libc_nano.a(lib_a-writer.o)
 .ARM.attributes
                0x00000a46       0x2c c:/program files (x86)/atmel/studio/7.0/toolchain/arm/arm-gnu-toolchain/bin/../lib/gcc/arm-none-eabi/6.2.1/../../../../arm-none-eabi/lib/thumb/v6-m\libc_nano.a(lib_a-closer.o)
 .ARM.attributes
                0x00000a72       0x2c c:/program files (x86)/atmel/studio/7.0/toolchain/arm/arm-gnu-toolchain/bin/../lib/gcc/arm-none-eabi/6.2.1/../../../../arm-none-eabi/lib/thumb/v6-m\libc_nano.a(lib_a-fstatr.o)
 .ARM.attributes
                0x00000a9e       0x2c c:/program files (x86)/atmel/studio/7.0/toolchain/arm/arm-gnu-toolchain/bin/../lib/gcc/arm-none-eabi/6.2.1/../../../../arm-none-eabi/lib/thumb/v6-m\libc_nano.a(lib_a-isattyr.o)
 .ARM.attributes
                0x00000aca       0x2c c:/program files (x86)/atmel/studio/7.0/toolchain/arm/arm-gnu-toolchain/bin/../lib/gcc/arm-none-eabi/6.2.1/../../../../arm-none-eabi/lib/thumb/v6-m\libc_nano.a(lib_a-lseekr.o)
 .ARM.attributes
                0x00000af6       0x2c c:/program files (x86)/atmel/studio/7.0/toolchain/arm/arm-gnu-toolchain/bin/../lib/gcc/arm-none-eabi/6.2.1/../../../../arm-none-eabi/lib/thumb/v6-m\libc_nano.a(lib_a-memchr-stub.o)
 .ARM.attributes
                0x00000b22       0x2c c:/program files (x86)/atmel/studio/7.0/toolchain/arm/arm-gnu-toolchain/bin/../lib/gcc/arm-none-eabi/6.2.1/../../../../arm-none-eabi/lib/thumb/v6-m\libc_nano.a(lib_a-mlock.o)
 .ARM.attributes
                0x00000b4e       0x2c c:/program files (x86)/atmel/studio/7.0/toolchain/arm/arm-gnu-toolchain/bin/../lib/gcc/arm-none-eabi/6.2.1/../../../../arm-none-eabi/lib/thumb/v6-m\libc_nano.a(lib_a-readr.o)
 .ARM.attributes
                0x00000b7a       0x2c c:/program files (x86)/atmel/studio/7.0/toolchain/arm/arm-gnu-toolchain/bin/../lib/gcc/arm-none-eabi/6.2.1/../../../../arm-none-eabi/lib/thumb/v6-m\libc_nano.a(lib_a-reent.o)
 .ARM.attributes
                0x00000ba6       0x1e c:/program files (x86)/atmel/studio/7.0/toolchain/arm/arm-gnu-toolchain/bin/../lib/gcc/arm-none-eabi/6.2.1/thumb/v6-m/crtn.o

.comment        0x00000000       0x59
 .comment       0x00000000       0x59 src/ASF/sam0/drivers/adc/adc_sam_l_c/adc.o
                                 0x5a (size before relaxing)
 .comment       0x00000059       0x5a src/ASF/sam0/drivers/adc/adc_sam_l_c/adc_callback.o
 .comment       0x00000059       0x5a src/ASF/sam0/drivers/dac/dac_sam_d_c/dac.o
 .comment       0x00000059       0x5a src/ASF/sam0/drivers/rtc/rtc_sam_l_c/rtc_calendar.o
 .comment       0x00000059       0x5a src/ASF/sam0/drivers/rtc/rtc_sam_l_c/rtc_calendar_interrupt.o
 .comment       0x00000059       0x5a src/ASF/sam0/drivers/tsens/tsens.o
 .comment       0x00000059       0x5a src/ASF/sam0/drivers/tsens/tsens_callback.o
 .comment       0x00000059       0x5a src/ASF/sam0/drivers/tcc/tcc_callback.o
 .comment       0x00000059       0x5a src/ASF/sam0/drivers/events/events_hooks.o
 .comment       0x00000059       0x5a src/ASF/sam0/drivers/events/events_sam_l_c/events.o
 .comment       0x00000059       0x5a src/ASF/common/utils/interrupt/interrupt_sam_nvic.o
 .comment       0x00000059       0x5a src/ASF/sam0/boards/samc21_xplained_pro/board_init.o
 .comment       0x00000059       0x5a src/ASF/sam0/drivers/can/can.o
 .comment       0x00000059       0x5a src/ASF/sam0/drivers/port/port.o
 .comment       0x00000059       0x5a src/ASF/sam0/drivers/sercom/sercom.o
 .comment       0x00000059       0x5a src/ASF/sam0/drivers/sercom/sercom_interrupt.o
 .comment       0x00000059       0x5a src/ASF/sam0/drivers/sercom/usart/usart.o
 .comment       0x00000059       0x5a src/ASF/sam0/drivers/sercom/usart/usart_interrupt.o
 .comment       0x00000059       0x5a src/ASF/sam0/drivers/system/clock/clock_samc20_c21/clock.o
 .comment       0x00000059       0x5a src/ASF/sam0/drivers/system/clock/clock_samc20_c21/gclk.o
 .comment       0x00000059       0x5a src/ASF/sam0/drivers/system/pinmux/pinmux.o
 .comment       0x00000059       0x5a src/ASF/sam0/drivers/system/system.o
 .comment       0x00000059       0x5a src/ASF/sam0/utils/cmsis/samc21/source/gcc/startup_samc21.o
 .comment       0x00000059       0x5a src/ASF/sam0/utils/stdio/read.o
 .comment       0x00000059       0x5a src/ASF/sam0/utils/stdio/write.o
 .comment       0x00000059       0x5a src/ASF/sam0/utils/syscalls/gcc/syscalls.o
 .comment       0x00000059       0x5a src/main.o

.debug_info     0x00000000    0x46644
 .debug_info    0x00000000     0x338d src/ASF/sam0/drivers/adc/adc_sam_l_c/adc.o
 .debug_info    0x0000338d     0x1d87 src/ASF/sam0/drivers/adc/adc_sam_l_c/adc_callback.o
 .debug_info    0x00005114     0x271e src/ASF/sam0/drivers/dac/dac_sam_d_c/dac.o
 .debug_info    0x00007832     0x421f src/ASF/sam0/drivers/rtc/rtc_sam_l_c/rtc_calendar.o
 .debug_info    0x0000ba51     0x290b src/ASF/sam0/drivers/rtc/rtc_sam_l_c/rtc_calendar_interrupt.o
 .debug_info    0x0000e35c     0x1d50 src/ASF/sam0/drivers/tsens/tsens.o
 .debug_info    0x000100ac     0x1518 src/ASF/sam0/drivers/tsens/tsens_callback.o
 .debug_info    0x000115c4     0x2fd3 src/ASF/sam0/drivers/tcc/tcc_callback.o
 .debug_info    0x00014597     0x1cc3 src/ASF/sam0/drivers/events/events_hooks.o
 .debug_info    0x0001625a     0x2675 src/ASF/sam0/drivers/events/events_sam_l_c/events.o
 .debug_info    0x000188cf      0xafb src/ASF/common/utils/interrupt/interrupt_sam_nvic.o
 .debug_info    0x000193ca     0x123e src/ASF/sam0/boards/samc21_xplained_pro/board_init.o
 .debug_info    0x0001a608     0x5606 src/ASF/sam0/drivers/can/can.o
 .debug_info    0x0001fc0e     0x1248 src/ASF/sam0/drivers/port/port.o
 .debug_info    0x00020e56     0x2ed8 src/ASF/sam0/drivers/sercom/sercom.o
 .debug_info    0x00023d2e     0x2cac src/ASF/sam0/drivers/sercom/sercom_interrupt.o
 .debug_info    0x000269da     0x4bca src/ASF/sam0/drivers/sercom/usart/usart.o
 .debug_info    0x0002b5a4     0x30bf src/ASF/sam0/drivers/sercom/usart/usart_interrupt.o
 .debug_info    0x0002e663     0x3a40 src/ASF/sam0/drivers/system/clock/clock_samc20_c21/clock.o
 .debug_info    0x000320a3     0x1c39 src/ASF/sam0/drivers/system/clock/clock_samc20_c21/gclk.o
 .debug_info    0x00033cdc     0x1387 src/ASF/sam0/drivers/system/pinmux/pinmux.o
 .debug_info    0x00035063      0xa67 src/ASF/sam0/drivers/system/system.o
 .debug_info    0x00035aca      0x523 src/ASF/sam0/utils/cmsis/samc21/source/gcc/startup_samc21.o
 .debug_info    0x00035fed      0xac3 src/ASF/sam0/utils/stdio/read.o
 .debug_info    0x00036ab0      0xac0 src/ASF/sam0/utils/stdio/write.o
 .debug_info    0x00037570      0xd8c src/ASF/sam0/utils/syscalls/gcc/syscalls.o
 .debug_info    0x000382fc     0xe348 src/main.o

.debug_abbrev   0x00000000     0x5d50
 .debug_abbrev  0x00000000      0x4a1 src/ASF/sam0/drivers/adc/adc_sam_l_c/adc.o
 .debug_abbrev  0x000004a1      0x3cc src/ASF/sam0/drivers/adc/adc_sam_l_c/adc_callback.o
 .debug_abbrev  0x0000086d      0x45c src/ASF/sam0/drivers/dac/dac_sam_d_c/dac.o
 .debug_abbrev  0x00000cc9      0x4cc src/ASF/sam0/drivers/rtc/rtc_sam_l_c/rtc_calendar.o
 .debug_abbrev  0x00001195      0x337 src/ASF/sam0/drivers/rtc/rtc_sam_l_c/rtc_calendar_interrupt.o
 .debug_abbrev  0x000014cc      0x3ae src/ASF/sam0/drivers/tsens/tsens.o
 .debug_abbrev  0x0000187a      0x310 src/ASF/sam0/drivers/tsens/tsens_callback.o
 .debug_abbrev  0x00001b8a      0x399 src/ASF/sam0/drivers/tcc/tcc_callback.o
 .debug_abbrev  0x00001f23      0x33c src/ASF/sam0/drivers/events/events_hooks.o
 .debug_abbrev  0x0000225f      0x4a8 src/ASF/sam0/drivers/events/events_sam_l_c/events.o
 .debug_abbrev  0x00002707      0x22c src/ASF/common/utils/interrupt/interrupt_sam_nvic.o
 .debug_abbrev  0x00002933      0x2c7 src/ASF/sam0/boards/samc21_xplained_pro/board_init.o
 .debug_abbrev  0x00002bfa      0x445 src/ASF/sam0/drivers/can/can.o
 .debug_abbrev  0x0000303f      0x283 src/ASF/sam0/drivers/port/port.o
 .debug_abbrev  0x000032c2      0x3aa src/ASF/sam0/drivers/sercom/sercom.o
 .debug_abbrev  0x0000366c      0x2d8 src/ASF/sam0/drivers/sercom/sercom_interrupt.o
 .debug_abbrev  0x00003944      0x477 src/ASF/sam0/drivers/sercom/usart/usart.o
 .debug_abbrev  0x00003dbb      0x416 src/ASF/sam0/drivers/sercom/usart/usart_interrupt.o
 .debug_abbrev  0x000041d1      0x449 src/ASF/sam0/drivers/system/clock/clock_samc20_c21/clock.o
 .debug_abbrev  0x0000461a      0x405 src/ASF/sam0/drivers/system/clock/clock_samc20_c21/gclk.o
 .debug_abbrev  0x00004a1f      0x366 src/ASF/sam0/drivers/system/pinmux/pinmux.o
 .debug_abbrev  0x00004d85      0x1e1 src/ASF/sam0/drivers/system/system.o
 .debug_abbrev  0x00004f66      0x14f src/ASF/sam0/utils/cmsis/samc21/source/gcc/startup_samc21.o
 .debug_abbrev  0x000050b5      0x218 src/ASF/sam0/utils/stdio/read.o
 .debug_abbrev  0x000052cd      0x203 src/ASF/sam0/utils/stdio/write.o
 .debug_abbrev  0x000054d0      0x257 src/ASF/sam0/utils/syscalls/gcc/syscalls.o
 .debug_abbrev  0x00005727      0x629 src/main.o

.debug_loc      0x00000000     0x967d
 .debug_loc     0x00000000      0x9af src/ASF/sam0/drivers/adc/adc_sam_l_c/adc.o
 .debug_loc     0x000009af      0x33e src/ASF/sam0/drivers/adc/adc_sam_l_c/adc_callback.o
 .debug_loc     0x00000ced      0x6fb src/ASF/sam0/drivers/dac/dac_sam_d_c/dac.o
 .debug_loc     0x000013e8      0xa5f src/ASF/sam0/drivers/rtc/rtc_sam_l_c/rtc_calendar.o
 .debug_loc     0x00001e47      0x2ba src/ASF/sam0/drivers/rtc/rtc_sam_l_c/rtc_calendar_interrupt.o
 .debug_loc     0x00002101      0x253 src/ASF/sam0/drivers/tsens/tsens.o
 .debug_loc     0x00002354      0x1cb src/ASF/sam0/drivers/tsens/tsens_callback.o
 .debug_loc     0x0000251f      0x245 src/ASF/sam0/drivers/tcc/tcc_callback.o
 .debug_loc     0x00002764      0x582 src/ASF/sam0/drivers/events/events_hooks.o
 .debug_loc     0x00002ce6      0x40c src/ASF/sam0/drivers/events/events_sam_l_c/events.o
 .debug_loc     0x000030f2       0x8a src/ASF/sam0/boards/samc21_xplained_pro/board_init.o
 .debug_loc     0x0000317c      0xab2 src/ASF/sam0/drivers/can/can.o
 .debug_loc     0x00003c2e      0x13d src/ASF/sam0/drivers/port/port.o
 .debug_loc     0x00003d6b      0xabb src/ASF/sam0/drivers/sercom/sercom.o
 .debug_loc     0x00004826      0x161 src/ASF/sam0/drivers/sercom/sercom_interrupt.o
 .debug_loc     0x00004987      0xe0e src/ASF/sam0/drivers/sercom/usart/usart.o
 .debug_loc     0x00005795      0x711 src/ASF/sam0/drivers/sercom/usart/usart_interrupt.o
 .debug_loc     0x00005ea6      0xe1c src/ASF/sam0/drivers/system/clock/clock_samc20_c21/clock.o
 .debug_loc     0x00006cc2      0x4dd src/ASF/sam0/drivers/system/clock/clock_samc20_c21/gclk.o
 .debug_loc     0x0000719f      0x36d src/ASF/sam0/drivers/system/pinmux/pinmux.o
 .debug_loc     0x0000750c       0x20 src/ASF/sam0/drivers/system/system.o
 .debug_loc     0x0000752c       0x40 src/ASF/sam0/utils/cmsis/samc21/source/gcc/startup_samc21.o
 .debug_loc     0x0000756c       0xca src/ASF/sam0/utils/stdio/read.o
 .debug_loc     0x00007636      0x130 src/ASF/sam0/utils/stdio/write.o
 .debug_loc     0x00007766       0xef src/ASF/sam0/utils/syscalls/gcc/syscalls.o
 .debug_loc     0x00007855     0x1e28 src/main.o

.debug_aranges  0x00000000      0x930
 .debug_aranges
                0x00000000       0x38 src/ASF/sam0/drivers/adc/adc_sam_l_c/adc.o
 .debug_aranges
                0x00000038       0x58 src/ASF/sam0/drivers/adc/adc_sam_l_c/adc_callback.o
 .debug_aranges
                0x00000090       0xa8 src/ASF/sam0/drivers/dac/dac_sam_d_c/dac.o
 .debug_aranges
                0x00000138       0x78 src/ASF/sam0/drivers/rtc/rtc_sam_l_c/rtc_calendar.o
 .debug_aranges
                0x000001b0       0x40 src/ASF/sam0/drivers/rtc/rtc_sam_l_c/rtc_calendar_interrupt.o
 .debug_aranges
                0x000001f0       0x30 src/ASF/sam0/drivers/tsens/tsens.o
 .debug_aranges
                0x00000220       0x38 src/ASF/sam0/drivers/tsens/tsens_callback.o
 .debug_aranges
                0x00000258       0x58 src/ASF/sam0/drivers/tcc/tcc_callback.o
 .debug_aranges
                0x000002b0       0x58 src/ASF/sam0/drivers/events/events_hooks.o
 .debug_aranges
                0x00000308       0x80 src/ASF/sam0/drivers/events/events_sam_l_c/events.o
 .debug_aranges
                0x00000388       0x28 src/ASF/common/utils/interrupt/interrupt_sam_nvic.o
 .debug_aranges
                0x000003b0       0x20 src/ASF/sam0/boards/samc21_xplained_pro/board_init.o
 .debug_aranges
                0x000003d0       0xd0 src/ASF/sam0/drivers/can/can.o
 .debug_aranges
                0x000004a0       0x28 src/ASF/sam0/drivers/port/port.o
 .debug_aranges
                0x000004c8       0x40 src/ASF/sam0/drivers/sercom/sercom.o
 .debug_aranges
                0x00000508       0x60 src/ASF/sam0/drivers/sercom/sercom_interrupt.o
 .debug_aranges
                0x00000568       0x40 src/ASF/sam0/drivers/sercom/usart/usart.o
 .debug_aranges
                0x000005a8       0x70 src/ASF/sam0/drivers/sercom/usart/usart_interrupt.o
 .debug_aranges
                0x00000618       0x78 src/ASF/sam0/drivers/system/clock/clock_samc20_c21/clock.o
 .debug_aranges
                0x00000690       0x80 src/ASF/sam0/drivers/system/clock/clock_samc20_c21/gclk.o
 .debug_aranges
                0x00000710       0x40 src/ASF/sam0/drivers/system/pinmux/pinmux.o
 .debug_aranges
                0x00000750       0x28 src/ASF/sam0/drivers/system/system.o
 .debug_aranges
                0x00000778       0x28 src/ASF/sam0/utils/cmsis/samc21/source/gcc/startup_samc21.o
 .debug_aranges
                0x000007a0       0x20 src/ASF/sam0/utils/stdio/read.o
 .debug_aranges
                0x000007c0       0x20 src/ASF/sam0/utils/stdio/write.o
 .debug_aranges
                0x000007e0       0x60 src/ASF/sam0/utils/syscalls/gcc/syscalls.o
 .debug_aranges
                0x00000840       0xf0 src/main.o

.debug_ranges   0x00000000      0xbb8
 .debug_ranges  0x00000000       0xe8 src/ASF/sam0/drivers/adc/adc_sam_l_c/adc.o
 .debug_ranges  0x000000e8       0x48 src/ASF/sam0/drivers/adc/adc_sam_l_c/adc_callback.o
 .debug_ranges  0x00000130       0xb8 src/ASF/sam0/drivers/dac/dac_sam_d_c/dac.o
 .debug_ranges  0x000001e8       0xb0 src/ASF/sam0/drivers/rtc/rtc_sam_l_c/rtc_calendar.o
 .debug_ranges  0x00000298       0x68 src/ASF/sam0/drivers/rtc/rtc_sam_l_c/rtc_calendar_interrupt.o
 .debug_ranges  0x00000300       0x20 src/ASF/sam0/drivers/tsens/tsens.o
 .debug_ranges  0x00000320       0x28 src/ASF/sam0/drivers/tsens/tsens_callback.o
 .debug_ranges  0x00000348       0x48 src/ASF/sam0/drivers/tcc/tcc_callback.o
 .debug_ranges  0x00000390       0x48 src/ASF/sam0/drivers/events/events_hooks.o
 .debug_ranges  0x000003d8       0xa0 src/ASF/sam0/drivers/events/events_sam_l_c/events.o
 .debug_ranges  0x00000478       0x18 src/ASF/common/utils/interrupt/interrupt_sam_nvic.o
 .debug_ranges  0x00000490       0x10 src/ASF/sam0/boards/samc21_xplained_pro/board_init.o
 .debug_ranges  0x000004a0       0xe0 src/ASF/sam0/drivers/can/can.o
 .debug_ranges  0x00000580       0x18 src/ASF/sam0/drivers/port/port.o
 .debug_ranges  0x00000598       0x68 src/ASF/sam0/drivers/sercom/sercom.o
 .debug_ranges  0x00000600       0x50 src/ASF/sam0/drivers/sercom/sercom_interrupt.o
 .debug_ranges  0x00000650      0x140 src/ASF/sam0/drivers/sercom/usart/usart.o
 .debug_ranges  0x00000790       0x60 src/ASF/sam0/drivers/sercom/usart/usart_interrupt.o
 .debug_ranges  0x000007f0       0x80 src/ASF/sam0/drivers/system/clock/clock_samc20_c21/clock.o
 .debug_ranges  0x00000870       0x88 src/ASF/sam0/drivers/system/clock/clock_samc20_c21/gclk.o
 .debug_ranges  0x000008f8       0x30 src/ASF/sam0/drivers/system/pinmux/pinmux.o
 .debug_ranges  0x00000928       0x18 src/ASF/sam0/drivers/system/system.o
 .debug_ranges  0x00000940       0x18 src/ASF/sam0/utils/cmsis/samc21/source/gcc/startup_samc21.o
 .debug_ranges  0x00000958       0x10 src/ASF/sam0/utils/stdio/read.o
 .debug_ranges  0x00000968       0x10 src/ASF/sam0/utils/stdio/write.o
 .debug_ranges  0x00000978       0x50 src/ASF/sam0/utils/syscalls/gcc/syscalls.o
 .debug_ranges  0x000009c8      0x1f0 src/main.o

.debug_macro    0x00000000    0x238b3
 .debug_macro   0x00000000      0x6a6 src/ASF/sam0/drivers/adc/adc_sam_l_c/adc.o
 .debug_macro   0x000006a6      0x8d4 src/ASF/sam0/drivers/adc/adc_sam_l_c/adc.o
 .debug_macro   0x00000f7a      0x16d src/ASF/sam0/drivers/adc/adc_sam_l_c/adc.o
 .debug_macro   0x000010e7      0x652 src/ASF/sam0/drivers/adc/adc_sam_l_c/adc.o
 .debug_macro   0x00001739       0x22 src/ASF/sam0/drivers/adc/adc_sam_l_c/adc.o
 .debug_macro   0x0000175b       0x87 src/ASF/sam0/drivers/adc/adc_sam_l_c/adc.o
 .debug_macro   0x000017e2       0x51 src/ASF/sam0/drivers/adc/adc_sam_l_c/adc.o
 .debug_macro   0x00001833       0xef src/ASF/sam0/drivers/adc/adc_sam_l_c/adc.o
 .debug_macro   0x00001922       0x6a src/ASF/sam0/drivers/adc/adc_sam_l_c/adc.o
 .debug_macro   0x0000198c      0x1df src/ASF/sam0/drivers/adc/adc_sam_l_c/adc.o
 .debug_macro   0x00001b6b       0x10 src/ASF/sam0/drivers/adc/adc_sam_l_c/adc.o
 .debug_macro   0x00001b7b       0x76 src/ASF/sam0/drivers/adc/adc_sam_l_c/adc.o
 .debug_macro   0x00001bf1       0x16 src/ASF/sam0/drivers/adc/adc_sam_l_c/adc.o
 .debug_macro   0x00001c07      0x6e5 src/ASF/sam0/drivers/adc/adc_sam_l_c/adc.o
 .debug_macro   0x000022ec      0xde2 src/ASF/sam0/drivers/adc/adc_sam_l_c/adc.o
 .debug_macro   0x000030ce       0x22 src/ASF/sam0/drivers/adc/adc_sam_l_c/adc.o
 .debug_macro   0x000030f0       0x40 src/ASF/sam0/drivers/adc/adc_sam_l_c/adc.o
 .debug_macro   0x00003130       0x3a src/ASF/sam0/drivers/adc/adc_sam_l_c/adc.o
 .debug_macro   0x0000316a       0x1f src/ASF/sam0/drivers/adc/adc_sam_l_c/adc.o
 .debug_macro   0x00003189      0x376 src/ASF/sam0/drivers/adc/adc_sam_l_c/adc.o
 .debug_macro   0x000034ff      0x897 src/ASF/sam0/drivers/adc/adc_sam_l_c/adc.o
 .debug_macro   0x00003d96      0x8c8 src/ASF/sam0/drivers/adc/adc_sam_l_c/adc.o
 .debug_macro   0x0000465e     0x2d61 src/ASF/sam0/drivers/adc/adc_sam_l_c/adc.o
 .debug_macro   0x000073bf      0x226 src/ASF/sam0/drivers/adc/adc_sam_l_c/adc.o
 .debug_macro   0x000075e5      0x289 src/ASF/sam0/drivers/adc/adc_sam_l_c/adc.o
 .debug_macro   0x0000786e      0x13b src/ASF/sam0/drivers/adc/adc_sam_l_c/adc.o
 .debug_macro   0x000079a9      0xc44 src/ASF/sam0/drivers/adc/adc_sam_l_c/adc.o
 .debug_macro   0x000085ed      0x5f0 src/ASF/sam0/drivers/adc/adc_sam_l_c/adc.o
 .debug_macro   0x00008bdd      0x5c3 src/ASF/sam0/drivers/adc/adc_sam_l_c/adc.o
 .debug_macro   0x000091a0      0x832 src/ASF/sam0/drivers/adc/adc_sam_l_c/adc.o
 .debug_macro   0x000099d2      0x175 src/ASF/sam0/drivers/adc/adc_sam_l_c/adc.o
 .debug_macro   0x00009b47      0x289 src/ASF/sam0/drivers/adc/adc_sam_l_c/adc.o
 .debug_macro   0x00009dd0      0x55f src/ASF/sam0/drivers/adc/adc_sam_l_c/adc.o
 .debug_macro   0x0000a32f      0x43d src/ASF/sam0/drivers/adc/adc_sam_l_c/adc.o
 .debug_macro   0x0000a76c      0x225 src/ASF/sam0/drivers/adc/adc_sam_l_c/adc.o
 .debug_macro   0x0000a991      0x7aa src/ASF/sam0/drivers/adc/adc_sam_l_c/adc.o
 .debug_macro   0x0000b13b      0x55a src/ASF/sam0/drivers/adc/adc_sam_l_c/adc.o
 .debug_macro   0x0000b695      0x335 src/ASF/sam0/drivers/adc/adc_sam_l_c/adc.o
 .debug_macro   0x0000b9ca      0x6ae src/ASF/sam0/drivers/adc/adc_sam_l_c/adc.o
 .debug_macro   0x0000c078       0xc4 src/ASF/sam0/drivers/adc/adc_sam_l_c/adc.o
 .debug_macro   0x0000c13c      0x34c src/ASF/sam0/drivers/adc/adc_sam_l_c/adc.o
 .debug_macro   0x0000c488       0x6a src/ASF/sam0/drivers/adc/adc_sam_l_c/adc.o
 .debug_macro   0x0000c4f2     0x1216 src/ASF/sam0/drivers/adc/adc_sam_l_c/adc.o
 .debug_macro   0x0000d708      0x5af src/ASF/sam0/drivers/adc/adc_sam_l_c/adc.o
 .debug_macro   0x0000dcb7      0xfc5 src/ASF/sam0/drivers/adc/adc_sam_l_c/adc.o
 .debug_macro   0x0000ec7c      0x5a1 src/ASF/sam0/drivers/adc/adc_sam_l_c/adc.o
 .debug_macro   0x0000f21d      0x3c5 src/ASF/sam0/drivers/adc/adc_sam_l_c/adc.o
 .debug_macro   0x0000f5e2      0x8bc src/ASF/sam0/drivers/adc/adc_sam_l_c/adc.o
 .debug_macro   0x0000fe9e     0x19cc src/ASF/sam0/drivers/adc/adc_sam_l_c/adc.o
 .debug_macro   0x0001186a      0x3a3 src/ASF/sam0/drivers/adc/adc_sam_l_c/adc.o
 .debug_macro   0x00011c0d      0x378 src/ASF/sam0/drivers/adc/adc_sam_l_c/adc.o
 .debug_macro   0x00011f85       0x94 src/ASF/sam0/drivers/adc/adc_sam_l_c/adc.o
 .debug_macro   0x00012019       0xac src/ASF/sam0/drivers/adc/adc_sam_l_c/adc.o
 .debug_macro   0x000120c5       0xac src/ASF/sam0/drivers/adc/adc_sam_l_c/adc.o
 .debug_macro   0x00012171      0x157 src/ASF/sam0/drivers/adc/adc_sam_l_c/adc.o
 .debug_macro   0x000122c8      0x157 src/ASF/sam0/drivers/adc/adc_sam_l_c/adc.o
 .debug_macro   0x0001241f       0x4c src/ASF/sam0/drivers/adc/adc_sam_l_c/adc.o
 .debug_macro   0x0001246b       0x58 src/ASF/sam0/drivers/adc/adc_sam_l_c/adc.o
 .debug_macro   0x000124c3       0x3a src/ASF/sam0/drivers/adc/adc_sam_l_c/adc.o
 .debug_macro   0x000124fd       0xd0 src/ASF/sam0/drivers/adc/adc_sam_l_c/adc.o
 .debug_macro   0x000125cd       0xb8 src/ASF/sam0/drivers/adc/adc_sam_l_c/adc.o
 .debug_macro   0x00012685       0x64 src/ASF/sam0/drivers/adc/adc_sam_l_c/adc.o
 .debug_macro   0x000126e9      0x608 src/ASF/sam0/drivers/adc/adc_sam_l_c/adc.o
 .debug_macro   0x00012cf1       0x46 src/ASF/sam0/drivers/adc/adc_sam_l_c/adc.o
 .debug_macro   0x00012d37      0x1cc src/ASF/sam0/drivers/adc/adc_sam_l_c/adc.o
 .debug_macro   0x00012f03      0x192 src/ASF/sam0/drivers/adc/adc_sam_l_c/adc.o
 .debug_macro   0x00013095       0x52 src/ASF/sam0/drivers/adc/adc_sam_l_c/adc.o
 .debug_macro   0x000130e7       0xa0 src/ASF/sam0/drivers/adc/adc_sam_l_c/adc.o
 .debug_macro   0x00013187       0xdc src/ASF/sam0/drivers/adc/adc_sam_l_c/adc.o
 .debug_macro   0x00013263       0x8e src/ASF/sam0/drivers/adc/adc_sam_l_c/adc.o
 .debug_macro   0x000132f1       0x4c src/ASF/sam0/drivers/adc/adc_sam_l_c/adc.o
 .debug_macro   0x0001333d       0x64 src/ASF/sam0/drivers/adc/adc_sam_l_c/adc.o
 .debug_macro   0x000133a1       0x22 src/ASF/sam0/drivers/adc/adc_sam_l_c/adc.o
 .debug_macro   0x000133c3      0x178 src/ASF/sam0/drivers/adc/adc_sam_l_c/adc.o
 .debug_macro   0x0001353b       0x16 src/ASF/sam0/drivers/adc/adc_sam_l_c/adc.o
 .debug_macro   0x00013551       0xd6 src/ASF/sam0/drivers/adc/adc_sam_l_c/adc.o
 .debug_macro   0x00013627       0xa0 src/ASF/sam0/drivers/adc/adc_sam_l_c/adc.o
 .debug_macro   0x000136c7      0x13e src/ASF/sam0/drivers/adc/adc_sam_l_c/adc.o
 .debug_macro   0x00013805      0x13e src/ASF/sam0/drivers/adc/adc_sam_l_c/adc.o
 .debug_macro   0x00013943      0x13e src/ASF/sam0/drivers/adc/adc_sam_l_c/adc.o
 .debug_macro   0x00013a81      0x13e src/ASF/sam0/drivers/adc/adc_sam_l_c/adc.o
 .debug_macro   0x00013bbf      0x13e src/ASF/sam0/drivers/adc/adc_sam_l_c/adc.o
 .debug_macro   0x00013cfd      0x13e src/ASF/sam0/drivers/adc/adc_sam_l_c/adc.o
 .debug_macro   0x00013e3b       0x4c src/ASF/sam0/drivers/adc/adc_sam_l_c/adc.o
 .debug_macro   0x00013e87      0x176 src/ASF/sam0/drivers/adc/adc_sam_l_c/adc.o
 .debug_macro   0x00013ffd       0xfa src/ASF/sam0/drivers/adc/adc_sam_l_c/adc.o
 .debug_macro   0x000140f7       0xfa src/ASF/sam0/drivers/adc/adc_sam_l_c/adc.o
 .debug_macro   0x000141f1       0xfa src/ASF/sam0/drivers/adc/adc_sam_l_c/adc.o
 .debug_macro   0x000142eb       0xfa src/ASF/sam0/drivers/adc/adc_sam_l_c/adc.o
 .debug_macro   0x000143e5       0xfa src/ASF/sam0/drivers/adc/adc_sam_l_c/adc.o
 .debug_macro   0x000144df      0x124 src/ASF/sam0/drivers/adc/adc_sam_l_c/adc.o
 .debug_macro   0x00014603       0xfa src/ASF/sam0/drivers/adc/adc_sam_l_c/adc.o
 .debug_macro   0x000146fd       0xee src/ASF/sam0/drivers/adc/adc_sam_l_c/adc.o
 .debug_macro   0x000147eb       0x76 src/ASF/sam0/drivers/adc/adc_sam_l_c/adc.o
 .debug_macro   0x00014861       0x3a src/ASF/sam0/drivers/adc/adc_sam_l_c/adc.o
 .debug_macro   0x0001489b      0x487 src/ASF/sam0/drivers/adc/adc_sam_l_c/adc.o
 .debug_macro   0x00014d22     0x268d src/ASF/sam0/drivers/adc/adc_sam_l_c/adc.o
 .debug_macro   0x000173af       0x82 src/ASF/sam0/drivers/adc/adc_sam_l_c/adc.o
 .debug_macro   0x00017431       0x52 src/ASF/sam0/drivers/adc/adc_sam_l_c/adc.o
 .debug_macro   0x00017483       0x35 src/ASF/sam0/drivers/adc/adc_sam_l_c/adc.o
 .debug_macro   0x000174b8       0x9c src/ASF/sam0/drivers/adc/adc_sam_l_c/adc.o
 .debug_macro   0x00017554       0x16 src/ASF/sam0/drivers/adc/adc_sam_l_c/adc.o
 .debug_macro   0x0001756a       0x35 src/ASF/sam0/drivers/adc/adc_sam_l_c/adc.o
 .debug_macro   0x0001759f      0x330 src/ASF/sam0/drivers/adc/adc_sam_l_c/adc.o
 .debug_macro   0x000178cf       0x10 src/ASF/sam0/drivers/adc/adc_sam_l_c/adc.o